Change Component Designator: Old Designator=BT? New Designator=BT2
Change Component Designator: Old Designator=BT? New Designator=BT3
Change Component Designator: Old Designator=BT? New Designator=BT4
Change Component Designator: Old Designator=BT? New Designator=BT5
Change Component Designator: Old Designator=C? New Designator=C169
Change Component Designator: Old Designator=C? New Designator=C170
Change Component Designator: Old Designator=C? New Designator=C171
Change Component Designator: Old Designator=C? New Designator=C172
Change Component Designator: Old Designator=D? New Designator=D7
Change Component Designator: Old Designator=Q? New Designator=Q6
Change Component Designator: Old Designator=Q? New Designator=Q7
Change Component Designator: Old Designator=Q? New Designator=Q8
Change Component Designator: Old Designator=R? New Designator=R197
Change Component Designator: Old Designator=R? New Designator=R198
Change Component Designator: Old Designator=R? New Designator=R199
Change Component Designator: Old Designator=R? New Designator=R200
Change Component Designator: Old Designator=R? New Designator=R201
Change Component Designator: Old Designator=R? New Designator=R202
Change Component Designator: Old Designator=R? New Designator=R203
Change Component Designator: Old Designator=R? New Designator=R204
Change Component Designator: Old Designator=R? New Designator=R205
