Change Component Designator: Old Designator=BT2 New Designator=BT?
Change Component Designator: Old Designator=BT3 New Designator=BT?
Change Component Designator: Old Designator=BT4 New Designator=BT?
Change Component Designator: Old Designator=BT5 New Designator=BT?
Change Component Designator: Old Designator=C164 New Designator=C?
Change Component Designator: Old Designator=C165 New Designator=C?
Change Component Designator: Old Designator=C166 New Designator=C?
Change Component Designator: Old Designator=C167 New Designator=C?
Change Component Designator: Old Designator=D7 New Designator=D?
Change Component Designator: Old Designator=Q6 New Designator=Q?
Change Component Designator: Old Designator=Q7 New Designator=Q?
Change Component Designator: Old Designator=Q8 New Designator=Q?
Change Component Designator: Old Designator=R144 New Designator=R?
Change Component Designator: Old Designator=R145 New Designator=R?
Change Component Designator: Old Designator=R146 New Designator=R?
Change Component Designator: Old Designator=R147 New Designator=R?
Change Component Designator: Old Designator=R148 New Designator=R?
Change Component Designator: Old Designator=R149 New Designator=R?
Change Component Designator: Old Designator=R150 New Designator=R?
Change Component Designator: Old Designator=R151 New Designator=R?
Change Component Designator: Old Designator=R152 New Designator=R?
