Change Component Designator: Old Designator=BT2 New Designator=BT?
Change Component Designator: Old Designator=BT3 New Designator=BT?
Change Component Designator: Old Designator=BT4 New Designator=BT?
Change Component Designator: Old Designator=BT5 New Designator=BT?
Change Component Designator: Old Designator=C169 New Designator=C?
Change Component Designator: Old Designator=C170 New Designator=C?
Change Component Designator: Old Designator=C171 New Designator=C?
Change Component Designator: Old Designator=C172 New Designator=C?
Change Component Designator: Old Designator=D7 New Designator=D?
Change Component Designator: Old Designator=Q6 New Designator=Q?
Change Component Designator: Old Designator=Q7 New Designator=Q?
Change Component Designator: Old Designator=Q8 New Designator=Q?
Change Component Designator: Old Designator=R197 New Designator=R?
Change Component Designator: Old Designator=R198 New Designator=R?
Change Component Designator: Old Designator=R199 New Designator=R?
Change Component Designator: Old Designator=R200 New Designator=R?
Change Component Designator: Old Designator=R201 New Designator=R?
Change Component Designator: Old Designator=R202 New Designator=R?
Change Component Designator: Old Designator=R203 New Designator=R?
Change Component Designator: Old Designator=R204 New Designator=R?
Change Component Designator: Old Designator=R205 New Designator=R?
