Change Component Designator: Old Designator=BT? New Designator=BT2
Change Component Designator: Old Designator=BT? New Designator=BT3
Change Component Designator: Old Designator=BT? New Designator=BT4
Change Component Designator: Old Designator=BT? New Designator=BT5
Change Component Designator: Old Designator=C? New Designator=C167
Change Component Designator: Old Designator=C? New Designator=C168
Change Component Designator: Old Designator=C? New Designator=C169
Change Component Designator: Old Designator=C? New Designator=C170
Change Component Designator: Old Designator=D? New Designator=D6
Change Component Designator: Old Designator=J? New Designator=J18
Change Component Designator: Old Designator=J? New Designator=J19
Change Component Designator: Old Designator=Q? New Designator=Q7
Change Component Designator: Old Designator=Q? New Designator=Q8
Change Component Designator: Old Designator=Q? New Designator=Q9
Change Component Designator: Old Designator=R? New Designator=R201
Change Component Designator: Old Designator=R? New Designator=R202
Change Component Designator: Old Designator=R? New Designator=R203
Change Component Designator: Old Designator=R? New Designator=R204
Change Component Designator: Old Designator=R? New Designator=R205
Change Component Designator: Old Designator=R? New Designator=R206
Change Component Designator: Old Designator=R? New Designator=R207
Change Component Designator: Old Designator=R? New Designator=R208
Change Component Designator: Old Designator=R? New Designator=R209
Change Component Designator: Old Designator=R? New Designator=R210
Change Component Designator: Old Designator=R? New Designator=R211
