Removed Pin From Net: NetName=NetCR1_1 Pin=CR1-1
Removed Pin From Net: NetName=NetCR1_6 Pin=CR1-6
Removed Pin From Net: NetName=NetCR2_3 Pin=CR2-3
Removed Pin From Net: NetName=NetCR2_4 Pin=CR2-4
Removed Pin From Net: NetName=NetCR2_6 Pin=CR2-6
Removed Pin From Net: NetName=STX_GPIO Pin=Q2-1
Removed Pin From Net: NetName=GND Pin=Q2-2
Removed Pin From Net: NetName=GND Pin=R8-2
Removed Pin From Net: NetName=3V3 Pin=R133-1
Removed Pin From Net: NetName=FLEXCOM10_I2C_SDA Pin=R133-2
Removed Pin From Net: NetName=3V3 Pin=R141-1
Removed Pin From Net: NetName=FLEXCOM10_I2C_SCL Pin=R141-2
Removed Pin From Net: NetName=3V3 Pin=R148-1
Removed Pin From Net: NetName=3V3 Pin=U3-9
Removed Pin From Net: NetName=VDDIODDR Pin=U3-16
Removed Pin From Net: NetName=VDDCORE Pin=U3-25
Removed Pin From Net: NetName=VDDCPU Pin=U3-32
Removed Member From Class: ClassName=SAMA7D65_PMIC Member=C35
Removed Member From Class: ClassName=SAMA7D65_MPU Member=C79
Removed Member From Class: ClassName=LVDS Member=C175
Removed Member From Class: ClassName=CAN_PHY Member=C176
Removed Member From Class: ClassName=LVDS Member=C176
Removed Member From Class: ClassName=CAN_PHY Member=C177
Removed Member From Class: ClassName=LVDS Member=C177
Removed Member From Class: ClassName=CAN_PHY Member=C179
Removed Member From Class: ClassName=CONNECTOR Member=J5
Removed Member From Class: ClassName=CONNECTOR Member=J6
Removed Member From Class: ClassName=CONNECTOR Member=J7
Removed Member From Class: ClassName=CONNECTOR Member=J8
Removed Member From Class: ClassName=CONNECTOR Member=J9
Removed Member From Class: ClassName=CONNECTOR Member=J10
Removed Member From Class: ClassName=CONNECTOR Member=J11
Removed Member From Class: ClassName=POWER Member=Q1
Removed Member From Class: ClassName=SAMA7D65_PIO Member=Q2
Removed Member From Class: ClassName=POWER Member=R13
Removed Member From Class: ClassName=POWER Member=R14
Removed Member From Class: ClassName=CONNECTOR Member=R32
Removed Member From Class: ClassName=CONNECTOR Member=R34
Removed Member From Class: ClassName=CONNECTOR Member=R36
Removed Member From Class: ClassName=CONNECTOR Member=R38
Removed Member From Class: ClassName=CONNECTOR Member=R40
Removed Member From Class: ClassName=CONNECTOR Member=R42
Removed Member From Class: ClassName=CONNECTOR Member=R44
Removed Member From Class: ClassName=CONNECTOR Member=R46
Removed Member From Class: ClassName=CONNECTOR Member=R48
Removed Member From Class: ClassName=CONNECTOR Member=R50
Removed Member From Class: ClassName=SAMA7D65_PMIC Member=R50
Removed Member From Class: ClassName=CONNECTOR Member=R52
Removed Member From Class: ClassName=SAMA7D65_PMIC Member=R52
Removed Member From Class: ClassName=CONNECTOR Member=R54
Removed Member From Class: ClassName=SAMA7D65_PMIC Member=R54
Removed Member From Class: ClassName=CONNECTOR Member=R56
Removed Member From Class: ClassName=SAMA7D65_PMIC Member=R56
Removed Member From Class: ClassName=CONNECTOR Member=R58
Removed Member From Class: ClassName=SAMA7D65_PMIC Member=R58
Removed Member From Class: ClassName=CONNECTOR Member=R60
Removed Member From Class: ClassName=SAMA7D65_PMIC Member=R60
Removed Member From Class: ClassName=CONNECTOR Member=R62
Removed Member From Class: ClassName=SAMA7D65_PMIC Member=R62
Removed Member From Class: ClassName=CONNECTOR Member=R64
Removed Member From Class: ClassName=SAMA7D65_PMIC Member=R64
Removed Member From Class: ClassName=SAMA7D65_MPU Member=R69
Removed Member From Class: ClassName=SAMA7D65_MPU Member=R71
Removed Member From Class: ClassName=SAMA7D65_MPU Member=R96
Removed Member From Class: ClassName=SAMA7D65_PIO Member=R160
Removed Member From Class: ClassName=SAMA7D65_PIO Member=R161
Removed Member From Class: ClassName=SAMA7D65_PIO Member=R163
Removed Member From Class: ClassName=SAMA7D65_PIO Member=R164
Removed Member From Class: ClassName=eMMC Member=R188
Removed Member From Class: ClassName=SAMA7D65_PIO Member=R188
Removed Member From Class: ClassName=eMMC Member=R190
Removed Member From Class: ClassName=SAMA7D65_PIO Member=R190
Removed Member From Class: ClassName=eMMC Member=R192
Removed Member From Class: ClassName=SAMA7D65_PIO Member=R192
Removed Member From Class: ClassName=eMMC Member=R194
Removed Member From Class: ClassName=SAMA7D65_DDR3L Member=R201
Removed Member From Class: ClassName=SAMA7D65_PIO Member=R201
Removed Member From Class: ClassName=SDCARD Member=R201
Removed Member From Class: ClassName=SDCARD Member=R202
Removed Member From Class: ClassName=eMMC Member=R203
Removed Member From Class: ClassName=SDCARD Member=R203
Removed Member From Class: ClassName=eMMC Member=R204
Removed Member From Class: ClassName=SAMA7D65_PIO Member=R204
Removed Member From Class: ClassName=SDCARD Member=R204
Removed Member From Class: ClassName=DEBUG Member=R207
Removed Member From Class: ClassName=DEBUG Member=R208
Removed Member From Class: ClassName=eMMC Member=R208
Removed Member From Class: ClassName=SAMA7D65_PIO Member=R208
Removed Member From Class: ClassName=DEBUG Member=R212
Removed Member From Class: ClassName=eMMC Member=R212
Removed Member From Class: ClassName=SAMA7D65_PIO Member=R212
Removed Member From Class: ClassName=DEBUG Member=R214
Removed Member From Class: ClassName=eMMC Member=R214
Removed Member From Class: ClassName=SAMA7D65_PIO Member=R214
Removed Member From Class: ClassName=DEBUG Member=R219
Removed Member From Class: ClassName=eMMC Member=R219
Removed Member From Class: ClassName=eMMC Member=R230
Removed Member From Class: ClassName=USB Member=R230
Removed Member From Class: ClassName=WATCHDOG Member=R230
Removed Member From Class: ClassName=EEPROM Member=U7
Removed Member From Class: ClassName=USB Member=U9
Removed Member From Class: ClassName=LVDS Member=U14
Change Component Comment : Designator=R32 Old Comment=1k New Comment=0R
Change Component Comment : Designator=R9 Old Comment=1k New Comment=10k
Change Component Comment : Designator=R50 Old Comment=1k New Comment=10k
Change Component Designator: OldDesignator=J10 NewDesignator=J11
Change Component Designator: OldDesignator=J11 NewDesignator=J10
Change Component Designator: OldDesignator=R6 NewDesignator=R5
Change Component Designator: OldDesignator=R7 NewDesignator=R6
Change Component Designator: OldDesignator=R9 NewDesignator=R7
Change Component Designator: OldDesignator=R10 NewDesignator=R8
Change Component Designator: OldDesignator=R11 NewDesignator=R9
Change Component Designator: OldDesignator=R12 NewDesignator=R10
Change Component Designator: OldDesignator=R13 NewDesignator=R11
Change Component Designator: OldDesignator=R14 NewDesignator=R12
Change Component Designator: OldDesignator=R15 NewDesignator=R13
Change Component Designator: OldDesignator=R16 NewDesignator=R14
Change Component Designator: OldDesignator=R17 NewDesignator=R15
Change Component Designator: OldDesignator=R18 NewDesignator=R16
Change Component Designator: OldDesignator=R19 NewDesignator=R17
Change Component Designator: OldDesignator=R20 NewDesignator=R18
Change Component Designator: OldDesignator=R21 NewDesignator=R19
Change Component Designator: OldDesignator=R22 NewDesignator=R20
Change Component Designator: OldDesignator=R23 NewDesignator=R21
Change Component Designator: OldDesignator=R24 NewDesignator=R22
Change Component Designator: OldDesignator=R25 NewDesignator=R23
Change Component Designator: OldDesignator=R26 NewDesignator=R24
Change Component Designator: OldDesignator=R27 NewDesignator=R25
Change Component Designator: OldDesignator=R28 NewDesignator=R26
Change Component Designator: OldDesignator=R29 NewDesignator=R27
Change Component Designator: OldDesignator=R30 NewDesignator=R28
Change Component Designator: OldDesignator=R31 NewDesignator=R29
Change Component Designator: OldDesignator=R32 NewDesignator=R30
Change Component Designator: OldDesignator=R33 NewDesignator=R31
Change Component Designator: OldDesignator=R34 NewDesignator=R32
Change Component Designator: OldDesignator=R35 NewDesignator=R33
Change Component Designator: OldDesignator=R36 NewDesignator=R34
Change Component Designator: OldDesignator=R37 NewDesignator=R35
Change Component Designator: OldDesignator=R38 NewDesignator=R36
Change Component Designator: OldDesignator=R39 NewDesignator=R37
Change Component Designator: OldDesignator=R40 NewDesignator=R38
Change Component Designator: OldDesignator=R41 NewDesignator=R39
Change Component Designator: OldDesignator=R42 NewDesignator=R40
Change Component Designator: OldDesignator=R43 NewDesignator=R41
Change Component Designator: OldDesignator=R44 NewDesignator=R42
Change Component Designator: OldDesignator=R45 NewDesignator=R43
Change Component Designator: OldDesignator=R46 NewDesignator=R44
Change Component Designator: OldDesignator=R47 NewDesignator=R45
Change Component Designator: OldDesignator=R48 NewDesignator=R46
Change Component Designator: OldDesignator=R49 NewDesignator=R47
Change Component Designator: OldDesignator=R50 NewDesignator=R48
Change Component Designator: OldDesignator=R51 NewDesignator=R49
Change Component Designator: OldDesignator=R52 NewDesignator=R50
Change Component Designator: OldDesignator=R53 NewDesignator=R51
Change Component Designator: OldDesignator=R54 NewDesignator=R52
Change Component Designator: OldDesignator=R55 NewDesignator=R53
Change Component Designator: OldDesignator=R56 NewDesignator=R54
Change Component Designator: OldDesignator=R57 NewDesignator=R55
Change Component Designator: OldDesignator=R58 NewDesignator=R56
Change Component Designator: OldDesignator=R59 NewDesignator=R57
Change Component Designator: OldDesignator=R60 NewDesignator=R58
Change Component Designator: OldDesignator=R61 NewDesignator=R59
Change Component Designator: OldDesignator=R62 NewDesignator=R60
Change Component Designator: OldDesignator=R63 NewDesignator=R61
Change Component Designator: OldDesignator=R64 NewDesignator=R62
Change Component Designator: OldDesignator=R65 NewDesignator=R63
Change Component Designator: OldDesignator=R66 NewDesignator=R64
Change Component Designator: OldDesignator=R67 NewDesignator=R65
Change Component Designator: OldDesignator=R68 NewDesignator=R66
Change Component Designator: OldDesignator=R69 NewDesignator=R67
Change Component Designator: OldDesignator=R70 NewDesignator=R68
Change Component Designator: OldDesignator=R71 NewDesignator=R69
Change Component Designator: OldDesignator=R72 NewDesignator=R70
Change Component Designator: OldDesignator=R73 NewDesignator=R71
Change Component Designator: OldDesignator=R74 NewDesignator=R72
Change Component Designator: OldDesignator=R75 NewDesignator=R73
Change Component Designator: OldDesignator=R76 NewDesignator=R74
Change Component Designator: OldDesignator=R77 NewDesignator=R75
Change Component Designator: OldDesignator=R78 NewDesignator=R76
Change Component Designator: OldDesignator=R79 NewDesignator=R77
Change Component Designator: OldDesignator=R80 NewDesignator=R78
Change Component Designator: OldDesignator=R81 NewDesignator=R79
Change Component Designator: OldDesignator=R82 NewDesignator=R80
Change Component Designator: OldDesignator=R83 NewDesignator=R81
Change Component Designator: OldDesignator=R84 NewDesignator=R82
Change Component Designator: OldDesignator=R85 NewDesignator=R83
Change Component Designator: OldDesignator=R86 NewDesignator=R84
Change Component Designator: OldDesignator=R87 NewDesignator=R85
Change Component Designator: OldDesignator=R88 NewDesignator=R86
Change Component Designator: OldDesignator=R89 NewDesignator=R87
Change Component Designator: OldDesignator=R90 NewDesignator=R88
Change Component Designator: OldDesignator=R91 NewDesignator=R89
Change Component Designator: OldDesignator=R92 NewDesignator=R90
Change Component Designator: OldDesignator=R93 NewDesignator=R91
Change Component Designator: OldDesignator=R94 NewDesignator=R92
Change Component Designator: OldDesignator=R95 NewDesignator=R93
Change Component Designator: OldDesignator=R96 NewDesignator=R94
Change Component Designator: OldDesignator=R97 NewDesignator=R95
Change Component Designator: OldDesignator=R99 NewDesignator=R97
Change Component Designator: OldDesignator=R101 NewDesignator=R99
Change Component Designator: OldDesignator=R102 NewDesignator=R100
Change Component Designator: OldDesignator=R103 NewDesignator=R101
Change Component Designator: OldDesignator=R104 NewDesignator=R102
Change Component Designator: OldDesignator=R105 NewDesignator=R103
Change Component Designator: OldDesignator=R106 NewDesignator=R104
Change Component Designator: OldDesignator=R107 NewDesignator=R105
Change Component Designator: OldDesignator=R108 NewDesignator=R106
Change Component Designator: OldDesignator=R109 NewDesignator=R107
Change Component Designator: OldDesignator=R110 NewDesignator=R108
Change Component Designator: OldDesignator=R111 NewDesignator=R109
Change Component Designator: OldDesignator=R112 NewDesignator=R110
Change Component Designator: OldDesignator=R113 NewDesignator=R111
Change Component Designator: OldDesignator=R114 NewDesignator=R112
Change Component Designator: OldDesignator=R115 NewDesignator=R113
Change Component Designator: OldDesignator=R116 NewDesignator=R114
Change Component Designator: OldDesignator=R117 NewDesignator=R115
Change Component Designator: OldDesignator=R118 NewDesignator=R116
Change Component Designator: OldDesignator=R119 NewDesignator=R117
Change Component Designator: OldDesignator=R120 NewDesignator=R118
Change Component Designator: OldDesignator=R121 NewDesignator=R119
Change Component Designator: OldDesignator=R122 NewDesignator=R120
Change Component Designator: OldDesignator=R123 NewDesignator=R121
Change Component Designator: OldDesignator=R124 NewDesignator=R122
Change Component Designator: OldDesignator=R125 NewDesignator=R123
Change Component Designator: OldDesignator=R126 NewDesignator=R124
Change Component Designator: OldDesignator=R127 NewDesignator=R125
Change Component Designator: OldDesignator=R128 NewDesignator=R126
Change Component Designator: OldDesignator=R129 NewDesignator=R127
Change Component Designator: OldDesignator=R130 NewDesignator=R128
Change Component Designator: OldDesignator=R131 NewDesignator=R129
Change Component Designator: OldDesignator=R132 NewDesignator=R130
Change Component Designator: OldDesignator=R134 NewDesignator=R132
Change Component Designator: OldDesignator=R135 NewDesignator=R133
Change Component Designator: OldDesignator=R136 NewDesignator=R134
Change Component Designator: OldDesignator=R137 NewDesignator=R135
Change Component Designator: OldDesignator=R138 NewDesignator=R136
Change Component Designator: OldDesignator=R139 NewDesignator=R137
Change Component Designator: OldDesignator=R140 NewDesignator=R138
Change Component Designator: OldDesignator=R142 NewDesignator=R140
Change Component Designator: OldDesignator=R143 NewDesignator=R141
Change Component Designator: OldDesignator=R144 NewDesignator=R142
Change Component Designator: OldDesignator=R145 NewDesignator=R143
Change Component Designator: OldDesignator=R146 NewDesignator=R144
Change Component Designator: OldDesignator=R147 NewDesignator=R145
Change Component Designator: OldDesignator=R149 NewDesignator=R147
Change Component Designator: OldDesignator=R150 NewDesignator=R148
Change Component Designator: OldDesignator=R151 NewDesignator=R149
Change Component Designator: OldDesignator=R152 NewDesignator=R150
Change Component Designator: OldDesignator=R153 NewDesignator=R151
Change Component Designator: OldDesignator=R154 NewDesignator=R152
Change Component Designator: OldDesignator=R155 NewDesignator=R153
Change Component Designator: OldDesignator=R156 NewDesignator=R154
Change Component Designator: OldDesignator=R157 NewDesignator=R155
Change Component Designator: OldDesignator=R158 NewDesignator=R156
Change Component Designator: OldDesignator=R159 NewDesignator=R157
Change Component Designator: OldDesignator=R160 NewDesignator=R158
Change Component Designator: OldDesignator=R161 NewDesignator=R159
Change Component Designator: OldDesignator=R162 NewDesignator=R160
Change Component Designator: OldDesignator=R163 NewDesignator=R161
Change Component Designator: OldDesignator=R164 NewDesignator=R162
Change Component Designator: OldDesignator=R165 NewDesignator=R163
Change Component Designator: OldDesignator=R166 NewDesignator=R164
Change Component Designator: OldDesignator=R167 NewDesignator=R165
Change Component Designator: OldDesignator=R168 NewDesignator=R166
Change Component Designator: OldDesignator=R169 NewDesignator=R167
Change Component Designator: OldDesignator=R170 NewDesignator=R168
Change Component Designator: OldDesignator=R171 NewDesignator=R169
Change Component Designator: OldDesignator=R172 NewDesignator=R170
Change Component Designator: OldDesignator=R173 NewDesignator=R171
Change Component Designator: OldDesignator=R174 NewDesignator=R172
Change Component Designator: OldDesignator=R175 NewDesignator=R173
Change Component Designator: OldDesignator=R176 NewDesignator=R174
Change Component Designator: OldDesignator=R177 NewDesignator=R175
Change Component Designator: OldDesignator=R178 NewDesignator=R176
Change Component Designator: OldDesignator=R179 NewDesignator=R177
Change Component Designator: OldDesignator=R180 NewDesignator=R178
Change Component Designator: OldDesignator=R181 NewDesignator=R179
Change Component Designator: OldDesignator=R182 NewDesignator=R180
Change Component Designator: OldDesignator=R183 NewDesignator=R181
Change Component Designator: OldDesignator=R184 NewDesignator=R182
Change Component Designator: OldDesignator=R185 NewDesignator=R183
Change Component Designator: OldDesignator=R186 NewDesignator=R184
Change Component Designator: OldDesignator=R187 NewDesignator=R185
Change Component Designator: OldDesignator=R188 NewDesignator=R186
Change Component Designator: OldDesignator=R189 NewDesignator=R187
Change Component Designator: OldDesignator=R190 NewDesignator=R188
Change Component Designator: OldDesignator=R191 NewDesignator=R189
Change Component Designator: OldDesignator=R192 NewDesignator=R190
Change Component Designator: OldDesignator=R193 NewDesignator=R191
Change Component Designator: OldDesignator=R194 NewDesignator=R192
Change Component Designator: OldDesignator=R195 NewDesignator=R193
Change Component Designator: OldDesignator=R196 NewDesignator=R194
Change Component Designator: OldDesignator=R197 NewDesignator=R195
Change Component Designator: OldDesignator=R198 NewDesignator=R196
Change Component Designator: OldDesignator=R199 NewDesignator=R197
Change Component Designator: OldDesignator=R200 NewDesignator=R198
Change Component Designator: OldDesignator=R201 NewDesignator=R199
Change Component Designator: OldDesignator=R202 NewDesignator=R200
Change Component Designator: OldDesignator=R203 NewDesignator=R201
Change Component Designator: OldDesignator=R204 NewDesignator=R202
Change Component Designator: OldDesignator=R205 NewDesignator=R203
Change Component Designator: OldDesignator=R206 NewDesignator=R204
Change Component Designator: OldDesignator=R207 NewDesignator=R205
Change Component Designator: OldDesignator=R208 NewDesignator=R206
Change Component Designator: OldDesignator=R209 NewDesignator=R207
Change Component Designator: OldDesignator=R210 NewDesignator=R208
Change Component Designator: OldDesignator=R211 NewDesignator=R209
Change Component Designator: OldDesignator=R212 NewDesignator=R210
Change Component Designator: OldDesignator=R213 NewDesignator=R211
Change Component Designator: OldDesignator=R214 NewDesignator=R212
Change Component Designator: OldDesignator=R215 NewDesignator=R213
Change Component Designator: OldDesignator=R216 NewDesignator=R214
Change Component Designator: OldDesignator=R217 NewDesignator=R215
Change Component Designator: OldDesignator=R218 NewDesignator=R216
Change Component Designator: OldDesignator=R219 NewDesignator=R217
Change Component Designator: OldDesignator=R220 NewDesignator=R218
Change Component Designator: OldDesignator=R221 NewDesignator=R219
Change Component Designator: OldDesignator=R222 NewDesignator=R220
Change Component Designator: OldDesignator=R223 NewDesignator=R221
Change Component Designator: OldDesignator=R224 NewDesignator=R222
Change Component Designator: OldDesignator=R225 NewDesignator=R223
Change Component Designator: OldDesignator=R226 NewDesignator=R224
Change Component Designator: OldDesignator=R227 NewDesignator=R225
Change Component Designator: OldDesignator=R228 NewDesignator=R226
Change Component Designator: OldDesignator=R229 NewDesignator=R227
Change Component Designator: OldDesignator=R230 NewDesignator=R228
Change Component Designator: OldDesignator=R231 NewDesignator=R229
Change Component Designator: OldDesignator=R? NewDesignator=R96
Added Component: Designator=C?(CAP_C_0603x30)
Added Component: Designator=R?(RES_C_0603X30)
Added Component: Designator=R?(RES_C_1005x30_L)
Added Component: Designator=R?(RES_C_1005x30_L)
Added Component: Designator=R?(RES_C_1005x30_L)
Added Component: Designator=R?(RES_C_1005x30_L)
Added Component: Designator=R?(RES_C_1005x30_L)
Added Component: Designator=R?(RES_C_0603X30)
Added Component: Designator=R?(RES_C_1005x30_L)
Added Pin To Net: NetName=NetR37_1 Pin=C?-1
Added Pin To Net: NetName=GND Pin=C?-2
Added Pin To Net: NetName=NetCR1_6 Pin=CR1-4
Added Pin To Net: NetName=NetCR1_1 Pin=CR1-6
Added Pin To Net: NetName=NetCR2_6 Pin=CR2-1
Added Pin To Net: NetName=NetCR2_3 Pin=CR2-4
Added Pin To Net: NetName=NetCR2_4 Pin=CR2-6
Added Pin To Net: NetName=STX_GPIO Pin=R13-2
Added Pin To Net: NetName=FLEXCOM6_UART_RX Pin=R24-1
Added Pin To Net: NetName=3V3 Pin=R?-1
Added Pin To Net: NetName=3V3 Pin=R?-1
Added Pin To Net: NetName=3V3 Pin=R?-1
Added Pin To Net: NetName=FLEXCOM10_I2C_SCL Pin=R?-2
Added Pin To Net: NetName=FLEXCOM10_I2C_SDA Pin=R?-2
Added Pin To Net: NetName=GND Pin=R?-2
Added Pin To Net: NetName=NetR37_1 Pin=R?-2
Added Pin To Net: NetName=NetR223_2 Pin=R?-2
Added Pin To Net: NetName=VDDBU Pin=R?-2
Added Pin To Net: NetName=DCDC1 Pin=U3-9
Added Pin To Net: NetName=DCDC2 Pin=U3-16
Added Pin To Net: NetName=DCDC3 Pin=U3-25
Added Pin To Net: NetName=DCDC4 Pin=U3-32
Add Pin To Net: Unknown Pin: Pin U23-13
Change Net Name : Old Net Name=NetCR1_1 New Net Name=NetCR1_6
Change Net Name : Old Net Name=NetCR1_6 New Net Name=NetCR1_4
Change Net Name : Old Net Name=NetCR2_3 New Net Name=NetCR2_4
Change Net Name : Old Net Name=NetCR2_4 New Net Name=NetCR2_6
Change Net Name : Old Net Name=NetCR2_6 New Net Name=NetCR2_1
Change Net Name : Old Net Name=NetJ11_19 New Net Name=NetJ10_19
Change Net Name : Old Net Name=NetR10_1 New Net Name=NetR8_1
Change Net Name : Old Net Name=NetR12_2 New Net Name=NetR10_2
Change Net Name : Old Net Name=NetR32_2 New Net Name=NetR30_2
Change Net Name : Old Net Name=NetR33_1 New Net Name=SHDN
Change Net Name : Old Net Name=NetR33_2 New Net Name=NetR31_2
Change Net Name : Old Net Name=NetR36_1 New Net Name=WKUP
Change Net Name : Old Net Name=NetR37_1 New Net Name=NRST
Change Net Name : Old Net Name=NetR38_1 New Net Name=NetR36_1
Change Net Name : Old Net Name=NetR39_1 New Net Name=NetR37_1
Change Net Name : Old Net Name=NetR40_1 New Net Name=NetR38_1
Change Net Name : Old Net Name=NetR41_1 New Net Name=NetR39_1
Change Net Name : Old Net Name=NetR42_1 New Net Name=NetR40_1
Change Net Name : Old Net Name=NetR48_1 New Net Name=HHSRTUNE
Change Net Name : Old Net Name=NetR49_2 New Net Name=NRST_OUT
Change Net Name : Old Net Name=NetR51_2 New Net Name=QSPI0_CAL
Change Net Name : Old Net Name=NetR52_2 New Net Name=SDMMC0_CAL
Change Net Name : Old Net Name=NetR53_2 New Net Name=SDMMC1_CAL
Change Net Name : Old Net Name=NetR54_2 New Net Name=SDMMC2_CAL
Change Net Name : Old Net Name=NetR86_1 New Net Name=NetR84_1
Change Net Name : Old Net Name=NetR88_1 New Net Name=NetR86_1
Change Net Name : Old Net Name=NetR95_1 New Net Name=PA26
Change Net Name : Old Net Name=NetR114_2 New Net Name=NetR112_2
Change Net Name : Old Net Name=NetR116_2 New Net Name=NetR114_2
Change Net Name : Old Net Name=NetR118_2 New Net Name=NetR116_2
Change Net Name : Old Net Name=NetR120_2 New Net Name=NetR118_2
Change Net Name : Old Net Name=NetR123_2 New Net Name=NetR121_2
Change Net Name : Old Net Name=NetR135_1 New Net Name=NetR133_1
Change Net Name : Old Net Name=NetR137_1 New Net Name=NetR135_1
Change Net Name : Old Net Name=NetR138_2 New Net Name=NetR136_2
Change Net Name : Old Net Name=NetR140_2 New Net Name=NetR138_2
Change Net Name : Old Net Name=NetR142_2 New Net Name=NetR140_2
Change Net Name : Old Net Name=NetR144_2 New Net Name=NetR142_2
Change Net Name : Old Net Name=NetR154_2 New Net Name=NetR152_2
Change Net Name : Old Net Name=NetR155_2 New Net Name=NetR153_2
Change Net Name : Old Net Name=NetR157_1 New Net Name=NetR155_1
Change Net Name : Old Net Name=NetR160_2 New Net Name=NetR158_2
Change Net Name : Old Net Name=NetR196_1 New Net Name=NetR194_1
Change Net Name : Old Net Name=NetR197_1 New Net Name=NetR195_1
Change Net Name : Old Net Name=NetR198_1 New Net Name=NetR196_1
Change Net Name : Old Net Name=NetR201_2 New Net Name=NetR199_2
Change Net Name : Old Net Name=NetR202_1 New Net Name=NetR200_1
Change Net Name : Old Net Name=NetR203_1 New Net Name=NetR201_1
Change Net Name : Old Net Name=NetR204_1 New Net Name=NetR202_1
Change Net Name : Old Net Name=NetR205_1 New Net Name=NetR203_1
Change Net Name : Old Net Name=NetR206_1 New Net Name=NetR204_1
Change Net Name : Old Net Name=NetR215_1 New Net Name=NetR213_1
Change Net Name : Old Net Name=NetR218_1 New Net Name=NetR216_1
Change Net Name : Old Net Name=NetR223_2 New Net Name=NetR221_2
Change Net Name : Old Net Name=NetR226_1 New Net Name=NetR224_1
Change Net Color : Old Net Color=RGB(158, 161, 117) New Net Color=RGB(114, 214, 193)
Change Net Color : Old Net Color=RGB(158, 161, 117) New Net Color=RGB(192, 231, 82)
Change Net Color : Old Net Color=RGB(255, 202, 116) New Net Color=RGB(130, 206, 157)
Added Pin To Net: NetName=LPM Pin=R?-1
Added Pin To Net: NetName=LPM Pin=TP4-0
Added Pin To Net: NetName=LPM Pin=U5-A6
Added Net: Name=LPM
Added Pin To Net: NetName=MIPI_REXT Pin=R?-1
Added Pin To Net: NetName=MIPI_REXT Pin=U5-V18
Added Net: Name=MIPI_REXT
Added Pin To Net: NetName=NetR4_2 Pin=R4-2
Added Pin To Net: NetName=NetR4_2 Pin=R6-1
Added Pin To Net: NetName=NetR4_2 Pin=U1-2
Added Net: Name=NetR4_2
Added Pin To Net: NetName=NetR5_1 Pin=R5-1
Added Pin To Net: NetName=NetR5_1 Pin=R7-1
Added Pin To Net: NetName=NetR5_1 Pin=U1-1
Added Pin To Net: NetName=NetR5_1 Pin=U1-1
Added Net: Name=NetR5_1
Added Pin To Net: NetName=NetR48_2 Pin=R48-2
Added Pin To Net: NetName=NetR48_2 Pin=R?-1
Added Pin To Net: NetName=NetR48_2 Pin=U5-H10
Added Net: Name=NetR48_2
Added Pin To Net: NetName=NetR202_2 Pin=R202-2
Added Pin To Net: NetName=NetR202_2 Pin=R?-2
Added Net: Name=NetR202_2
Added Pin To Net: NetName=NetR?_1 Pin=R?-1
Added Pin To Net: NetName=NetR?_1 Pin=U5-W18
Added Net: Name=NetR?_1
Added Pin To Net: NetName=NetR?_2 Pin=R?-2
Added Pin To Net: NetName=NetR?_2 Pin=U3-22
Added Net: Name=NetR?_2
Added Pin To Net: NetName=PA25 Pin=R?-1
Added Pin To Net: NetName=PA25 Pin=U5-B21
Added Net: Name=PA25
Added Pin To Net: NetName=PA31 Pin=R99-1
Added Pin To Net: NetName=PA31 Pin=U5-F21
Added Net: Name=PA31
Change Class Name : Old Net Name=CONNECTOR New Net Name=MOUNTING_HOLE
Added Class: Name=CONNECTOR
Added Member To Class: ClassName=BUTTON_LED Member=Component BT2 BT_
Added Member To Class: ClassName=SAMA7D65_PMIC Member=Component C19 1uF/20V
Added Member To Class: ClassName=SAMA7D65_PMIC Member=Component C20 4.7uF/10V
Added Member To Class: ClassName=SAMA7D65_PMIC Member=Component C22 0.1uF/10V
Added Member To Class: ClassName=SAMA7D65_PMIC Member=Component C24 0.1uF/10V
Added Member To Class: ClassName=SAMA7D65_PMIC Member=Component C26 4.7uF/10V
Added Member To Class: ClassName=SAMA7D65_PMIC Member=Component C28 4.7uF/10V
Added Member To Class: ClassName=SAMA7D65_PMIC Member=Component C30 4.7uF/10V
Added Member To Class: ClassName=SAMA7D65_PMIC Member=Component C32 4.7uF/10V
Added Member To Class: ClassName=SAMA7D65_MPU Member=Component C34 4.7uF/10V
Added Member To Class: ClassName=SAMA7D65_MPU Member=Component C36 0.1uF/10V
Added Member To Class: ClassName=SAMA7D65_MPU Member=Component C38 0.1uF/10V
Added Member To Class: ClassName=SAMA7D65_MPU Member=Component C40 4.7uF/10V
Added Member To Class: ClassName=SAMA7D65_MPU Member=Component C42 0.1uF/10V
Added Member To Class: ClassName=SAMA7D65_MPU Member=Component C44 0.1uF/10V
Added Member To Class: ClassName=SAMA7D65_MPU Member=Component C46 0.1uF/10V
Added Member To Class: ClassName=SAMA7D65_MPU Member=Component C48 0.1uF/10V
Added Member To Class: ClassName=SAMA7D65_MPU Member=Component C50 0.1uF/10V
Added Member To Class: ClassName=SAMA7D65_MPU Member=Component C52 0.1uF/10V
Added Member To Class: ClassName=SAMA7D65_MPU Member=Component C54 0.1uF/10V
Added Member To Class: ClassName=SAMA7D65_MPU Member=Component C56 0.1uF/10V
Added Member To Class: ClassName=SAMA7D65_MPU Member=Component C58 0.1uF/10V
Added Member To Class: ClassName=SAMA7D65_MPU Member=Component C60 0.1uF/10V
Added Member To Class: ClassName=SAMA7D65_MPU Member=Component C62 0.1uF/10V
Added Member To Class: ClassName=SAMA7D65_MPU Member=Component C64 0.1uF/10V
Added Member To Class: ClassName=SAMA7D65_MPU Member=Component C65 4.7uF/10V
Added Member To Class: ClassName=SAMA7D65_MPU Member=Component C67 2.2uF/10V
Added Member To Class: ClassName=SAMA7D65_MPU Member=Component C69 0.1uF/10V
Added Member To Class: ClassName=SAMA7D65_MPU Member=Component C71 0.1uF/10V
Added Member To Class: ClassName=SAMA7D65_MPU Member=Component C73 18pF/10V
Added Member To Class: ClassName=SAMA7D65_MPU Member=Component C75 18pF/10V
Added Member To Class: ClassName=SAMA7D65_MPU Member=Component C77 0.1uF/10V
Added Member To Class: ClassName=SAMA7D65_DDR3L Member=Component C80 0.1uF/10V
Added Member To Class: ClassName=SAMA7D65_DDR3L Member=Component C82 0.1uF/10V
Added Member To Class: ClassName=SAMA7D65_DDR3L Member=Component C84 0.1uF/10V
Added Member To Class: ClassName=SAMA7D65_DDR3L Member=Component C86 0.1uF/10V
Added Member To Class: ClassName=SAMA7D65_DDR3L Member=Component C88 0.1uF/10V
Added Member To Class: ClassName=SAMA7D65_DDR3L Member=Component C90 0.1uF/10V
Added Member To Class: ClassName=SAMA7D65_DDR3L Member=Component C92 0.1uF/10V
Added Member To Class: ClassName=SAMA7D65_DDR3L Member=Component C94 0.1uF/10V
Added Member To Class: ClassName=SAMA7D65_DDR3L Member=Component C96 0.1uF/10V
Added Member To Class: ClassName=SAMA7D65_DDR3L Member=Component C97 0.1uF/10V
Added Member To Class: ClassName=SAMA7D65_DDR3L Member=Component C99 4.7uF/10V
Added Member To Class: ClassName=SAMA7D65_DDR3L Member=Component C101 0.1uF/10V
Added Member To Class: ClassName=SAMA7D65_DDR3L Member=Component C103 0.1uF/10V
Added Member To Class: ClassName=SAMA7D65_DDR3L Member=Component C105 0.1uF/10V
Added Member To Class: ClassName=SAMA7D65_DDR3L Member=Component C107 0.1uF/10V
Added Member To Class: ClassName=SAMA7D65_DDR3L Member=Component C109 0.1uF/10V
Added Member To Class: ClassName=SAMA7D65_DDR3L Member=Component C111 0.1uF/10V
Added Member To Class: ClassName=SAMA7D65_DDR3L Member=Component C113 0.1uF/10V
Added Member To Class: ClassName=SAMA7D65_DDR3L Member=Component C115 4.7uF/10V
Added Member To Class: ClassName=SAMA7D65_DDR3L Member=Component C117 4.7uF/10V
Added Member To Class: ClassName=SAMA7D65_DDR3L Member=Component C118 0.1uF/10V
Added Member To Class: ClassName=eMMC Member=Component C121 4.7uF/10V
Added Member To Class: ClassName=eMMC Member=Component C123 0.1uF/10V
Added Member To Class: ClassName=eMMC Member=Component C125 0.1uF/10V
Added Member To Class: ClassName=eMMC Member=Component C127 0.1uF/10V
Added Member To Class: ClassName=eMMC Member=Component C129 0.1uF/10V
Added Member To Class: ClassName=eMMC Member=Component C131 1uF/20V
Added Member To Class: ClassName=eMMC Member=Component C133 4.7uF/10V
Added Member To Class: ClassName=eMMC Member=Component C135 0.1uF/10V
Added Member To Class: ClassName=eMMC Member=Component C137 0.1uF/10V
Added Member To Class: ClassName=eMMC Member=Component C139 0.1uF/10V
Added Member To Class: ClassName=eMMC Member=Component C141 0.1uF/10V
Added Member To Class: ClassName=eMMC Member=Component C143 1uF/20V
Added Member To Class: ClassName=SDCARD Member=Component C145 0.1uF/10V
Added Member To Class: ClassName=SDCARD Member=Component C147 1uF/20V
Added Member To Class: ClassName=EEPROM Member=Component C149 0.1uF/10V
Added Member To Class: ClassName=EEPROM Member=Component C150 0.1uF/10V
Added Member To Class: ClassName=LVDS Member=Component C165 10uF/20V
Added Member To Class: ClassName=LVDS Member=Component C166 1uF/20V
Added Member To Class: ClassName=LVDS Member=Component C167 10uF/20V
Added Member To Class: ClassName=LVDS Member=Component C168 1uF/20V
Added Member To Class: ClassName=CAN_PHY Member=Component C169 1uF/20V
Added Member To Class: ClassName=CAN_PHY Member=Component C170 1uF/20V
Added Member To Class: ClassName=CAN_PHY Member=Component C171 47nF/10V
Added Member To Class: ClassName=CAN_PHY Member=Component C172 1uF/25V
Added Member To Class: ClassName=SAMA7D65_MPU Member=Component C? 18pF/10V
Added Member To Class: ClassName=SAMA7D65_PMIC Member=Component R31 1k
Added Member To Class: ClassName=SAMA7D65_PMIC Member=Component R33 4.7k
Added Member To Class: ClassName=SAMA7D65_PMIC Member=Component R35 10k
Added Member To Class: ClassName=SAMA7D65_PMIC Member=Component R37 10k
Added Member To Class: ClassName=SAMA7D65_PMIC Member=Component R39 0R
Added Member To Class: ClassName=SAMA7D65_PMIC Member=Component R41 10k
Added Member To Class: ClassName=SAMA7D65_PMIC Member=Component R43 Shunt 4 Pin
Added Member To Class: ClassName=SAMA7D65_PMIC Member=Component R45 Shunt 4 Pin
Added Member To Class: ClassName=SAMA7D65_MPU Member=Component R47 10k
Added Member To Class: ClassName=SAMA7D65_MPU Member=Component R49 16.9k
Added Member To Class: ClassName=SAMA7D65_MPU Member=Component R51 20k
Added Member To Class: ClassName=SAMA7D65_MPU Member=Component R53 DNP/0R
Added Member To Class: ClassName=SAMA7D65_PIO Member=Component R55 22R
Added Member To Class: ClassName=SAMA7D65_PIO Member=Component R57 22R
Added Member To Class: ClassName=SAMA7D65_PIO Member=Component R59 22R
Added Member To Class: ClassName=SAMA7D65_PIO Member=Component R61 22R
Added Member To Class: ClassName=SAMA7D65_PIO Member=Component R63 22R
Added Member To Class: ClassName=SAMA7D65_PIO Member=Component R64 22R
Added Member To Class: ClassName=SAMA7D65_PIO Member=Component R65 22R
Added Member To Class: ClassName=SAMA7D65_PIO Member=Component R66 22R
Added Member To Class: ClassName=SAMA7D65_PIO Member=Component R68 4.7k
Added Member To Class: ClassName=SAMA7D65_PIO Member=Component R70 22R
Added Member To Class: ClassName=SAMA7D65_PIO Member=Component R71 22R
Added Member To Class: ClassName=SAMA7D65_PIO Member=Component R72 22R
Added Member To Class: ClassName=SAMA7D65_PIO Member=Component R73 22R
Added Member To Class: ClassName=SAMA7D65_PIO Member=Component R74 22R
Added Member To Class: ClassName=SAMA7D65_PIO Member=Component R75 22R
Added Member To Class: ClassName=SAMA7D65_PIO Member=Component R76 22R
Added Member To Class: ClassName=SAMA7D65_PIO Member=Component R77 22R
Added Member To Class: ClassName=SAMA7D65_PIO Member=Component R78 22R
Added Member To Class: ClassName=SAMA7D65_PIO Member=Component R79 22R
Added Member To Class: ClassName=SAMA7D65_PIO Member=Component R80 22R
Added Member To Class: ClassName=SAMA7D65_PIO Member=Component R81 22R
Added Member To Class: ClassName=SAMA7D65_PIO Member=Component R82 22R
Added Member To Class: ClassName=SAMA7D65_PIO Member=Component R83 22R
Added Member To Class: ClassName=SAMA7D65_PIO Member=Component R84 22R
Added Member To Class: ClassName=SAMA7D65_PIO Member=Component R85 22R
Added Member To Class: ClassName=SAMA7D65_PIO Member=Component R86 22R
Added Member To Class: ClassName=SAMA7D65_PIO Member=Component R87 22R
Added Member To Class: ClassName=SAMA7D65_PIO Member=Component R88 22R
Added Member To Class: ClassName=SAMA7D65_PIO Member=Component R89 22R
Added Member To Class: ClassName=SAMA7D65_PIO Member=Component R90 22R
Added Member To Class: ClassName=SAMA7D65_PIO Member=Component R91 22R
Added Member To Class: ClassName=SAMA7D65_PIO Member=Component R92 22R
Added Member To Class: ClassName=SAMA7D65_PIO Member=Component R93 22R
Added Member To Class: ClassName=SAMA7D65_PIO Member=Component R95 22R
Added Member To Class: ClassName=SAMA7D65_PIO Member=Component R97 22R
Added Member To Class: ClassName=SAMA7D65_PIO Member=Component R99 22R
Added Member To Class: ClassName=SAMA7D65_PIO Member=Component R101 22R
Added Member To Class: ClassName=SAMA7D65_PIO Member=Component R103 22R
Added Member To Class: ClassName=SAMA7D65_PIO Member=Component R104 22R
Added Member To Class: ClassName=SAMA7D65_PIO Member=Component R105 22R
Added Member To Class: ClassName=SAMA7D65_PIO Member=Component R106 22R
Added Member To Class: ClassName=SAMA7D65_PIO Member=Component R107 22R
Added Member To Class: ClassName=SAMA7D65_PIO Member=Component R108 22R
Added Member To Class: ClassName=SAMA7D65_PIO Member=Component R109 22R
Added Member To Class: ClassName=SAMA7D65_PIO Member=Component R110 22R
Added Member To Class: ClassName=SAMA7D65_PIO Member=Component R111 22R
Added Member To Class: ClassName=SAMA7D65_PIO Member=Component R112 22R
Added Member To Class: ClassName=SAMA7D65_PIO Member=Component R113 22R
Added Member To Class: ClassName=SAMA7D65_PIO Member=Component R114 22R
Added Member To Class: ClassName=SAMA7D65_PIO Member=Component R115 22R
Added Member To Class: ClassName=SAMA7D65_PIO Member=Component R116 22R
Added Member To Class: ClassName=SAMA7D65_PIO Member=Component R117 22R
Added Member To Class: ClassName=SAMA7D65_PIO Member=Component R118 22R
Added Member To Class: ClassName=SAMA7D65_PIO Member=Component R119 22R
Added Member To Class: ClassName=SAMA7D65_PIO Member=Component R120 22R
Added Member To Class: ClassName=SAMA7D65_PIO Member=Component R121 22R
Added Member To Class: ClassName=SAMA7D65_PIO Member=Component R122 22R
Added Member To Class: ClassName=SAMA7D65_PIO Member=Component R123 22R
Added Member To Class: ClassName=SAMA7D65_PIO Member=Component R124 22R
Added Member To Class: ClassName=SAMA7D65_PIO Member=Component R125 22R
Added Member To Class: ClassName=SAMA7D65_PIO Member=Component R127 22R
Added Member To Class: ClassName=SAMA7D65_PIO Member=Component R129 22R
Added Member To Class: ClassName=SAMA7D65_PIO Member=Component R133 22R
Added Member To Class: ClassName=SAMA7D65_PIO Member=Component R135 22R
Added Member To Class: ClassName=SAMA7D65_PIO Member=Component R138 22R
Added Member To Class: ClassName=SAMA7D65_PIO Member=Component R140 22R
Added Member To Class: ClassName=SAMA7D65_PIO Member=Component R142 22R
Added Member To Class: ClassName=SAMA7D65_PIO Member=Component R144 22R
Added Member To Class: ClassName=SAMA7D65_PIO Member=Component R145 22R
Added Member To Class: ClassName=SAMA7D65_PIO Member=Component R148 22R
Added Member To Class: ClassName=SAMA7D65_DDR3L Member=Component R154 100k
Added Member To Class: ClassName=SAMA7D65_DDR3L Member=Component R155 240R
Added Member To Class: ClassName=SAMA7D65_DDR3L Member=Component R156 1k
Added Member To Class: ClassName=SAMA7D65_DDR3L Member=Component R157 1k
Added Member To Class: ClassName=eMMC Member=Component R159 10k
Added Member To Class: ClassName=eMMC Member=Component R160 10k
Added Member To Class: ClassName=eMMC Member=Component R161 10k
Added Member To Class: ClassName=eMMC Member=Component R162 10k
Added Member To Class: ClassName=eMMC Member=Component R163 10k
Added Member To Class: ClassName=eMMC Member=Component R164 10k
Added Member To Class: ClassName=eMMC Member=Component R165 10k
Added Member To Class: ClassName=eMMC Member=Component R166 10k
Added Member To Class: ClassName=eMMC Member=Component R167 10k
Added Member To Class: ClassName=eMMC Member=Component R168 10k
Added Member To Class: ClassName=eMMC Member=Component R169 47k
Added Member To Class: ClassName=eMMC Member=Component R170 10k
Added Member To Class: ClassName=eMMC Member=Component R171 10k
Added Member To Class: ClassName=eMMC Member=Component R172 10k
Added Member To Class: ClassName=eMMC Member=Component R173 10k
Added Member To Class: ClassName=eMMC Member=Component R174 10k
Added Member To Class: ClassName=eMMC Member=Component R175 10k
Added Member To Class: ClassName=eMMC Member=Component R176 47k
Added Member To Class: ClassName=SDCARD Member=Component R177 DNP/10k
Added Member To Class: ClassName=SDCARD Member=Component R178 DNP/10k
Added Member To Class: ClassName=SDCARD Member=Component R179 DNP/10k
Added Member To Class: ClassName=SDCARD Member=Component R180 DNP/10k
Added Member To Class: ClassName=SDCARD Member=Component R181 DNP/10k
Added Member To Class: ClassName=SDCARD Member=Component R182 DNP/10k
Added Member To Class: ClassName=SDCARD Member=Component R183 10k
Added Member To Class: ClassName=EEPROM Member=Component R184 4.7k
Added Member To Class: ClassName=USB Member=Component R185 DNP/0R
Added Member To Class: ClassName=DEBUG Member=Component R186 3.3k
Added Member To Class: ClassName=DEBUG Member=Component R187 3.3k
Added Member To Class: ClassName=DEBUG Member=Component R189 100k
Added Member To Class: ClassName=DEBUG Member=Component R191 100k
Added Member To Class: ClassName=DEBUG Member=Component R193 100R
Added Member To Class: ClassName=TEMP Member=Component R194 22R
Added Member To Class: ClassName=TEMP Member=Component R195 22R
Added Member To Class: ClassName=TEMP Member=Component R196 22R
Added Member To Class: ClassName=RTC Member=Component R197 4.7k
Added Member To Class: ClassName=RTC Member=Component R198 4.7k
Added Member To Class: ClassName=WATCHDOG Member=Component R203 16.5k
Added Member To Class: ClassName=WATCHDOG Member=Component R204 16.5k
Added Member To Class: ClassName=SAMA7D65_MPU Member=Component R? 1k
Added Member To Class: ClassName=SAMA7D65_MPU Member=Component R? 10k
Added Member To Class: ClassName=SAMA7D65_MPU Member=Component R? DNP/10k
Added Member To Class: ClassName=SAMA7D65_PIO Member=Component R? 22R
Added Member To Class: ClassName=SAMA7D65_PIO Member=Component R? 4.7k
Added Member To Class: ClassName=SAMA7D65_PIO Member=Component R? 22R
Added Member To Class: ClassName=SAMA7D65_PIO Member=Component R? 4.7k
Added Member To Class: ClassName=SAMA7D65_PMIC Member=Component R? 0R
Added Member To Class: ClassName=eMMC Member=Component U8 MTFC32GAZAQDW-AAT
Added Member To Class: ClassName=EEPROM Member=Component U9 AS3004204-0108X0PSAY
Added Member To Class: ClassName=USB Member=Component U10 473460001
Added Member To Class: ClassName=TEMP Member=Component U12 TC1047AVNBTR
Added Member To Class: ClassName=RTC Member=Component U14 RV-3129-C3-32.768KHZ-OPTION-A-TB-QA
Added Member To Class: ClassName=LVDS Member=Component U18 DS90LT012AQ-Q1
Added Member To Class: ClassName=LVDS Member=Component U19 DS90LT012AQ-Q1
Added Member To Class: ClassName=CAN_PHY Member=Component U21 SN65HVD230DR
Added Member To Class: ClassName=RS485 Member=Component U22 MAX3485CSA+T
