Removed Member From Class: ClassName=50_eMMC2 Member=NetR39_2
Removed Member From Class: ClassName=50_eMMC2 Member=NetR40_2
Removed Member From Class: ClassName=50_eMMC2 Member=NetR43_2
Removed Member From Class: ClassName=50_eMMC2 Member=NetR44_2
Removed Member From Class: ClassName=50_eMMC2 Member=NetR46_2
Removed Member From Class: ClassName=50_eMMC2 Member=NetR47_2
Removed Member From Class: ClassName=50_eMMC2 Member=NetR50_2
Removed Member From Class: ClassName=50_eMMC2 Member=NetR52_2
Removed Member From Class: ClassName=50_eMMC2 Member=NetR55_2
Removed Member From Class: ClassName=50_eMMC2 Member=NetR57_2
Removed Member From Class: ClassName=50_eMMC2 Member=NetR76_2
Removed Member From Class: ClassName=50_eMMC2 Member=NetR78_2
Removed Member From Class: ClassName=50_eMMC2 Member=NetR80_2
Removed Member From Class: ClassName=50_eMMC2 Member=NetR81_2
Removed Member From Class: ClassName=50_eMMC2 Member=NetR83_2
Removed Member From Class: ClassName=50_eMMC2 Member=NetR84_2
Change Net Name : Old Net Name=NetR39_2 New Net Name=SDMMC0_CLK
Change Net Name : Old Net Name=NetR40_2 New Net Name=SDMMC0_CMD
Change Net Name : Old Net Name=NetR42_2 New Net Name=SDMMC0_NRST
Change Net Name : Old Net Name=NetR43_2 New Net Name=SDMMC0_D0
Change Net Name : Old Net Name=NetR44_2 New Net Name=SDMMC0_D1
Change Net Name : Old Net Name=NetR46_2 New Net Name=SDMMC0_D4
Change Net Name : Old Net Name=NetR47_2 New Net Name=SDMMC0_D5
Change Net Name : Old Net Name=NetR50_2 New Net Name=SDMMC0_D6
Change Net Name : Old Net Name=NetR52_2 New Net Name=SDMMC0_D7
Change Net Name : Old Net Name=NetR55_2 New Net Name=SDMMC0_D2
Change Net Name : Old Net Name=NetR57_2 New Net Name=SDMMC0_D3
Change Net Name : Old Net Name=NetR60_2 New Net Name=SDMMC0_DS
Change Net Name : Old Net Name=NetR75_2 New Net Name=SDMMC1_NRST
Change Net Name : Old Net Name=NetR76_2 New Net Name=SDMMC1_CMD
Change Net Name : Old Net Name=NetR78_2 New Net Name=SDMMC1_CLK
Change Net Name : Old Net Name=NetR80_2 New Net Name=SDMMC1_D0
Change Net Name : Old Net Name=NetR81_2 New Net Name=SDMMC1_D1
Change Net Name : Old Net Name=NetR83_2 New Net Name=SDMMC1_D2
Change Net Name : Old Net Name=NetR84_2 New Net Name=SDMMC1_D3
Added Member To Class: ClassName=50_eMMC2 Member=Wire SDMMC0_CLK
Added Member To Class: ClassName=50_eMMC2 Member=Wire SDMMC0_CMD
Added Member To Class: ClassName=50_eMMC2 Member=Wire SDMMC0_D0
Added Member To Class: ClassName=50_eMMC2 Member=Wire SDMMC0_D1
Added Member To Class: ClassName=50_eMMC2 Member=Wire SDMMC0_D2
Added Member To Class: ClassName=50_eMMC2 Member=Wire SDMMC0_D3
Added Member To Class: ClassName=50_eMMC2 Member=Wire SDMMC0_D4
Added Member To Class: ClassName=50_eMMC2 Member=Wire SDMMC0_D5
Added Member To Class: ClassName=50_eMMC2 Member=Wire SDMMC0_D6
Added Member To Class: ClassName=50_eMMC2 Member=Wire SDMMC0_D7
Added Member To Class: ClassName=50_eMMC2 Member=Wire SDMMC1_CLK
Added Member To Class: ClassName=50_eMMC2 Member=Wire SDMMC1_CMD
Added Member To Class: ClassName=50_eMMC2 Member=Wire SDMMC1_D0
Added Member To Class: ClassName=50_eMMC2 Member=Wire SDMMC1_D1
Added Member To Class: ClassName=50_eMMC2 Member=Wire SDMMC1_D2
Added Member To Class: ClassName=50_eMMC2 Member=Wire SDMMC1_D3
