Added Pin To Net: NetName=GND Pin=U5-A1
Added Pin To Net: NetName=PC23 Pin=U5-A3
Added Pin To Net: NetName=PIOBU1 Pin=U5-A5
Added Pin To Net: NetName=LPM Pin=U5-A6
Added Pin To Net: NetName=XOUT24M Pin=U5-A7
Added Pin To Net: NetName=WKUP Pin=U5-A8
Added Pin To Net: NetName=XIN32K Pin=U5-A9
Added Pin To Net: NetName=GND Pin=U5-A11
Added Pin To Net: NetName=PB25 Pin=U5-A13
Added Pin To Net: NetName=GND Pin=U5-A14
Added Pin To Net: NetName=PB26 Pin=U5-A15
Added Pin To Net: NetName=PC31 Pin=U5-A16
Added Pin To Net: NetName=GND Pin=U5-A17
Added Pin To Net: NetName=PD7 Pin=U5-A20
Added Pin To Net: NetName=GND Pin=U5-A21
Added Pin To Net: NetName=GND Pin=U5-AA1
Added Pin To Net: NetName=NetR163_1 Pin=U5-AA2
Added Pin To Net: NetName=DDR_D13 Pin=U5-AA3
Added Pin To Net: NetName=DDR_D9 Pin=U5-AA4
Added Pin To Net: NetName=VDDIODDR Pin=U5-AA5
Added Pin To Net: NetName=DDR_DQS1_N Pin=U5-AA6
Added Pin To Net: NetName=DDR_D12 Pin=U5-AA7
Added Pin To Net: NetName=GND Pin=U5-AA8
Added Pin To Net: NetName=GND Pin=U5-AA9
Added Pin To Net: NetName=GND Pin=U5-AA11
Added Pin To Net: NetName=PE4 Pin=U5-AA13
Added Pin To Net: NetName=GND Pin=U5-AA14
Added Pin To Net: NetName=GND Pin=U5-AA17
Added Pin To Net: NetName=PA23 Pin=U5-AA20
Added Pin To Net: NetName=GND Pin=U5-AA21
Added Pin To Net: NetName=VDDCORE Pin=U5-B2
Added Pin To Net: NetName=PC25 Pin=U5-B3
Added Pin To Net: NetName=SHDN Pin=U5-B4
Added Pin To Net: NetName=GND Pin=U5-B6
Added Pin To Net: NetName=XIN24M Pin=U5-B7
Added Pin To Net: NetName=XOUT32K Pin=U5-B9
Added Pin To Net: NetName=SDMMC1_CAL Pin=U5-B13
Added Pin To Net: NetName=PB24 Pin=U5-B15
Added Pin To Net: NetName=PC29 Pin=U5-B16
Added Pin To Net: NetName=PD3 Pin=U5-B18
Added Pin To Net: NetName=NetR146_1 Pin=U5-B19
Added Pin To Net: NetName=VDDCPU Pin=U5-B20
Added Pin To Net: NetName=PA25 Pin=U5-B21
Added Pin To Net: NetName=PC11 Pin=U5-C1
Added Pin To Net: NetName=PC4 Pin=U5-C2
Added Pin To Net: NetName=GND Pin=U5-C4
Added Pin To Net: NetName=GND Pin=U5-C7
Added Pin To Net: NetName=PB27 Pin=U5-C11
Added Pin To Net: NetName=PB22 Pin=U5-C14
Added Pin To Net: NetName=PC27 Pin=U5-C15
Added Pin To Net: NetName=PD0 Pin=U5-C16
Added Pin To Net: NetName=3V3 Pin=U5-C17
Added Pin To Net: NetName=PB7 Pin=U5-C20
Added Pin To Net: NetName=PC13 Pin=U5-D1
Added Pin To Net: NetName=VDDOUT25 Pin=U5-D2
Added Pin To Net: NetName=NRST Pin=U5-D3
Added Pin To Net: NetName=PC17 Pin=U5-D4
Added Pin To Net: NetName=PC2 Pin=U5-D7
Added Pin To Net: NetName=GND Pin=U5-D9
Added Pin To Net: NetName=GND Pin=U5-D13
Added Pin To Net: NetName=PB23 Pin=U5-D14
Added Pin To Net: NetName=PB21 Pin=U5-D15
Added Pin To Net: NetName=PC28 Pin=U5-D16
Added Pin To Net: NetName=PC30 Pin=U5-D17
Added Pin To Net: NetName=PD12 Pin=U5-D18
Added Pin To Net: NetName=PA29 Pin=U5-D21
Added Pin To Net: NetName=GND Pin=U5-E1
Added Pin To Net: NetName=VDDOUT25 Pin=U5-E3
Added Pin To Net: NetName=NRST_OUT Pin=U5-E4
Added Pin To Net: NetName=VDDOUT25 Pin=U5-E5
Added Pin To Net: NetName=GND Pin=U5-E7
Added Pin To Net: NetName=VDDBU Pin=U5-E8
Added Pin To Net: NetName=SDMMC2_CAL Pin=U5-E14
Added Pin To Net: NetName=GND Pin=U5-E15
Added Pin To Net: NetName=VDDCPU Pin=U5-E16
Added Pin To Net: NetName=VDDCPU Pin=U5-E17
Added Pin To Net: NetName=PD16 Pin=U5-E18
Added Pin To Net: NetName=VDDCPU Pin=U5-E19
Added Pin To Net: NetName=GND Pin=U5-E21
Added Pin To Net: NetName=USBA_N Pin=U5-F1
Added Pin To Net: NetName=USBA_P Pin=U5-F2
Added Pin To Net: NetName=PC22 Pin=U5-F4
Added Pin To Net: NetName=PC24 Pin=U5-F5
Added Pin To Net: NetName=VDDCORE Pin=U5-F6
Added Pin To Net: NetName=3V3_eMMC Pin=U5-F9
Added Pin To Net: NetName=3V3 Pin=U5-F13
Added Pin To Net: NetName=PD9 Pin=U5-F14
Added Pin To Net: NetName=VDDCORE Pin=U5-F15
Added Pin To Net: NetName=GND Pin=U5-F16
Added Pin To Net: NetName=VDDCPU Pin=U5-F17
Added Pin To Net: NetName=PD19 Pin=U5-F18
Added Pin To Net: NetName=NetR148_1 Pin=U5-F20
Added Pin To Net: NetName=PA31 Pin=U5-F21
Added Pin To Net: NetName=EXP_USB_N Pin=U5-G1
Added Pin To Net: NetName=EXP_USB_P Pin=U5-G2
Added Pin To Net: NetName=GND Pin=U5-G5
Added Pin To Net: NetName=PC26 Pin=U5-G6
Added Pin To Net: NetName=3V3 Pin=U5-G7
Added Pin To Net: NetName=PC3 Pin=U5-G8
Added Pin To Net: NetName=GND Pin=U5-G9
Added Pin To Net: NetName=PD6 Pin=U5-G10
Added Pin To Net: NetName=GND Pin=U5-G11
Added Pin To Net: NetName=PD2 Pin=U5-G13
Added Pin To Net: NetName=PD8 Pin=U5-G14
Added Pin To Net: NetName=GND Pin=U5-G15
Added Pin To Net: NetName=PD10 Pin=U5-G16
Added Pin To Net: NetName=GND Pin=U5-G17
Added Pin To Net: NetName=PB1 Pin=U5-G21
Added Pin To Net: NetName=GND Pin=U5-H1
Added Pin To Net: NetName=VDDCORE Pin=U5-H3
Added Pin To Net: NetName=PC12 Pin=U5-H5
Added Pin To Net: NetName=GND Pin=U5-H8
Added Pin To Net: NetName=GND Pin=U5-H9
Added Pin To Net: NetName=NetR53_1 Pin=U5-H10
Added Pin To Net: NetName=PD11 Pin=U5-H11
Added Pin To Net: NetName=PD17 Pin=U5-H13
Added Pin To Net: NetName=GND Pin=U5-H14
Added Pin To Net: NetName=PD18 Pin=U5-H16
Added Pin To Net: NetName=3V3 Pin=U5-H19
Added Pin To Net: NetName=GND Pin=U5-H21
Added Pin To Net: NetName=GND Pin=U5-J4
Added Pin To Net: NetName=VDDOUT25 Pin=U5-J6
Added Pin To Net: NetName=PC14 Pin=U5-J7
Added Pin To Net: NetName=VDDCORE Pin=U5-J9
Added Pin To Net: NetName=PIOBU0 Pin=U5-J10
Added Pin To Net: NetName=PD13 Pin=U5-J11
Added Pin To Net: NetName=PD20 Pin=U5-J12
Added Pin To Net: NetName=VDDCORE Pin=U5-J13
Added Pin To Net: NetName=VDDCORE Pin=U5-J16
Added Pin To Net: NetName=GND Pin=U5-J18
Added Pin To Net: NetName=HHSRTUNE Pin=U5-K7
Added Pin To Net: NetName=GND Pin=U5-K11
Added Pin To Net: NetName=PB6 Pin=U5-K13
Added Pin To Net: NetName=PA26 Pin=U5-K14
Added Pin To Net: NetName=PA30 Pin=U5-K15
Added Pin To Net: NetName=GND Pin=U5-L1
Added Pin To Net: NetName=3V3 Pin=U5-L3
Added Pin To Net: NetName=GND Pin=U5-L7
Added Pin To Net: NetName=DDR_A8 Pin=U5-L8
Added Pin To Net: NetName=DDR_A14 Pin=U5-L9
Added Pin To Net: NetName=GND Pin=U5-L11
Added Pin To Net: NetName=GND Pin=U5-L15
Added Pin To Net: NetName=3V3 Pin=U5-L19
Added Pin To Net: NetName=GND Pin=U5-L21
Added Pin To Net: NetName=DDR_D1 Pin=U5-M7
Added Pin To Net: NetName=DDR_D3 Pin=U5-M8
Added Pin To Net: NetName=DDR_A11 Pin=U5-M9
Added Pin To Net: NetName=VDDIODDR Pin=U5-M11
Added Pin To Net: NetName=QSPI0_CAL Pin=U5-M13
Added Pin To Net: NetName=DDR_DQM0 Pin=U5-N1
Added Pin To Net: NetName=DDR_D0 Pin=U5-N2
Added Pin To Net: NetName=GND Pin=U5-N4
Added Pin To Net: NetName=VDDIODDR Pin=U5-N6
Added Pin To Net: NetName=DDR_D7 Pin=U5-N7
Added Pin To Net: NetName=DDR_D5 Pin=U5-N8
Added Pin To Net: NetName=VDDIODDR Pin=U5-N9
Added Pin To Net: NetName=DDR_WE Pin=U5-N10
Added Pin To Net: NetName=VDDIODDR Pin=U5-N12
Added Pin To Net: NetName=VDDCORE Pin=U5-N13
Added Pin To Net: NetName=PB13 Pin=U5-N14
Added Pin To Net: NetName=VDDCORE Pin=U5-N16
Added Pin To Net: NetName=GND Pin=U5-N18
Added Pin To Net: NetName=GND Pin=U5-P1
Added Pin To Net: NetName=VDDIODDR Pin=U5-P3
Added Pin To Net: NetName=DDR_BA1 Pin=U5-P4
Added Pin To Net: NetName=DDR_A12 Pin=U5-P5
Added Pin To Net: NetName=DDR_A1 Pin=U5-P6
Added Pin To Net: NetName=DDR_A6 Pin=U5-P7
Added Pin To Net: NetName=GND Pin=U5-P8
Added Pin To Net: NetName=PA24 Pin=U5-P9
Added Pin To Net: NetName=PA22 Pin=U5-P10
Added Pin To Net: NetName=PA13 Pin=U5-P11
Added Pin To Net: NetName=PA11 Pin=U5-P12
Added Pin To Net: NetName=VDDIODDR Pin=U5-P13
Added Pin To Net: NetName=GND Pin=U5-P14
Added Pin To Net: NetName=PA7 Pin=U5-P15
Added Pin To Net: NetName=PA4 Pin=U5-P16
Added Pin To Net: NetName=PB10 Pin=U5-P17
Added Pin To Net: NetName=PB12 Pin=U5-P18
Added Pin To Net: NetName=3V3 Pin=U5-P19
Added Pin To Net: NetName=GND Pin=U5-P21
Added Pin To Net: NetName=DDR_DQS0_P Pin=U5-R1
Added Pin To Net: NetName=DDR_DQS0_N Pin=U5-R2
Added Pin To Net: NetName=DDR_D2 Pin=U5-R3
Added Pin To Net: NetName=DDR_A15 Pin=U5-R4
Added Pin To Net: NetName=GND Pin=U5-R5
Added Pin To Net: NetName=DDR_A4 Pin=U5-R6
Added Pin To Net: NetName=GND Pin=U5-R7
Added Pin To Net: NetName=DDR_BA2 Pin=U5-R8
Added Pin To Net: NetName=PA17 Pin=U5-R9
Added Pin To Net: NetName=GND Pin=U5-R11
Added Pin To Net: NetName=PA10 Pin=U5-R12
Added Pin To Net: NetName=PA8 Pin=U5-R13
Added Pin To Net: NetName=PA2 Pin=U5-R14
Added Pin To Net: NetName=GND Pin=U5-R15
Added Pin To Net: NetName=SDMMC0_CAL Pin=U5-R16
Added Pin To Net: NetName=GND Pin=U5-R17
Added Pin To Net: NetName=PB9 Pin=U5-R18
Added Pin To Net: NetName=PB11 Pin=U5-R19
Added Pin To Net: NetName=DDR_D6 Pin=U5-T1
Added Pin To Net: NetName=DDR_D4 Pin=U5-T2
Added Pin To Net: NetName=DDR_A10 Pin=U5-T3
Added Pin To Net: NetName=DDR_CK_N Pin=U5-T4
Added Pin To Net: NetName=GND Pin=U5-T5
Added Pin To Net: NetName=VDDIODDR Pin=U5-T6
Added Pin To Net: NetName=VDDIODDR Pin=U5-T7
Added Pin To Net: NetName=DDR_CAS Pin=U5-T8
Added Pin To Net: NetName=VDDIODDR Pin=U5-T9
Added Pin To Net: NetName=3V3 Pin=U5-T13
Added Pin To Net: NetName=PA6 Pin=U5-T14
Added Pin To Net: NetName=VDDCORE Pin=U5-T15
Added Pin To Net: NetName=VDDOUT25 Pin=U5-T16
Added Pin To Net: NetName=GND Pin=U5-T17
Added Pin To Net: NetName=PA3 Pin=U5-T18
Added Pin To Net: NetName=PB8 Pin=U5-T19
Added Pin To Net: NetName=GND Pin=U5-U1
Added Pin To Net: NetName=VDDIODDR Pin=U5-U3
Added Pin To Net: NetName=DDR_CK_P Pin=U5-U4
Added Pin To Net: NetName=VDDIODDR Pin=U5-U5
Added Pin To Net: NetName=VDDIODDR Pin=U5-U6
Added Pin To Net: NetName=GND Pin=U5-U7
Added Pin To Net: NetName=DDR_RAS Pin=U5-U8
Added Pin To Net: NetName=PA9 Pin=U5-U14
Added Pin To Net: NetName=GND Pin=U5-U15
Added Pin To Net: NetName=VDDCORE Pin=U5-U16
Added Pin To Net: NetName=VDDCORE Pin=U5-U17
Added Pin To Net: NetName=PA0 Pin=U5-U18
Added Pin To Net: NetName=VDDCORE Pin=U5-U19
Added Pin To Net: NetName=GND Pin=U5-U21
Added Pin To Net: NetName=DDR_RESET Pin=U5-V1
Added Pin To Net: NetName=DDR_A13 Pin=U5-V2
Added Pin To Net: NetName=DDR_CKE Pin=U5-V3
Added Pin To Net: NetName=DDR_A9 Pin=U5-V4
Added Pin To Net: NetName=DDR_A2 Pin=U5-V5
Added Pin To Net: NetName=DDR_A3 Pin=U5-V6
Added Pin To Net: NetName=DDR_CS Pin=U5-V7
Added Pin To Net: NetName=DDR_BA0 Pin=U5-V8
Added Pin To Net: NetName=GND Pin=U5-V9
Added Pin To Net: NetName=GND Pin=U5-V13
Added Pin To Net: NetName=PA14 Pin=U5-V14
Added Pin To Net: NetName=PA5 Pin=U5-V16
Added Pin To Net: NetName=PA1 Pin=U5-V17
Added Pin To Net: NetName=MIPI_REXT Pin=U5-V18
Added Pin To Net: NetName=VDDCORE Pin=U5-V19
Added Pin To Net: NetName=DDR_ODT Pin=U5-W1
Added Pin To Net: NetName=DDR_A7 Pin=U5-W2
Added Pin To Net: NetName=DDR_D15 Pin=U5-W3
Added Pin To Net: NetName=DDR_A5 Pin=U5-W4
Added Pin To Net: NetName=GND Pin=U5-W5
Added Pin To Net: NetName=DDR_A0 Pin=U5-W6
Added Pin To Net: NetName=DDR_D14 Pin=U5-W7
Added Pin To Net: NetName=VDDIODDR Pin=U5-W8
Added Pin To Net: NetName=VDDOUT25 Pin=U5-W11
Added Pin To Net: NetName=VDDOUT25 Pin=U5-W14
Added Pin To Net: NetName=PA12 Pin=U5-W15
Added Pin To Net: NetName=PA18 Pin=U5-W16
Added Pin To Net: NetName=3V3_eMMC Pin=U5-W17
Added Pin To Net: NetName=PA19 Pin=U5-W18
Added Pin To Net: NetName=PA21 Pin=U5-W19
Added Pin To Net: NetName=DDR_VREF Pin=U5-Y1
Added Pin To Net: NetName=VDDIODDR Pin=U5-Y2
Added Pin To Net: NetName=DDR_D11 Pin=U5-Y3
Added Pin To Net: NetName=DDR_DQM1 Pin=U5-Y4
Added Pin To Net: NetName=DDR_DQS1_P Pin=U5-Y6
Added Pin To Net: NetName=DDR_D8 Pin=U5-Y7
Added Pin To Net: NetName=DDR_D10 Pin=U5-Y9
Added Pin To Net: NetName=PE9 Pin=U5-Y16
Add Pin To Net: Unknown Pin: Pin U23-13
Added Member To Class: ClassName=SAMA7D65_PIO Member=Component U5 SAMA7D65
