Removed Pin From Net: NetName=GND Pin=C170-1
Removed Pin From Net: NetName=3V3 Pin=C170-2
Removed Pin From Net: NetName=GND Pin=C172-1
Removed Pin From Net: NetName=3V3 Pin=C172-2
Removed Pin From Net: NetName=NetCR4_1 Pin=CR4-1
Removed Pin From Net: NetName=NetCR4_2 Pin=CR4-2
Removed Pin From Net: NetName=GND Pin=J9-5
Removed Pin From Net: NetName=LVDS_TxD_P Pin=J15-1
Removed Pin From Net: NetName=LVDS_TxD_N Pin=J15-2
Removed Pin From Net: NetName=LVDS_RXD_P Pin=J15-3
Removed Pin From Net: NetName=LVDS_RXD_N Pin=J15-4
Removed Pin From Net: NetName=LVDS_TxC_P Pin=J15-6
Removed Pin From Net: NetName=LVDS_TxC_N Pin=J15-7
Removed Pin From Net: NetName=LVDS_RXC_P Pin=J15-8
Removed Pin From Net: NetName=LVDS_RXC_N Pin=J15-9
Removed Pin From Net: NetName=GND Pin=J15-M1
Removed Pin From Net: NetName=GND Pin=J15-M2
Removed Pin From Net: NetName=FLEXCOM2_SPI_MISO Pin=R143-2
Removed Pin From Net: NetName=FLEXCOM2_SPI_CLK Pin=R148-2
Removed Pin From Net: NetName=NetCR4_1 Pin=R214-1
Removed Pin From Net: NetName=NetCR4_2 Pin=R215-2
Removed Pin From Net: NetName=NetC171_2 Pin=U20-5
Removed Pin From Net: NetName=NetCR4_2 Pin=U21-6
Removed Pin From Net: NetName=NetCR4_1 Pin=U21-7
Removed Member From Class: ClassName=CAN_PHY Member=C170
Removed Member From Class: ClassName=SAMA7D65_MPU Member=C?
Removed Member From Class: ClassName=LVDS Member=J15
Removed Member From Class: ClassName=CONNECTOR Member=R11
Removed Member From Class: ClassName=CONNECTOR Member=R12
Removed Member From Class: ClassName=SAMA7D65_PMIC Member=R26
Removed Member From Class: ClassName=SAMA7D65_PMIC Member=R29
Removed Member From Class: ClassName=SAMA7D65_MPU Member=R45
Removed Member From Class: ClassName=SAMA7D65_PIO Member=R53
Removed Member From Class: ClassName=SAMA7D65_MPU Member=R94
Removed Member From Class: ClassName=SAMA7D65_PMIC Member=R94
Removed Member From Class: ClassName=SAMA7D65_DDR3L Member=R152
Removed Member From Class: ClassName=SAMA7D65_DDR3L Member=R153
Removed Member From Class: ClassName=eMMC Member=R156
Removed Member From Class: ClassName=eMMC Member=R157
Removed Member From Class: ClassName=SDCARD Member=R175
Removed Member From Class: ClassName=SDCARD Member=R176
Removed Member From Class: ClassName=EEPROM Member=R182
Removed Member From Class: ClassName=DEBUG Member=R183
Removed Member From Class: ClassName=USB Member=R183
Removed Member From Class: ClassName=DEBUG Member=R184
Removed Member From Class: ClassName=TEMP Member=R192
Removed Member From Class: ClassName=TEMP Member=R193
Removed Member From Class: ClassName=RTC Member=R195
Removed Member From Class: ClassName=RTC Member=R196
Removed Member From Class: ClassName=CAN_PHY Member=R207
Removed Member From Class: ClassName=CAN_PHY Member=R208
Removed Member From Class: ClassName=BUTTON_LED Member=R215
Removed Member From Class: ClassName=CAN_PHY Member=R215
Removed Member From Class: ClassName=BUTTON_LED Member=R216
Removed Member From Class: ClassName=RS485 Member=R220
Removed Member From Class: ClassName=RS422 Member=R223
Removed Member From Class: ClassName=JTAG Member=NetJ14_3
Removed Member From Class: ClassName=JTAG Member=NetJ14_5
Removed Member From Class: ClassName=JTAG Member=NetJ14_7
Removed Member From Class: ClassName=JTAG Member=NetJ14_9
Removed Member From Class: ClassName=JTAG Member=NetJ14_13
Change Component Footprint: Designator=J15 Old Footprint=5040500991 New Footprint=Header_254P_5x1
Change Component Footprint: Designator=C173 Old Footprint=CAP_C_1005X60 New Footprint=CAP_C_1005X50_L
Change Component Footprint: Designator=C174 Old Footprint=CAP_C_1005X60 New Footprint=CAP_C_1005X50_L
Change Component Footprint: Designator=R224 Old Footprint=RES_C_1005X40 New Footprint=RES_C_1005x30_L
Change Component Footprint: Designator=R225 Old Footprint=RES_C_1005X40 New Footprint=RES_C_1005x30_L
Change Component Footprint: Designator=R229 Old Footprint=RES_C_1005X40 New Footprint=RES_C_1005x30_L
Change Component Comment : Designator=C173 Old Comment=1uF/16V New Comment=0.1uF/10V
Change Component Comment : Designator=C169 Old Comment=1uF/20V New Comment=0.1uF/10V
Change Component Comment : Designator=R186 Old Comment=3.3k New Comment=10k
Change Component Comment : Designator=R187 Old Comment=3.3k New Comment=10k
Change Component Comment : Designator=C171 Old Comment=47nF/10V New Comment=0.1uF/10V
Change Component Comment : Designator=C174 Old Comment=47nF/16V New Comment=0.1uF/10V
Change Component Comment : Designator=J15 Old Comment=5040500991 New Comment=HEADER 5x1
Change Component Designator: OldDesignator=C45 NewDesignator=C46
Change Component Designator: OldDesignator=C46 NewDesignator=C47
Change Component Designator: OldDesignator=C47 NewDesignator=C48
Change Component Designator: OldDesignator=C48 NewDesignator=C49
Change Component Designator: OldDesignator=C49 NewDesignator=C50
Change Component Designator: OldDesignator=C50 NewDesignator=C51
Change Component Designator: OldDesignator=C51 NewDesignator=C52
Change Component Designator: OldDesignator=C52 NewDesignator=C53
Change Component Designator: OldDesignator=C53 NewDesignator=C54
Change Component Designator: OldDesignator=C54 NewDesignator=C55
Change Component Designator: OldDesignator=C55 NewDesignator=C56
Change Component Designator: OldDesignator=C56 NewDesignator=C57
Change Component Designator: OldDesignator=C57 NewDesignator=C58
Change Component Designator: OldDesignator=C58 NewDesignator=C59
Change Component Designator: OldDesignator=C59 NewDesignator=C60
Change Component Designator: OldDesignator=C60 NewDesignator=C61
Change Component Designator: OldDesignator=C61 NewDesignator=C62
Change Component Designator: OldDesignator=C62 NewDesignator=C63
Change Component Designator: OldDesignator=C63 NewDesignator=C64
Change Component Designator: OldDesignator=C64 NewDesignator=C65
Change Component Designator: OldDesignator=C65 NewDesignator=C66
Change Component Designator: OldDesignator=C66 NewDesignator=C67
Change Component Designator: OldDesignator=C67 NewDesignator=C68
Change Component Designator: OldDesignator=C68 NewDesignator=C69
Change Component Designator: OldDesignator=C69 NewDesignator=C70
Change Component Designator: OldDesignator=C70 NewDesignator=C71
Change Component Designator: OldDesignator=C71 NewDesignator=C72
Change Component Designator: OldDesignator=C72 NewDesignator=C73
Change Component Designator: OldDesignator=C73 NewDesignator=C76
Change Component Designator: OldDesignator=C74 NewDesignator=C77
Change Component Designator: OldDesignator=C75 NewDesignator=C78
Change Component Designator: OldDesignator=C76 NewDesignator=C79
Change Component Designator: OldDesignator=C77 NewDesignator=C74
Change Component Designator: OldDesignator=C78 NewDesignator=C75
Change Component Designator: OldDesignator=C79 NewDesignator=C80
Change Component Designator: OldDesignator=C80 NewDesignator=C81
Change Component Designator: OldDesignator=C81 NewDesignator=C82
Change Component Designator: OldDesignator=C82 NewDesignator=C83
Change Component Designator: OldDesignator=C83 NewDesignator=C84
Change Component Designator: OldDesignator=C84 NewDesignator=C85
Change Component Designator: OldDesignator=C85 NewDesignator=C86
Change Component Designator: OldDesignator=C86 NewDesignator=C87
Change Component Designator: OldDesignator=C87 NewDesignator=C88
Change Component Designator: OldDesignator=C88 NewDesignator=C89
Change Component Designator: OldDesignator=C89 NewDesignator=C90
Change Component Designator: OldDesignator=C90 NewDesignator=C91
Change Component Designator: OldDesignator=C91 NewDesignator=C92
Change Component Designator: OldDesignator=C92 NewDesignator=C93
Change Component Designator: OldDesignator=C93 NewDesignator=C94
Change Component Designator: OldDesignator=C94 NewDesignator=C95
Change Component Designator: OldDesignator=C95 NewDesignator=C96
Change Component Designator: OldDesignator=C96 NewDesignator=C97
Change Component Designator: OldDesignator=C97 NewDesignator=C98
Change Component Designator: OldDesignator=C98 NewDesignator=C99
Change Component Designator: OldDesignator=C99 NewDesignator=C100
Change Component Designator: OldDesignator=C100 NewDesignator=C101
Change Component Designator: OldDesignator=C101 NewDesignator=C102
Change Component Designator: OldDesignator=C102 NewDesignator=C103
Change Component Designator: OldDesignator=C103 NewDesignator=C104
Change Component Designator: OldDesignator=C104 NewDesignator=C105
Change Component Designator: OldDesignator=C105 NewDesignator=C106
Change Component Designator: OldDesignator=C106 NewDesignator=C107
Change Component Designator: OldDesignator=C107 NewDesignator=C108
Change Component Designator: OldDesignator=C108 NewDesignator=C109
Change Component Designator: OldDesignator=C109 NewDesignator=C110
Change Component Designator: OldDesignator=C110 NewDesignator=C111
Change Component Designator: OldDesignator=C111 NewDesignator=C112
Change Component Designator: OldDesignator=C112 NewDesignator=C113
Change Component Designator: OldDesignator=C113 NewDesignator=C114
Change Component Designator: OldDesignator=C114 NewDesignator=C115
Change Component Designator: OldDesignator=C115 NewDesignator=C116
Change Component Designator: OldDesignator=C116 NewDesignator=C117
Change Component Designator: OldDesignator=C117 NewDesignator=C118
Change Component Designator: OldDesignator=C118 NewDesignator=C119
Change Component Designator: OldDesignator=C119 NewDesignator=C120
Change Component Designator: OldDesignator=C120 NewDesignator=C121
Change Component Designator: OldDesignator=C121 NewDesignator=C122
Change Component Designator: OldDesignator=C122 NewDesignator=C123
Change Component Designator: OldDesignator=C123 NewDesignator=C124
Change Component Designator: OldDesignator=C124 NewDesignator=C125
Change Component Designator: OldDesignator=C125 NewDesignator=C126
Change Component Designator: OldDesignator=C126 NewDesignator=C127
Change Component Designator: OldDesignator=C127 NewDesignator=C128
Change Component Designator: OldDesignator=C128 NewDesignator=C129
Change Component Designator: OldDesignator=C129 NewDesignator=C130
Change Component Designator: OldDesignator=C130 NewDesignator=C131
Change Component Designator: OldDesignator=C131 NewDesignator=C132
Change Component Designator: OldDesignator=C132 NewDesignator=C133
Change Component Designator: OldDesignator=C133 NewDesignator=C134
Change Component Designator: OldDesignator=C134 NewDesignator=C135
Change Component Designator: OldDesignator=C135 NewDesignator=C136
Change Component Designator: OldDesignator=C136 NewDesignator=C137
Change Component Designator: OldDesignator=C137 NewDesignator=C138
Change Component Designator: OldDesignator=C138 NewDesignator=C139
Change Component Designator: OldDesignator=C139 NewDesignator=C140
Change Component Designator: OldDesignator=C140 NewDesignator=C141
Change Component Designator: OldDesignator=C141 NewDesignator=C142
Change Component Designator: OldDesignator=C142 NewDesignator=C143
Change Component Designator: OldDesignator=C143 NewDesignator=C144
Change Component Designator: OldDesignator=C144 NewDesignator=C145
Change Component Designator: OldDesignator=C145 NewDesignator=C146
Change Component Designator: OldDesignator=C146 NewDesignator=C147
Change Component Designator: OldDesignator=C147 NewDesignator=C148
Change Component Designator: OldDesignator=C148 NewDesignator=C149
Change Component Designator: OldDesignator=C149 NewDesignator=C150
Change Component Designator: OldDesignator=C150 NewDesignator=C151
Change Component Designator: OldDesignator=C151 NewDesignator=C152
Change Component Designator: OldDesignator=C152 NewDesignator=C153
Change Component Designator: OldDesignator=C153 NewDesignator=C154
Change Component Designator: OldDesignator=C154 NewDesignator=C155
Change Component Designator: OldDesignator=C155 NewDesignator=C156
Change Component Designator: OldDesignator=C156 NewDesignator=C157
Change Component Designator: OldDesignator=C157 NewDesignator=C158
Change Component Designator: OldDesignator=C158 NewDesignator=C159
Change Component Designator: OldDesignator=C159 NewDesignator=C160
Change Component Designator: OldDesignator=C160 NewDesignator=C161
Change Component Designator: OldDesignator=C161 NewDesignator=C162
Change Component Designator: OldDesignator=C162 NewDesignator=C163
Change Component Designator: OldDesignator=C163 NewDesignator=C164
Change Component Designator: OldDesignator=C164 NewDesignator=C165
Change Component Designator: OldDesignator=C165 NewDesignator=C166
Change Component Designator: OldDesignator=C166 NewDesignator=C167
Change Component Designator: OldDesignator=C167 NewDesignator=C168
Change Component Designator: OldDesignator=C168 NewDesignator=C169
Change Component Designator: OldDesignator=C169 NewDesignator=C170
Change Component Designator: OldDesignator=C171 NewDesignator=C172
Change Component Designator: OldDesignator=C? NewDesignator=C45
Change Component Designator: OldDesignator=J5 NewDesignator=J6
Change Component Designator: OldDesignator=J6 NewDesignator=J7
Change Component Designator: OldDesignator=J7 NewDesignator=J5
Change Component Designator: OldDesignator=J8 NewDesignator=J9
Change Component Designator: OldDesignator=J10 NewDesignator=J11
Change Component Designator: OldDesignator=J11 NewDesignator=J10
Change Component Designator: OldDesignator=J12 NewDesignator=J13
Change Component Designator: OldDesignator=J13 NewDesignator=J14
Change Component Designator: OldDesignator=J14 NewDesignator=J15
Change Component Designator: OldDesignator=J15 NewDesignator=J16
Change Component Designator: OldDesignator=R30 NewDesignator=R31
Change Component Designator: OldDesignator=R31 NewDesignator=R32
Change Component Designator: OldDesignator=R32 NewDesignator=R33
Change Component Designator: OldDesignator=R33 NewDesignator=R34
Change Component Designator: OldDesignator=R34 NewDesignator=R35
Change Component Designator: OldDesignator=R35 NewDesignator=R36
Change Component Designator: OldDesignator=R36 NewDesignator=R37
Change Component Designator: OldDesignator=R37 NewDesignator=R38
Change Component Designator: OldDesignator=R38 NewDesignator=R39
Change Component Designator: OldDesignator=R39 NewDesignator=R40
Change Component Designator: OldDesignator=R40 NewDesignator=R41
Change Component Designator: OldDesignator=R41 NewDesignator=R42
Change Component Designator: OldDesignator=R42 NewDesignator=R43
Change Component Designator: OldDesignator=R43 NewDesignator=R44
Change Component Designator: OldDesignator=R44 NewDesignator=R45
Change Component Designator: OldDesignator=R45 NewDesignator=R46
Change Component Designator: OldDesignator=R46 NewDesignator=R49
Change Component Designator: OldDesignator=R47 NewDesignator=R48
Change Component Designator: OldDesignator=R48 NewDesignator=R51
Change Component Designator: OldDesignator=R49 NewDesignator=R52
Change Component Designator: OldDesignator=R50 NewDesignator=R53
Change Component Designator: OldDesignator=R51 NewDesignator=R54
Change Component Designator: OldDesignator=R52 NewDesignator=R55
Change Component Designator: OldDesignator=R53 NewDesignator=R57
Change Component Designator: OldDesignator=R54 NewDesignator=R58
Change Component Designator: OldDesignator=R55 NewDesignator=R59
Change Component Designator: OldDesignator=R56 NewDesignator=R60
Change Component Designator: OldDesignator=R57 NewDesignator=R61
Change Component Designator: OldDesignator=R58 NewDesignator=R62
Change Component Designator: OldDesignator=R59 NewDesignator=R63
Change Component Designator: OldDesignator=R60 NewDesignator=R64
Change Component Designator: OldDesignator=R61 NewDesignator=R65
Change Component Designator: OldDesignator=R62 NewDesignator=R66
Change Component Designator: OldDesignator=R63 NewDesignator=R67
Change Component Designator: OldDesignator=R64 NewDesignator=R68
Change Component Designator: OldDesignator=R65 NewDesignator=R69
Change Component Designator: OldDesignator=R66 NewDesignator=R70
Change Component Designator: OldDesignator=R67 NewDesignator=R71
Change Component Designator: OldDesignator=R68 NewDesignator=R72
Change Component Designator: OldDesignator=R69 NewDesignator=R73
Change Component Designator: OldDesignator=R70 NewDesignator=R74
Change Component Designator: OldDesignator=R71 NewDesignator=R75
Change Component Designator: OldDesignator=R72 NewDesignator=R76
Change Component Designator: OldDesignator=R73 NewDesignator=R77
Change Component Designator: OldDesignator=R74 NewDesignator=R78
Change Component Designator: OldDesignator=R75 NewDesignator=R79
Change Component Designator: OldDesignator=R76 NewDesignator=R80
Change Component Designator: OldDesignator=R77 NewDesignator=R81
Change Component Designator: OldDesignator=R78 NewDesignator=R82
Change Component Designator: OldDesignator=R79 NewDesignator=R83
Change Component Designator: OldDesignator=R80 NewDesignator=R84
Change Component Designator: OldDesignator=R81 NewDesignator=R85
Change Component Designator: OldDesignator=R82 NewDesignator=R86
Change Component Designator: OldDesignator=R83 NewDesignator=R87
Change Component Designator: OldDesignator=R84 NewDesignator=R89
Change Component Designator: OldDesignator=R85 NewDesignator=R90
Change Component Designator: OldDesignator=R86 NewDesignator=R91
Change Component Designator: OldDesignator=R87 NewDesignator=R92
Change Component Designator: OldDesignator=R88 NewDesignator=R93
Change Component Designator: OldDesignator=R89 NewDesignator=R94
Change Component Designator: OldDesignator=R90 NewDesignator=R95
Change Component Designator: OldDesignator=R91 NewDesignator=R96
Change Component Designator: OldDesignator=R92 NewDesignator=R98
Change Component Designator: OldDesignator=R93 NewDesignator=R99
Change Component Designator: OldDesignator=R94 NewDesignator=R100
Change Component Designator: OldDesignator=R95 NewDesignator=R101
Change Component Designator: OldDesignator=R96 NewDesignator=R102
Change Component Designator: OldDesignator=R97 NewDesignator=R103
Change Component Designator: OldDesignator=R99 NewDesignator=R104
Change Component Designator: OldDesignator=R100 NewDesignator=R105
Change Component Designator: OldDesignator=R101 NewDesignator=R106
Change Component Designator: OldDesignator=R102 NewDesignator=R107
Change Component Designator: OldDesignator=R103 NewDesignator=R108
Change Component Designator: OldDesignator=R104 NewDesignator=R109
Change Component Designator: OldDesignator=R105 NewDesignator=R110
Change Component Designator: OldDesignator=R106 NewDesignator=R111
Change Component Designator: OldDesignator=R107 NewDesignator=R112
Change Component Designator: OldDesignator=R108 NewDesignator=R113
Change Component Designator: OldDesignator=R109 NewDesignator=R114
Change Component Designator: OldDesignator=R110 NewDesignator=R115
Change Component Designator: OldDesignator=R111 NewDesignator=R116
Change Component Designator: OldDesignator=R112 NewDesignator=R117
Change Component Designator: OldDesignator=R113 NewDesignator=R118
Change Component Designator: OldDesignator=R114 NewDesignator=R119
Change Component Designator: OldDesignator=R115 NewDesignator=R120
Change Component Designator: OldDesignator=R116 NewDesignator=R121
Change Component Designator: OldDesignator=R117 NewDesignator=R122
Change Component Designator: OldDesignator=R118 NewDesignator=R123
Change Component Designator: OldDesignator=R119 NewDesignator=R124
Change Component Designator: OldDesignator=R120 NewDesignator=R125
Change Component Designator: OldDesignator=R121 NewDesignator=R126
Change Component Designator: OldDesignator=R122 NewDesignator=R127
Change Component Designator: OldDesignator=R123 NewDesignator=R128
Change Component Designator: OldDesignator=R124 NewDesignator=R129
Change Component Designator: OldDesignator=R125 NewDesignator=R130
Change Component Designator: OldDesignator=R126 NewDesignator=R131
Change Component Designator: OldDesignator=R127 NewDesignator=R132
Change Component Designator: OldDesignator=R128 NewDesignator=R133
Change Component Designator: OldDesignator=R129 NewDesignator=R134
Change Component Designator: OldDesignator=R130 NewDesignator=R135
Change Component Designator: OldDesignator=R132 NewDesignator=R137
Change Component Designator: OldDesignator=R133 NewDesignator=R138
Change Component Designator: OldDesignator=R134 NewDesignator=R139
Change Component Designator: OldDesignator=R135 NewDesignator=R140
Change Component Designator: OldDesignator=R136 NewDesignator=R141
Change Component Designator: OldDesignator=R137 NewDesignator=R142
Change Component Designator: OldDesignator=R138 NewDesignator=R143
Change Component Designator: OldDesignator=R140 NewDesignator=R145
Change Component Designator: OldDesignator=R141 NewDesignator=R146
Change Component Designator: OldDesignator=R142 NewDesignator=R147
Change Component Designator: OldDesignator=R143 NewDesignator=R148
Change Component Designator: OldDesignator=R144 NewDesignator=R149
Change Component Designator: OldDesignator=R145 NewDesignator=R150
Change Component Designator: OldDesignator=R147 NewDesignator=R151
Change Component Designator: OldDesignator=R148 NewDesignator=R152
Change Component Designator: OldDesignator=R149 NewDesignator=R153
Change Component Designator: OldDesignator=R150 NewDesignator=R154
Change Component Designator: OldDesignator=R151 NewDesignator=R155
Change Component Designator: OldDesignator=R152 NewDesignator=R156
Change Component Designator: OldDesignator=R153 NewDesignator=R157
Change Component Designator: OldDesignator=R154 NewDesignator=R158
Change Component Designator: OldDesignator=R155 NewDesignator=R159
Change Component Designator: OldDesignator=R156 NewDesignator=R160
Change Component Designator: OldDesignator=R157 NewDesignator=R161
Change Component Designator: OldDesignator=R158 NewDesignator=R162
Change Component Designator: OldDesignator=R159 NewDesignator=R163
Change Component Designator: OldDesignator=R160 NewDesignator=R164
Change Component Designator: OldDesignator=R161 NewDesignator=R165
Change Component Designator: OldDesignator=R162 NewDesignator=R166
Change Component Designator: OldDesignator=R163 NewDesignator=R167
Change Component Designator: OldDesignator=R164 NewDesignator=R168
Change Component Designator: OldDesignator=R165 NewDesignator=R169
Change Component Designator: OldDesignator=R166 NewDesignator=R170
Change Component Designator: OldDesignator=R167 NewDesignator=R171
Change Component Designator: OldDesignator=R168 NewDesignator=R172
Change Component Designator: OldDesignator=R169 NewDesignator=R173
Change Component Designator: OldDesignator=R170 NewDesignator=R174
Change Component Designator: OldDesignator=R171 NewDesignator=R175
Change Component Designator: OldDesignator=R172 NewDesignator=R176
Change Component Designator: OldDesignator=R173 NewDesignator=R177
Change Component Designator: OldDesignator=R174 NewDesignator=R178
Change Component Designator: OldDesignator=R175 NewDesignator=R179
Change Component Designator: OldDesignator=R176 NewDesignator=R180
Change Component Designator: OldDesignator=R177 NewDesignator=R181
Change Component Designator: OldDesignator=R178 NewDesignator=R182
Change Component Designator: OldDesignator=R179 NewDesignator=R183
Change Component Designator: OldDesignator=R180 NewDesignator=R184
Change Component Designator: OldDesignator=R181 NewDesignator=R185
Change Component Designator: OldDesignator=R182 NewDesignator=R186
Change Component Designator: OldDesignator=R183 NewDesignator=R187
Change Component Designator: OldDesignator=R184 NewDesignator=R188
Change Component Designator: OldDesignator=R185 NewDesignator=R189
Change Component Designator: OldDesignator=R186 NewDesignator=R190
Change Component Designator: OldDesignator=R187 NewDesignator=R191
Change Component Designator: OldDesignator=R188 NewDesignator=R192
Change Component Designator: OldDesignator=R189 NewDesignator=R193
Change Component Designator: OldDesignator=R190 NewDesignator=R194
Change Component Designator: OldDesignator=R191 NewDesignator=R195
Change Component Designator: OldDesignator=R192 NewDesignator=R196
Change Component Designator: OldDesignator=R193 NewDesignator=R197
Change Component Designator: OldDesignator=R194 NewDesignator=R198
Change Component Designator: OldDesignator=R195 NewDesignator=R199
Change Component Designator: OldDesignator=R196 NewDesignator=R200
Change Component Designator: OldDesignator=R197 NewDesignator=R201
Change Component Designator: OldDesignator=R198 NewDesignator=R202
Change Component Designator: OldDesignator=R199 NewDesignator=R203
Change Component Designator: OldDesignator=R200 NewDesignator=R204
Change Component Designator: OldDesignator=R201 NewDesignator=R205
Change Component Designator: OldDesignator=R202 NewDesignator=R206
Change Component Designator: OldDesignator=R203 NewDesignator=R207
Change Component Designator: OldDesignator=R204 NewDesignator=R208
Change Component Designator: OldDesignator=R205 NewDesignator=R209
Change Component Designator: OldDesignator=R206 NewDesignator=R210
Change Component Designator: OldDesignator=R207 NewDesignator=R211
Change Component Designator: OldDesignator=R208 NewDesignator=R212
Change Component Designator: OldDesignator=R209 NewDesignator=R213
Change Component Designator: OldDesignator=R210 NewDesignator=R214
Change Component Designator: OldDesignator=R211 NewDesignator=R215
Change Component Designator: OldDesignator=R212 NewDesignator=R217
Change Component Designator: OldDesignator=R213 NewDesignator=R218
Change Component Designator: OldDesignator=R216 NewDesignator=R219
Change Component Designator: OldDesignator=R217 NewDesignator=R220
Change Component Designator: OldDesignator=R218 NewDesignator=R221
Change Component Designator: OldDesignator=R219 NewDesignator=R222
Change Component Designator: OldDesignator=R220 NewDesignator=R223
Change Component Designator: OldDesignator=R221 NewDesignator=R224
Change Component Designator: OldDesignator=R222 NewDesignator=R225
Change Component Designator: OldDesignator=R223 NewDesignator=R226
Change Component Designator: OldDesignator=R224 NewDesignator=R227
Change Component Designator: OldDesignator=R225 NewDesignator=R228
Change Component Designator: OldDesignator=R226 NewDesignator=R229
Change Component Designator: OldDesignator=R227 NewDesignator=R230
Change Component Designator: OldDesignator=R228 NewDesignator=R231
Change Component Designator: OldDesignator=R229 NewDesignator=R232
Change Component Designator: OldDesignator=R? NewDesignator=R30
Change Component Designator: OldDesignator=R? NewDesignator=R47
Change Component Designator: OldDesignator=R? NewDesignator=R50
Change Component Designator: OldDesignator=R? NewDesignator=R56
Change Component Designator: OldDesignator=R? NewDesignator=R88
Change Component Designator: OldDesignator=R? NewDesignator=R97
Change Component Designator: OldDesignator=R? NewDesignator=R136
Change Component Designator: OldDesignator=R? NewDesignator=R144
Added Component: Designator=C171(CAP_C_1005X50_L)
Added Component: Designator=J8(5040500991)
Added Component: Designator=J12(5040500691)
Add component (AddParameter): Name = "Copyright"; Value = "Copyright (C) 2025 Ultra Librarian. All rights reserved."; VariantName = "[No Variations]"
Add component (AddParameter): Name = "Datasheet"; Value = "https://www.molex.com/en-us/products/part-detail-pdf/5040500691?display=pdf"; VariantName = "[No Variations]"
Add component (AddParameter): Name = "Manufacturer_Name"; Value = "Molex Connector Corporation"; VariantName = "[No Variations]"
Add component (AddParameter): Name = "Manufacturer_Part_Number"; Value = "5040500691"; VariantName = "[No Variations]"
Add component (AddParameter): Name = "RefDes"; Value = "RefDes"; VariantName = "[No Variations]"
Add component (AddParameter): Name = "Type"; Value = "Type"; VariantName = "[No Variations]"
Added Component: Designator=R216(RES_C_1005x30_L)
Added Pin To Net: NetName=GND Pin=C171-1
Added Pin To Net: NetName=3V3 Pin=C171-2
Added Pin To Net: NetName=3V3 Pin=C174-2
Added Pin To Net: NetName=NetCR3_1 Pin=CR4-1
Added Pin To Net: NetName=NetCR3_2 Pin=CR4-2
Added Pin To Net: NetName=LVDS_TxD_P Pin=J8-1
Added Pin To Net: NetName=LVDS_TxD_N Pin=J8-2
Added Pin To Net: NetName=LVDS_RXD_P Pin=J8-3
Added Pin To Net: NetName=LVDS_RXD_N Pin=J8-4
Added Pin To Net: NetName=GND Pin=J8-5
Added Pin To Net: NetName=LVDS_TxC_P Pin=J8-6
Added Pin To Net: NetName=LVDS_TxC_N Pin=J8-7
Added Pin To Net: NetName=LVDS_RXC_P Pin=J8-8
Added Pin To Net: NetName=LVDS_RXC_N Pin=J8-9
Added Pin To Net: NetName=GND Pin=J8-M1
Added Pin To Net: NetName=GND Pin=J8-M2
Added Pin To Net: NetName=NetCR4_1 Pin=J12-1
Added Pin To Net: NetName=NetCR4_2 Pin=J12-2
Added Pin To Net: NetName=GND Pin=J12-7
Added Pin To Net: NetName=GND Pin=J12-7
Added Pin To Net: NetName=FLEXCOM2_SPI_CLK Pin=R148-2
Added Pin To Net: NetName=FLEXCOM2_SPI_MISO Pin=R152-2
Added Pin To Net: NetName=NetC171_2 Pin=R216-1
Added Pin To Net: NetName=NetC171_2 Pin=U21-5
Added Pin To Net: NetName=NetCR3_2 Pin=U21-6
Added Pin To Net: NetName=NetCR3_1 Pin=U21-7
Add Pin To Net: Unknown Pin: Pin U23-13
Change Net Name : Old Net Name=NetC131_2 New Net Name=NetC132_2
Change Net Name : Old Net Name=NetC143_2 New Net Name=NetC144_2
Change Net Name : Old Net Name=NetC171_2 New Net Name=CAN_VREF
Change Net Name : Old Net Name=NetCR3_1 New Net Name=CAN_H
Change Net Name : Old Net Name=NetCR3_2 New Net Name=CAN_L
Change Net Name : Old Net Name=NetCR4_1 New Net Name=NetJ1_9
Change Net Name : Old Net Name=NetCR4_2 New Net Name=NetJ1_8
Change Net Name : Old Net Name=NetJ5_06 New Net Name=NetJ6_06
Change Net Name : Old Net Name=NetJ5_09 New Net Name=NetJ6_09
Change Net Name : Old Net Name=NetJ5_11 New Net Name=NetJ6_11
Change Net Name : Old Net Name=NetJ5_13 New Net Name=NetJ6_13
Change Net Name : Old Net Name=NetJ5_15 New Net Name=NetJ6_15
Change Net Name : Old Net Name=NetJ5_19 New Net Name=NetJ6_19
Change Net Name : Old Net Name=NetJ5_21 New Net Name=NetJ6_21
Change Net Name : Old Net Name=NetJ5_23 New Net Name=NetJ6_23
Change Net Name : Old Net Name=NetJ5_25 New Net Name=NetJ6_25
Change Net Name : Old Net Name=NetJ5_37 New Net Name=NetJ6_37
Change Net Name : Old Net Name=NetJ5_38 New Net Name=NetJ6_38
Change Net Name : Old Net Name=NetJ5_39 New Net Name=NetJ6_39
Change Net Name : Old Net Name=NetJ5_40 New Net Name=NetJ6_40
Change Net Name : Old Net Name=NetJ5_41 New Net Name=NetJ6_41
Change Net Name : Old Net Name=NetJ5_42 New Net Name=NetJ6_42
Change Net Name : Old Net Name=NetJ5_43 New Net Name=NetJ6_43
Change Net Name : Old Net Name=NetJ5_44 New Net Name=NetJ6_44
Change Net Name : Old Net Name=NetJ10_19 New Net Name=NetJ11_19
Change Net Name : Old Net Name=NetJ12_P9 New Net Name=NetJ13_P9
Change Net Name : Old Net Name=NetJ14_3 New Net Name=NetJ15_3
Change Net Name : Old Net Name=NetJ14_5 New Net Name=NetJ15_5
Change Net Name : Old Net Name=NetJ14_7 New Net Name=NetJ15_7
Change Net Name : Old Net Name=NetJ14_9 New Net Name=NetJ15_9
Change Net Name : Old Net Name=NetJ14_11 New Net Name=NetJ15_11
Change Net Name : Old Net Name=NetJ14_13 New Net Name=NetJ15_13
Change Net Name : Old Net Name=NetJ14_15 New Net Name=NetJ15_15
Change Net Name : Old Net Name=NetR30_2 New Net Name=NetR31_2
Change Net Name : Old Net Name=NetR31_2 New Net Name=NetR32_2
Change Net Name : Old Net Name=NetR36_1 New Net Name=NetR37_1
Change Net Name : Old Net Name=NetR37_1 New Net Name=NetR38_1
Change Net Name : Old Net Name=NetR38_1 New Net Name=NetR39_1
Change Net Name : Old Net Name=NetR39_1 New Net Name=NetR40_1
Change Net Name : Old Net Name=NetR40_1 New Net Name=NetR41_1
Change Net Name : Old Net Name=NetR48_2 New Net Name=NetR50_1
Change Net Name : Old Net Name=NetR84_1 New Net Name=PA21
Change Net Name : Old Net Name=NetR86_1 New Net Name=PA22
Change Net Name : Old Net Name=NetR112_2 New Net Name=NetR117_2
Change Net Name : Old Net Name=NetR114_2 New Net Name=NetR119_2
Change Net Name : Old Net Name=NetR116_2 New Net Name=NetR121_2
Change Net Name : Old Net Name=NetR118_2 New Net Name=NetR123_2
Change Net Name : Old Net Name=NetR121_2 New Net Name=NetR126_2
Change Net Name : Old Net Name=NetR133_1 New Net Name=NetR138_1
Change Net Name : Old Net Name=NetR135_1 New Net Name=NetR140_1
Change Net Name : Old Net Name=NetR136_2 New Net Name=NetR141_2
Change Net Name : Old Net Name=NetR138_2 New Net Name=NetR143_2
Change Net Name : Old Net Name=NetR140_2 New Net Name=NetR145_2
Change Net Name : Old Net Name=NetR142_2 New Net Name=NetR147_2
Change Net Name : Old Net Name=NetR152_2 New Net Name=NetR156_2
Change Net Name : Old Net Name=NetR153_2 New Net Name=NetR157_2
Change Net Name : Old Net Name=NetR155_1 New Net Name=NetR159_1
Change Net Name : Old Net Name=NetR158_2 New Net Name=NetR162_2
Change Net Name : Old Net Name=NetR194_1 New Net Name=NetR198_1
Change Net Name : Old Net Name=NetR195_1 New Net Name=NetR199_1
Change Net Name : Old Net Name=NetR196_1 New Net Name=NetR200_1
Change Net Name : Old Net Name=NetR199_2 New Net Name=NetR203_2
Change Net Name : Old Net Name=NetR200_1 New Net Name=NetR204_1
Change Net Name : Old Net Name=NetR201_1 New Net Name=NetR205_1
Change Net Name : Old Net Name=NetR202_1 New Net Name=NetR206_1
Change Net Name : Old Net Name=NetR202_2 New Net Name=NetR97_2
Change Net Name : Old Net Name=NetR203_1 New Net Name=NetR207_1
Change Net Name : Old Net Name=NetR204_1 New Net Name=NetR208_1
Change Net Name : Old Net Name=NetR213_1 New Net Name=NetR218_1
Change Net Name : Old Net Name=NetR216_1 New Net Name=NetR219_1
Change Net Name : Old Net Name=NetR221_2 New Net Name=NetR88_2
Change Net Name : Old Net Name=NetR224_1 New Net Name=NetR227_1
Change Net Name : Old Net Name=NetR?_1 New Net Name=PA19
Change Net Name : Old Net Name=NetR?_2 New Net Name=NetR30_2
Added Pin To Net: NetName=NetJ16_1 Pin=J16-1
Added Pin To Net: NetName=NetJ16_1 Pin=R149-2
Added Net: Name=NetJ16_1
Added Pin To Net: NetName=NetJ16_2 Pin=J16-2
Added Pin To Net: NetName=NetJ16_2 Pin=R150-2
Added Net: Name=NetJ16_2
Added Pin To Net: NetName=NetJ16_3 Pin=J16-3
Added Pin To Net: NetName=NetJ16_3 Pin=R153-2
Added Net: Name=NetJ16_3
Added Pin To Net: NetName=NetJ16_4 Pin=J16-4
Added Pin To Net: NetName=NetJ16_4 Pin=R155-2
Added Net: Name=NetJ16_4
Added Pin To Net: NetName=NetR216_2 Pin=R216-2
Added Pin To Net: NetName=NetR216_2 Pin=U20-5
Added Net: Name=NetR216_2
Change Class Name : Old Net Name=CONNECTOR New Net Name=CONNECTOR_INTERFACE
Added Class: Name=CONNECTOR_TEST_LVDS
Added Member To Class: ClassName=SAMA7D65_MPU Member=Component C79 18pF/10V
Added Member To Class: ClassName=CONNECTOR_INTERFACE Member=Component J11 TLE-110-01-G-DV-A-TR
Added Member To Class: ClassName=CONNECTOR_INTERFACE Member=Component J12 5040500691
Added Member To Class: ClassName=POWER Member=Component R5 1k
Added Member To Class: ClassName=POWER Member=Component R6 47k
Added Member To Class: ClassName=POWER Member=Component R7 10k
Added Member To Class: ClassName=POWER Member=Component R8 1k
Added Member To Class: ClassName=POWER Member=Component R11 3.24k
Added Member To Class: ClassName=POWER Member=Component R12 1k
Added Member To Class: ClassName=CONNECTOR_INTERFACE Member=Component R15 0R
Added Member To Class: ClassName=CONNECTOR_INTERFACE Member=Component R16 0R
Added Member To Class: ClassName=CONNECTOR_INTERFACE Member=Component R19 0R
Added Member To Class: ClassName=CONNECTOR_INTERFACE Member=Component R20 0R
Added Member To Class: ClassName=CONNECTOR_INTERFACE Member=Component R28 0R
Added Member To Class: ClassName=CONNECTOR_INTERFACE Member=Component R29 0R
Added Member To Class: ClassName=SAMA7D65_PMIC Member=Component R30 0R
Added Member To Class: ClassName=SAMA7D65_PMIC Member=Component R31 0R
Added Member To Class: ClassName=SAMA7D65_PMIC Member=Component R45 Shunt 4 Pin
Added Member To Class: ClassName=SAMA7D65_PMIC Member=Component R46 Shunt 4 Pin
Added Member To Class: ClassName=SAMA7D65_MPU Member=Component R48 10k
Added Member To Class: ClassName=SAMA7D65_MPU Member=Component R53 16.9k
Added Member To Class: ClassName=SAMA7D65_MPU Member=Component R54 20k
Added Member To Class: ClassName=SAMA7D65_MPU Member=Component R56 1k
Added Member To Class: ClassName=SAMA7D65_MPU Member=Component R57 DNP/0R
Added Member To Class: ClassName=SAMA7D65_PIO Member=Component R85 22R
Added Member To Class: ClassName=SAMA7D65_PIO Member=Component R88 22R
Added Member To Class: ClassName=SAMA7D65_PIO Member=Component R93 22R
Added Member To Class: ClassName=SAMA7D65_PIO Member=Component R95 22R
Added Member To Class: ClassName=SAMA7D65_PIO Member=Component R98 22R
Added Member To Class: ClassName=SAMA7D65_PIO Member=Component R102 22R
Added Member To Class: ClassName=SAMA7D65_PIO Member=Component R103 22R
Added Member To Class: ClassName=SAMA7D65_PIO Member=Component R116 22R
Added Member To Class: ClassName=SAMA7D65_PIO Member=Component R119 22R
Added Member To Class: ClassName=SAMA7D65_PIO Member=Component R122 22R
Added Member To Class: ClassName=SAMA7D65_PIO Member=Component R126 22R
Added Member To Class: ClassName=SAMA7D65_PIO Member=Component R127 22R
Added Member To Class: ClassName=SAMA7D65_PIO Member=Component R129 22R
Added Member To Class: ClassName=SAMA7D65_PIO Member=Component R131 22R
Added Member To Class: ClassName=SAMA7D65_PIO Member=Component R132 22R
Added Member To Class: ClassName=SAMA7D65_PIO Member=Component R133 22R
Added Member To Class: ClassName=SAMA7D65_PIO Member=Component R135 22R
Added Member To Class: ClassName=SAMA7D65_PIO Member=Component R136 4.7k
Added Member To Class: ClassName=SAMA7D65_PIO Member=Component R138 22R
Added Member To Class: ClassName=SAMA7D65_PIO Member=Component R139 22R
Added Member To Class: ClassName=SAMA7D65_PIO Member=Component R141 22R
Added Member To Class: ClassName=SAMA7D65_PIO Member=Component R142 22R
Added Member To Class: ClassName=SAMA7D65_PIO Member=Component R144 4.7k
Added Member To Class: ClassName=SAMA7D65_PIO Member=Component R145 22R
Added Member To Class: ClassName=SAMA7D65_PIO Member=Component R146 22R
Added Member To Class: ClassName=SAMA7D65_PIO Member=Component R148 22R
Added Member To Class: ClassName=SAMA7D65_PIO Member=Component R149 22R
Added Member To Class: ClassName=SAMA7D65_PIO Member=Component R150 22R
Added Member To Class: ClassName=SAMA7D65_PIO Member=Component R154 10k
Added Member To Class: ClassName=SAMA7D65_PIO Member=Component R155 22R
Added Member To Class: ClassName=SAMA7D65_PIO Member=Component R156 22R
Added Member To Class: ClassName=SAMA7D65_PIO Member=Component R157 22R
Added Member To Class: ClassName=SAMA7D65_DDR3L Member=Component R161 1k
Added Member To Class: ClassName=SAMA7D65_DDR3L Member=Component R162 240R
Added Member To Class: ClassName=eMMC Member=Component R176 10k
Added Member To Class: ClassName=eMMC Member=Component R179 10k
Added Member To Class: ClassName=eMMC Member=Component R180 47k
Added Member To Class: ClassName=SDCARD Member=Component R186 DNP/10k
Added Member To Class: ClassName=SDCARD Member=Component R187 10k
Added Member To Class: ClassName=EEPROM Member=Component R188 4.7k
Added Member To Class: ClassName=USB Member=Component R189 DNP/0R
Added Member To Class: ClassName=DEBUG Member=Component R194 100k
Added Member To Class: ClassName=DEBUG Member=Component R195 100k
Added Member To Class: ClassName=DEBUG Member=Component R197 100R
Added Member To Class: ClassName=TEMP Member=Component R199 22R
Added Member To Class: ClassName=TEMP Member=Component R200 22R
Added Member To Class: ClassName=RTC Member=Component R201 4.7k
Added Member To Class: ClassName=RTC Member=Component R202 4.7k
Added Member To Class: ClassName=WATCHDOG Member=Component R207 16.5k
Added Member To Class: ClassName=WATCHDOG Member=Component R208 16.5k
Added Member To Class: ClassName=CAN_PHY Member=Component R214 22R
Added Member To Class: ClassName=CAN_PHY Member=Component R218 10k
Added Member To Class: ClassName=CAN_PHY Member=Component R219 10k
Added Member To Class: ClassName=BUTTON_LED Member=Component R221 100R
Added Member To Class: ClassName=BUTTON_LED Member=Component R222 3.24k
Added Member To Class: ClassName=BUTTON_LED Member=Component R223 3.24k
Added Member To Class: ClassName=RS485 Member=Component R225 10k
Added Member To Class: ClassName=RS422 Member=Component R228 4.7k
Added Member To Class: ClassName=RS422 Member=Component R231 120R
Added Member To Class: ClassName=RS422 Member=Component R232 4.7k
Added Member To Class: ClassName=JTAG Member=Wire NetJ15_3
Added Member To Class: ClassName=JTAG Member=Wire NetJ15_5
Added Member To Class: ClassName=JTAG Member=Wire NetJ15_7
Added Member To Class: ClassName=JTAG Member=Wire NetJ15_9
Added Member To Class: ClassName=JTAG Member=Wire NetJ15_13
