Removed Pin From Net: NetName=GND Pin=C150-1
Removed Pin From Net: NetName=GND Pin=FB1-1
Removed Pin From Net: NetName=GND Pin=J14-A1_B12
Removed Pin From Net: NetName=GND Pin=J14-B1_A12
Removed Pin From Net: NetName=5V Pin=Q3-1
Removed Pin From Net: NetName=5V Pin=Q4-1
Removed Pin From Net: NetName=PB31 Pin=R127-1
Removed Pin From Net: NetName=PB31 Pin=R129-1
Removed Pin From Net: NetName=NetR23_1 Pin=R129-2
Removed Pin From Net: NetName=NetR82_2 Pin=R168-1
Removed Pin From Net: NetName=GND Pin=R169-1
Removed Pin From Net: NetName=NetR82_2 Pin=R169-2
Removed Pin From Net: NetName=GND Pin=U10-2
Removed Pin From Net: NetName=USBA_P Pin=U10-4
Removed Pin From Net: NetName=USBA_N Pin=U10-6
Removed Member From Class: ClassName=USB Member=C150
Removed Member From Class: ClassName=USB Member=FB1
Removed Member From Class: ClassName=USB Member=J14
Removed Member From Class: ClassName=USB Member=Q3
Removed Member From Class: ClassName=USB Member=Q4
Removed Member From Class: ClassName=SAMA7D65_PIO Member=R135
Removed Member From Class: ClassName=SAMA7D65_PIO Member=R136
Removed Member From Class: ClassName=USB Member=R168
Removed Member From Class: ClassName=USB Member=R169
Removed Member From Class: ClassName=DIFF90 Member=CONN_USBA_N
Removed Member From Class: ClassName=DIFF90 Member=CONN_USBA_P
Removed Member From Class: ClassName=JTAG Member=NetJ16_3
Removed Member From Class: ClassName=JTAG Member=NetJ16_5
Removed Member From Class: ClassName=JTAG Member=NetJ16_7
Removed Member From Class: ClassName=JTAG Member=NetJ16_9
Removed Member From Class: ClassName=JTAG Member=NetJ16_13
Change Component Footprint: Designator=U10 Old Footprint=SOT95P280X145-6N New Footprint=47346-0001_MOL
Change Component Comment : Designator=R160 Old Comment=10k New Comment=DNP/10k
Change Component Comment : Designator=R161 Old Comment=10k New Comment=DNP/10k
Change Component Comment : Designator=R162 Old Comment=10k New Comment=DNP/10k
Change Component Comment : Designator=R163 Old Comment=10k New Comment=DNP/10k
Change Component Comment : Designator=R164 Old Comment=10k New Comment=DNP/10k
Change Component Comment : Designator=R165 Old Comment=10k New Comment=DNP/10k
Change Component Comment : Designator=U10 Old Comment=USBLC6-2SC6 New Comment=473460001
Change Component Designator: OldDesignator=C151 NewDesignator=C150
Change Component Designator: OldDesignator=C152 NewDesignator=C151
Change Component Designator: OldDesignator=C153 NewDesignator=C152
Change Component Designator: OldDesignator=C154 NewDesignator=C153
Change Component Designator: OldDesignator=C155 NewDesignator=C154
Change Component Designator: OldDesignator=C156 NewDesignator=C155
Change Component Designator: OldDesignator=C157 NewDesignator=C156
Change Component Designator: OldDesignator=C158 NewDesignator=C157
Change Component Designator: OldDesignator=C159 NewDesignator=C158
Change Component Designator: OldDesignator=C160 NewDesignator=C159
Change Component Designator: OldDesignator=C161 NewDesignator=C160
Change Component Designator: OldDesignator=C162 NewDesignator=C161
Change Component Designator: OldDesignator=C163 NewDesignator=C162
Change Component Designator: OldDesignator=C164 NewDesignator=C163
Change Component Designator: OldDesignator=C165 NewDesignator=C164
Change Component Designator: OldDesignator=C166 NewDesignator=C165
Change Component Designator: OldDesignator=C167 NewDesignator=C166
Change Component Designator: OldDesignator=C168 NewDesignator=C167
Change Component Designator: OldDesignator=C169 NewDesignator=C168
Change Component Designator: OldDesignator=C170 NewDesignator=C169
Change Component Designator: OldDesignator=C171 NewDesignator=C170
Change Component Designator: OldDesignator=C172 NewDesignator=C171
Change Component Designator: OldDesignator=C173 NewDesignator=C172
Change Component Designator: OldDesignator=C174 NewDesignator=C173
Change Component Designator: OldDesignator=J15 NewDesignator=J14
Change Component Designator: OldDesignator=J16 NewDesignator=J15
Change Component Designator: OldDesignator=J17 NewDesignator=J16
Change Component Designator: OldDesignator=Q5 NewDesignator=Q3
Change Component Designator: OldDesignator=Q6 NewDesignator=Q4
Change Component Designator: OldDesignator=Q7 NewDesignator=Q5
Change Component Designator: OldDesignator=Q8 NewDesignator=Q6
Change Component Designator: OldDesignator=Q9 NewDesignator=Q7
Change Component Designator: OldDesignator=R89 NewDesignator=R90
Change Component Designator: OldDesignator=R128 NewDesignator=R127
Change Component Designator: OldDesignator=R130 NewDesignator=R128
Change Component Designator: OldDesignator=R131 NewDesignator=R129
Change Component Designator: OldDesignator=R132 NewDesignator=R130
Change Component Designator: OldDesignator=R133 NewDesignator=R131
Change Component Designator: OldDesignator=R134 NewDesignator=R132
Change Component Designator: OldDesignator=R135 NewDesignator=R133
Change Component Designator: OldDesignator=R136 NewDesignator=R134
Change Component Designator: OldDesignator=R137 NewDesignator=R135
Change Component Designator: OldDesignator=R138 NewDesignator=R136
Change Component Designator: OldDesignator=R139 NewDesignator=R137
Change Component Designator: OldDesignator=R140 NewDesignator=R138
Change Component Designator: OldDesignator=R141 NewDesignator=R139
Change Component Designator: OldDesignator=R142 NewDesignator=R140
Change Component Designator: OldDesignator=R143 NewDesignator=R141
Change Component Designator: OldDesignator=R144 NewDesignator=R142
Change Component Designator: OldDesignator=R145 NewDesignator=R143
Change Component Designator: OldDesignator=R146 NewDesignator=R144
Change Component Designator: OldDesignator=R147 NewDesignator=R145
Change Component Designator: OldDesignator=R148 NewDesignator=R146
Change Component Designator: OldDesignator=R149 NewDesignator=R147
Change Component Designator: OldDesignator=R150 NewDesignator=R148
Change Component Designator: OldDesignator=R151 NewDesignator=R149
Change Component Designator: OldDesignator=R152 NewDesignator=R150
Change Component Designator: OldDesignator=R153 NewDesignator=R151
Change Component Designator: OldDesignator=R154 NewDesignator=R152
Change Component Designator: OldDesignator=R155 NewDesignator=R153
Change Component Designator: OldDesignator=R156 NewDesignator=R154
Change Component Designator: OldDesignator=R157 NewDesignator=R155
Change Component Designator: OldDesignator=R158 NewDesignator=R156
Change Component Designator: OldDesignator=R159 NewDesignator=R157
Change Component Designator: OldDesignator=R160 NewDesignator=R158
Change Component Designator: OldDesignator=R161 NewDesignator=R159
Change Component Designator: OldDesignator=R162 NewDesignator=R160
Change Component Designator: OldDesignator=R163 NewDesignator=R161
Change Component Designator: OldDesignator=R164 NewDesignator=R162
Change Component Designator: OldDesignator=R165 NewDesignator=R163
Change Component Designator: OldDesignator=R166 NewDesignator=R164
Change Component Designator: OldDesignator=R167 NewDesignator=R165
Change Component Designator: OldDesignator=R170 NewDesignator=R167
Change Component Designator: OldDesignator=R171 NewDesignator=R168
Change Component Designator: OldDesignator=R172 NewDesignator=R169
Change Component Designator: OldDesignator=R173 NewDesignator=R170
Change Component Designator: OldDesignator=R174 NewDesignator=R171
Change Component Designator: OldDesignator=R175 NewDesignator=R172
Change Component Designator: OldDesignator=R176 NewDesignator=R173
Change Component Designator: OldDesignator=R177 NewDesignator=R174
Change Component Designator: OldDesignator=R178 NewDesignator=R175
Change Component Designator: OldDesignator=R179 NewDesignator=R176
Change Component Designator: OldDesignator=R180 NewDesignator=R177
Change Component Designator: OldDesignator=R181 NewDesignator=R178
Change Component Designator: OldDesignator=R182 NewDesignator=R179
Change Component Designator: OldDesignator=R183 NewDesignator=R180
Change Component Designator: OldDesignator=R184 NewDesignator=R181
Change Component Designator: OldDesignator=R185 NewDesignator=R182
Change Component Designator: OldDesignator=R186 NewDesignator=R183
Change Component Designator: OldDesignator=R187 NewDesignator=R184
Change Component Designator: OldDesignator=R188 NewDesignator=R185
Change Component Designator: OldDesignator=R189 NewDesignator=R186
Change Component Designator: OldDesignator=R190 NewDesignator=R187
Change Component Designator: OldDesignator=R191 NewDesignator=R188
Change Component Designator: OldDesignator=R192 NewDesignator=R189
Change Component Designator: OldDesignator=R193 NewDesignator=R190
Change Component Designator: OldDesignator=R194 NewDesignator=R191
Change Component Designator: OldDesignator=R195 NewDesignator=R192
Change Component Designator: OldDesignator=R196 NewDesignator=R193
Change Component Designator: OldDesignator=R197 NewDesignator=R194
Change Component Designator: OldDesignator=R198 NewDesignator=R195
Change Component Designator: OldDesignator=R199 NewDesignator=R196
Change Component Designator: OldDesignator=R200 NewDesignator=R197
Change Component Designator: OldDesignator=R201 NewDesignator=R198
Change Component Designator: OldDesignator=R202 NewDesignator=R199
Change Component Designator: OldDesignator=R203 NewDesignator=R200
Change Component Designator: OldDesignator=R204 NewDesignator=R201
Change Component Designator: OldDesignator=R205 NewDesignator=R202
Change Component Designator: OldDesignator=R206 NewDesignator=R203
Change Component Designator: OldDesignator=R207 NewDesignator=R204
Change Component Designator: OldDesignator=R208 NewDesignator=R205
Change Component Designator: OldDesignator=R209 NewDesignator=R206
Change Component Designator: OldDesignator=R210 NewDesignator=R207
Change Component Designator: OldDesignator=R211 NewDesignator=R208
Change Component Designator: OldDesignator=R212 NewDesignator=R209
Change component parameters: Designator = "U10" ("U10"); Footprint = "SOT95P280X145-6N"; UniqueID = "\SIKMWRXX" ("\SIKMWRXX")
Change component parameters (AddParameter): Name = "Copyright"; Value = "Copyright (C) 2025 Ultra Librarian. All rights reserved."; VariantName = "[No Variations]"
Change component parameters (AddParameter): Name = "Manufacturer_Name"; Value = "Molex Connector Corporation"; VariantName = "[No Variations]"
Change component parameters (AddParameter): Name = "Manufacturer_Part_Number"; Value = "473460001"; VariantName = "[No Variations]"
Change component parameters (AddParameter): Name = "RefDes"; Value = "RefDes"; VariantName = "[No Variations]"
Change component parameters (AddParameter): Name = "Type"; Value = "Type"; VariantName = "[No Variations]"
Added Component: Designator=R89(RES_C_0603X30)
Added Component: Designator=R166(RES_C_1005x30_L)
Added Pin To Net: NetName=PB31 Pin=R89-1
Added Pin To Net: NetName=NetR23_1 Pin=R89-2
Added Pin To Net: NetName=5V Pin=R166-1
Added Pin To Net: NetName=PB31 Pin=U5-F21
Added Pin To Net: NetName=USBA_N Pin=U10-2
Added Pin To Net: NetName=USBA_P Pin=U10-3
Added Pin To Net: NetName=GND Pin=U10-5
Added Pin To Net: NetName=GND Pin=U10-6
Added Pin To Net: NetName=GND Pin=U10-7
Added Pin To Net: NetName=GND Pin=U10-8
Added Pin To Net: NetName=GND Pin=U10-9
Added Pin To Net: NetName=GND Pin=U10-10
Added Pin To Net: NetName=GND Pin=U10-11
Change Net Name : Old Net Name=NetC168_2 New Net Name=NetC167_2
Change Net Name : Old Net Name=NetJ16_3 New Net Name=NetJ15_3
Change Net Name : Old Net Name=NetJ16_5 New Net Name=NetJ15_5
Change Net Name : Old Net Name=NetJ16_7 New Net Name=NetJ15_7
Change Net Name : Old Net Name=NetJ16_9 New Net Name=NetJ15_9
Change Net Name : Old Net Name=NetJ16_11 New Net Name=NetJ15_11
Change Net Name : Old Net Name=NetJ16_13 New Net Name=NetJ15_13
Change Net Name : Old Net Name=NetJ16_15 New Net Name=NetJ15_15
Change Net Name : Old Net Name=NetQ5_2 New Net Name=NetQ3_2
Change Net Name : Old Net Name=NetQ6_2 New Net Name=NetQ4_2
Change Net Name : Old Net Name=NetQ7_1 New Net Name=NetQ5_1
Change Net Name : Old Net Name=NetQ7_3 New Net Name=NetQ5_3
Change Net Name : Old Net Name=NetQ8_1 New Net Name=NetQ6_1
Change Net Name : Old Net Name=NetQ8_3 New Net Name=NetQ6_3
Change Net Name : Old Net Name=NetQ9_1 New Net Name=NetQ7_1
Change Net Name : Old Net Name=NetQ9_3 New Net Name=NetQ7_3
Change Net Name : Old Net Name=NetR135_2 New Net Name=NetR133_2
Change Net Name : Old Net Name=NetR136_2 New Net Name=NetR134_2
Change Net Name : Old Net Name=NetR138_1 New Net Name=NetR136_1
Change Net Name : Old Net Name=NetR141_2 New Net Name=NetR139_2
Change Net Name : Old Net Name=NetR182_1 New Net Name=NetR179_1
Change Net Name : Old Net Name=NetR183_1 New Net Name=NetR180_1
Change Net Name : Old Net Name=NetR184_1 New Net Name=NetR181_1
Change Net Name : Old Net Name=NetR187_2 New Net Name=NetR184_2
Change Net Name : Old Net Name=NetR188_1 New Net Name=NetR185_1
Change Net Name : Old Net Name=NetR189_1 New Net Name=NetR186_1
Change Net Name : Old Net Name=NetR190_1 New Net Name=NetR187_1
Change Net Name : Old Net Name=NetR191_1 New Net Name=NetR188_1
Change Net Name : Old Net Name=NetR192_1 New Net Name=NetR189_1
Change Net Name : Old Net Name=NetR199_1 New Net Name=NetR196_1
Added Pin To Net: NetName=VUSB Pin=R166-2
Added Pin To Net: NetName=VUSB Pin=U10-1
Added Net: Name=VUSB
Added Member To Class: ClassName=USB Member=Component R166 DNP/0R
Added Member To Class: ClassName=POWER Member=Component TP1
Added Member To Class: ClassName=JTAG Member=Wire NetJ15_3
Added Member To Class: ClassName=JTAG Member=Wire NetJ15_5
Added Member To Class: ClassName=JTAG Member=Wire NetJ15_7
Added Member To Class: ClassName=JTAG Member=Wire NetJ15_9
Added Member To Class: ClassName=JTAG Member=Wire NetJ15_13
Remove Class Member: Failed to remove class member
