Removed Member From Class: ClassName=RS422 Member=R228
Change Component Footprint: Designator=R3 Old Footprint=RES_C_1005X40 New Footprint=RES_C_1005x30_L
Change Component Footprint: Designator=R36 Old Footprint=RES_C_1005X40 New Footprint=RES_C_1005x30_L
Change Component Footprint: Designator=R37 Old Footprint=RES_C_1005X40 New Footprint=RES_C_1005x30_L
Change Component Footprint: Designator=R69 Old Footprint=RES_C_1005X40 New Footprint=RES_C_1005x30_L
Change Component Footprint: Designator=R77 Old Footprint=RES_C_1005X40 New Footprint=RES_C_1005x30_L
Change Component Footprint: Designator=R104 Old Footprint=RES_C_1005X40 New Footprint=RES_C_1005x30_L
Change Component Footprint: Designator=R109 Old Footprint=RES_C_1005X40 New Footprint=RES_C_1005x30_L
Change Component Footprint: Designator=R110 Old Footprint=RES_C_1005X40 New Footprint=RES_C_1005x30_L
Change Component Footprint: Designator=R112 Old Footprint=RES_C_1005X40 New Footprint=RES_C_1005x30_L
Change Component Footprint: Designator=R144 Old Footprint=RES_C_1005X40 New Footprint=RES_C_1005x30_L
Change Component Footprint: Designator=R152 Old Footprint=RES_C_1005X40 New Footprint=RES_C_1005x30_L
Change Component Footprint: Designator=R192 Old Footprint=RES_C_1005X40 New Footprint=RES_C_1005x30_L
Change Component Footprint: Designator=R199 Old Footprint=RES_C_1005X40 New Footprint=RES_C_1005x30_L
Change Component Footprint: Designator=R200 Old Footprint=RES_C_1005X40 New Footprint=RES_C_1005x30_L
Change Component Footprint: Designator=R201 Old Footprint=RES_C_1005X40 New Footprint=RES_C_1005x30_L
Change Component Footprint: Designator=R229 Old Footprint=RES_C_1005X40 New Footprint=RES_C_1005x30_L
Change Component Footprint: Designator=R230 Old Footprint=RES_C_1005X40 New Footprint=RES_C_1005x30_L
Change Component Footprint: Designator=R234 Old Footprint=RES_C_1005X40 New Footprint=RES_C_1005x30_L
Add Pin To Net: Unknown Pin: Pin U23-13
Added Member To Class: ClassName=BUTTON_LED Member=Component BT1 BT_
Added Member To Class: ClassName=SAMA7D65_PMIC Member=Component C30 22uF/10V
Added Member To Class: ClassName=eMMC Member=Component C131 0.1uF/10V
Added Member To Class: ClassName=eMMC Member=Component C133 0.1uF/10V
Added Member To Class: ClassName=eMMC Member=Component C139 0.1uF/10V
Added Member To Class: ClassName=eMMC Member=Component C141 0.1uF/10V
Added Member To Class: ClassName=BUTTON_LED Member=Component C179 2.2uF/10V
Added Member To Class: ClassName=RS485 Member=Component C180 0.1uF/10V
Added Member To Class: ClassName=USB_SWITCH Member=Component C184 0.1uF/10V
Added Member To Class: ClassName=SAMA7D65_PMIC Member=Component R36 4.7k
Added Member To Class: ClassName=SAMA7D65_PMIC Member=Component R46 Shunt 4 Pin
Added Member To Class: ClassName=SAMA7D65_PMIC Member=Component R47 Shunt 4 Pin
Added Member To Class: ClassName=BUTTON_LED Member=Component R223 100R
Added Member To Class: ClassName=BUTTON_LED Member=Component R225 1k
Added Member To Class: ClassName=RS485 Member=Component R227 10k
Added Member To Class: ClassName=RS422 Member=Component R229 4.7k
Added Member To Class: ClassName=RS422 Member=Component R231 DNP/4.7k
Added Member To Class: ClassName=RS422 Member=Component R233 120R
Added Member To Class: ClassName=RS422 Member=Component R234 4.7k
Added Member To Class: ClassName=USB_SWITCH Member=Component R237 1k
