Removed Pin From Net: NetName=GND Pin=J4-1
Removed Pin From Net: NetName=GND Pin=J4-2
Removed Pin From Net: NetName=GND Pin=J4-3
Removed Pin From Net: NetName=12V_CONN Pin=J4-5
Removed Pin From Net: NetName=12V_CONN Pin=J4-6
Removed Pin From Net: NetName=GND Pin=J4-S1
Removed Pin From Net: NetName=GND Pin=J4-S2
Removed Pin From Net: NetName=EXP_USB_N Pin=U5-F1
Removed Pin From Net: NetName=EXP_USB_P Pin=U5-F2
Removed Member From Class: ClassName=POWER Member=J5
Removed Member From Class: ClassName=JTAG Member=NetJ15_3
Removed Member From Class: ClassName=JTAG Member=NetJ15_5
Removed Member From Class: ClassName=JTAG Member=NetJ15_7
Removed Member From Class: ClassName=JTAG Member=NetJ15_9
Removed Member From Class: ClassName=JTAG Member=NetJ15_13
Removed Member From Class: ClassName=DIFF90 Member=USBB_N
Removed Member From Class: ClassName=DIFF90 Member=USBB_P
Change Component Footprint: Designator=U6 Old Footprint=FBGA96_9X13P5_ALL New Footprint=TWBGA96_ISI
Change Component Comment : Designator=U6 Old Comment=AS4C512M16D3LA-10BIN TFBGA-96 New Comment=IS43TR16512BL-125KBLI
Change Component Designator: OldDesignator=BT3 NewDesignator=BT2
Change Component Designator: OldDesignator=BT4 NewDesignator=BT3
Change Component Designator: OldDesignator=C170 NewDesignator=C169
Change Component Designator: OldDesignator=C171 NewDesignator=C170
Change Component Designator: OldDesignator=C172 NewDesignator=C171
Change Component Designator: OldDesignator=C173 NewDesignator=C172
Change Component Designator: OldDesignator=J5 NewDesignator=J4
Change Component Designator: OldDesignator=J6 NewDesignator=J5
Change Component Designator: OldDesignator=J7 NewDesignator=J6
Change Component Designator: OldDesignator=J8 NewDesignator=J7
Change Component Designator: OldDesignator=J9 NewDesignator=J8
Change Component Designator: OldDesignator=J10 NewDesignator=J9
Change Component Designator: OldDesignator=J11 NewDesignator=J10
Change Component Designator: OldDesignator=J12 NewDesignator=J11
Change Component Designator: OldDesignator=J13 NewDesignator=J12
Change Component Designator: OldDesignator=J14 NewDesignator=J13
Change Component Designator: OldDesignator=J15 NewDesignator=J14
Change Component Designator: OldDesignator=J16 NewDesignator=J15
Change Component Designator: OldDesignator=R83 NewDesignator=R82
Change Component Designator: OldDesignator=R84 NewDesignator=R83
Change Component Designator: OldDesignator=R85 NewDesignator=R84
Change Component Designator: OldDesignator=R86 NewDesignator=R85
Change Component Designator: OldDesignator=R87 NewDesignator=R86
Change Component Designator: OldDesignator=R88 NewDesignator=R87
Change Component Designator: OldDesignator=R89 NewDesignator=R88
Change Component Designator: OldDesignator=R90 NewDesignator=R89
Change Component Designator: OldDesignator=R91 NewDesignator=R90
Change Component Designator: OldDesignator=R92 NewDesignator=R91
Change Component Designator: OldDesignator=R93 NewDesignator=R92
Change Component Designator: OldDesignator=R94 NewDesignator=R93
Change Component Designator: OldDesignator=R95 NewDesignator=R94
Change Component Designator: OldDesignator=R96 NewDesignator=R95
Change Component Designator: OldDesignator=R97 NewDesignator=R96
Change Component Designator: OldDesignator=R98 NewDesignator=R97
Change Component Designator: OldDesignator=R99 NewDesignator=R98
Change Component Designator: OldDesignator=R100 NewDesignator=R99
Change Component Designator: OldDesignator=R102 NewDesignator=R100
Change Component Designator: OldDesignator=R103 NewDesignator=R101
Change Component Designator: OldDesignator=R104 NewDesignator=R102
Change Component Designator: OldDesignator=R105 NewDesignator=R103
Change Component Designator: OldDesignator=R106 NewDesignator=R104
Change Component Designator: OldDesignator=R107 NewDesignator=R105
Change Component Designator: OldDesignator=R108 NewDesignator=R106
Change Component Designator: OldDesignator=R109 NewDesignator=R107
Change Component Designator: OldDesignator=R110 NewDesignator=R108
Change Component Designator: OldDesignator=R111 NewDesignator=R109
Change Component Designator: OldDesignator=R112 NewDesignator=R110
Change Component Designator: OldDesignator=R113 NewDesignator=R111
Change Component Designator: OldDesignator=R114 NewDesignator=R112
Change Component Designator: OldDesignator=R115 NewDesignator=R113
Change Component Designator: OldDesignator=R116 NewDesignator=R114
Change Component Designator: OldDesignator=R117 NewDesignator=R115
Change Component Designator: OldDesignator=R118 NewDesignator=R116
Change Component Designator: OldDesignator=R119 NewDesignator=R117
Change Component Designator: OldDesignator=R120 NewDesignator=R118
Change Component Designator: OldDesignator=R121 NewDesignator=R119
Change Component Designator: OldDesignator=R122 NewDesignator=R120
Change Component Designator: OldDesignator=R123 NewDesignator=R121
Change Component Designator: OldDesignator=R124 NewDesignator=R122
Change Component Designator: OldDesignator=R125 NewDesignator=R123
Change Component Designator: OldDesignator=R126 NewDesignator=R124
Change Component Designator: OldDesignator=R127 NewDesignator=R125
Change Component Designator: OldDesignator=R128 NewDesignator=R126
Change Component Designator: OldDesignator=R129 NewDesignator=R127
Change Component Designator: OldDesignator=R130 NewDesignator=R128
Change Component Designator: OldDesignator=R131 NewDesignator=R129
Change Component Designator: OldDesignator=R132 NewDesignator=R130
Change Component Designator: OldDesignator=R133 NewDesignator=R131
Change Component Designator: OldDesignator=R134 NewDesignator=R132
Change Component Designator: OldDesignator=R135 NewDesignator=R133
Change Component Designator: OldDesignator=R136 NewDesignator=R134
Change Component Designator: OldDesignator=R137 NewDesignator=R135
Change Component Designator: OldDesignator=R138 NewDesignator=R136
Change Component Designator: OldDesignator=R139 NewDesignator=R137
Change Component Designator: OldDesignator=R140 NewDesignator=R138
Change Component Designator: OldDesignator=R141 NewDesignator=R139
Change Component Designator: OldDesignator=R142 NewDesignator=R140
Change Component Designator: OldDesignator=R143 NewDesignator=R141
Change Component Designator: OldDesignator=R144 NewDesignator=R142
Change Component Designator: OldDesignator=R145 NewDesignator=R143
Change Component Designator: OldDesignator=R146 NewDesignator=R144
Change Component Designator: OldDesignator=R147 NewDesignator=R145
Change Component Designator: OldDesignator=R148 NewDesignator=R146
Change Component Designator: OldDesignator=R149 NewDesignator=R147
Change Component Designator: OldDesignator=R150 NewDesignator=R148
Change Component Designator: OldDesignator=R151 NewDesignator=R149
Change Component Designator: OldDesignator=R152 NewDesignator=R150
Change Component Designator: OldDesignator=R153 NewDesignator=R151
Change Component Designator: OldDesignator=R154 NewDesignator=R152
Change Component Designator: OldDesignator=R155 NewDesignator=R153
Change Component Designator: OldDesignator=R156 NewDesignator=R154
Change Component Designator: OldDesignator=R157 NewDesignator=R155
Change Component Designator: OldDesignator=R158 NewDesignator=R156
Change Component Designator: OldDesignator=R159 NewDesignator=R157
Change Component Designator: OldDesignator=R160 NewDesignator=R158
Change Component Designator: OldDesignator=R161 NewDesignator=R159
Change Component Designator: OldDesignator=R162 NewDesignator=R160
Change Component Designator: OldDesignator=R163 NewDesignator=R161
Change Component Designator: OldDesignator=R164 NewDesignator=R162
Change Component Designator: OldDesignator=R165 NewDesignator=R163
Change Component Designator: OldDesignator=R166 NewDesignator=R164
Change Component Designator: OldDesignator=R167 NewDesignator=R165
Change Component Designator: OldDesignator=R168 NewDesignator=R166
Change Component Designator: OldDesignator=R169 NewDesignator=R167
Change Component Designator: OldDesignator=R170 NewDesignator=R168
Change Component Designator: OldDesignator=R171 NewDesignator=R169
Change Component Designator: OldDesignator=R172 NewDesignator=R170
Change Component Designator: OldDesignator=R173 NewDesignator=R171
Change Component Designator: OldDesignator=R174 NewDesignator=R172
Change Component Designator: OldDesignator=R175 NewDesignator=R173
Change Component Designator: OldDesignator=R176 NewDesignator=R174
Change Component Designator: OldDesignator=R177 NewDesignator=R175
Change Component Designator: OldDesignator=R178 NewDesignator=R176
Change Component Designator: OldDesignator=R179 NewDesignator=R177
Change Component Designator: OldDesignator=R180 NewDesignator=R178
Change Component Designator: OldDesignator=R181 NewDesignator=R179
Change Component Designator: OldDesignator=R182 NewDesignator=R180
Change Component Designator: OldDesignator=R183 NewDesignator=R181
Change Component Designator: OldDesignator=R184 NewDesignator=R182
Change Component Designator: OldDesignator=R185 NewDesignator=R183
Change Component Designator: OldDesignator=R186 NewDesignator=R184
Change Component Designator: OldDesignator=R187 NewDesignator=R185
Change Component Designator: OldDesignator=R188 NewDesignator=R186
Change Component Designator: OldDesignator=R189 NewDesignator=R187
Change Component Designator: OldDesignator=R190 NewDesignator=R188
Change Component Designator: OldDesignator=R191 NewDesignator=R189
Change Component Designator: OldDesignator=R192 NewDesignator=R190
Change Component Designator: OldDesignator=R193 NewDesignator=R191
Change Component Designator: OldDesignator=R194 NewDesignator=R192
Change Component Designator: OldDesignator=R195 NewDesignator=R193
Change Component Designator: OldDesignator=R196 NewDesignator=R194
Change Component Designator: OldDesignator=R198 NewDesignator=R195
Change Component Designator: OldDesignator=R200 NewDesignator=R196
Change Component Designator: OldDesignator=R201 NewDesignator=R197
Change Component Designator: OldDesignator=R202 NewDesignator=R198
Change Component Designator: OldDesignator=R203 NewDesignator=R199
Change Component Designator: OldDesignator=R204 NewDesignator=R200
Change Component Designator: OldDesignator=R205 NewDesignator=R201
Change Component Designator: OldDesignator=R206 NewDesignator=R202
Change Component Designator: OldDesignator=R207 NewDesignator=R203
Change Component Designator: OldDesignator=R208 NewDesignator=R204
Change Component Designator: OldDesignator=R209 NewDesignator=R205
Change Component Designator: OldDesignator=U7 NewDesignator=U8
Change Component Designator: OldDesignator=U8 NewDesignator=U9
Change Component Designator: OldDesignator=U9 NewDesignator=U10
Change Component Designator: OldDesignator=U10 NewDesignator=U11
Change Component Designator: OldDesignator=U11 NewDesignator=U12
Change Component Designator: OldDesignator=U12 NewDesignator=U13
Change Component Designator: OldDesignator=U13 NewDesignator=U14
Change Component Designator: OldDesignator=U14 NewDesignator=U15
Change Component Designator: OldDesignator=U15 NewDesignator=U16
Change Component Designator: OldDesignator=U16 NewDesignator=U17
Change Component Designator: OldDesignator=U17 NewDesignator=U18
Change Component Designator: OldDesignator=U18 NewDesignator=U19
Change Component Designator: OldDesignator=U19 NewDesignator=U20
Change Component Designator: OldDesignator=U20 NewDesignator=U21
Change Component Designator: OldDesignator=U21 NewDesignator=U22
Change component parameters: Designator = "U6" ("U6"); Footprint = "FBGA96_9X13P5_ALL"; UniqueID = "\CADQOOZV" ("\CADQOOZV")
Change component parameters (AddParameter): Name = "Copyright"; Value = "Copyright (C) 2025 Ultra Librarian. All rights reserved."; VariantName = "[No Variations]"
Change component parameters (AddParameter): Name = "Manufacturer_Name"; Value = "ISSI"; VariantName = "[No Variations]"
Change component parameters (AddParameter): Name = "Manufacturer_Part_Number"; Value = "IS43TR16512BL-125KBLI"; VariantName = "[No Variations]"
Change component parameters (AddParameter): Name = "RefDes"; Value = "RefDes"; VariantName = "[No Variations]"
Change component parameters (AddParameter): Name = "Type"; Value = "Type"; VariantName = "[No Variations]"
Added Component: Designator=R206(RES_C_1005x30_L)
Added Pin To Net: NetName=EXP_USB_N Pin=U5-G1
Added Pin To Net: NetName=EXP_USB_P Pin=U5-G2
Change Net Name : Old Net Name=NetBT3_2 New Net Name=NetBT2_2
Change Net Name : Old Net Name=NetBT4_2 New Net Name=NetBT3_2
Change Net Name : Old Net Name=NetJ6_06 New Net Name=NetJ5_06
Change Net Name : Old Net Name=NetJ6_40 New Net Name=NetJ5_40
Change Net Name : Old Net Name=NetJ10_1 New Net Name=NetJ9_1
Change Net Name : Old Net Name=NetJ10_2 New Net Name=NetJ9_2
Change Net Name : Old Net Name=NetJ10_3 New Net Name=NetJ9_3
Change Net Name : Old Net Name=NetJ10_4 New Net Name=NetJ9_4
Change Net Name : Old Net Name=NetJ13_P9 New Net Name=NetJ12_P9
Change Net Name : Old Net Name=NetJ15_3 New Net Name=NetJ14_3
Change Net Name : Old Net Name=NetJ15_5 New Net Name=NetJ14_5
Change Net Name : Old Net Name=NetJ15_7 New Net Name=NetJ14_7
Change Net Name : Old Net Name=NetJ15_9 New Net Name=NetJ14_9
Change Net Name : Old Net Name=NetJ15_11 New Net Name=NetJ14_11
Change Net Name : Old Net Name=NetJ15_13 New Net Name=NetJ14_13
Change Net Name : Old Net Name=NetJ15_15 New Net Name=NetJ14_15
Change Net Name : Old Net Name=NetR87_2 New Net Name=NetR86_2
Change Net Name : Old Net Name=NetR102_2 New Net Name=NetR100_2
Change Net Name : Old Net Name=NetR104_2 New Net Name=NetR102_2
Change Net Name : Old Net Name=NetR111_2 New Net Name=NetR109_2
Change Net Name : Old Net Name=NetR118_2 New Net Name=NetR116_2
Change Net Name : Old Net Name=NetR133_2 New Net Name=NetR131_2
Change Net Name : Old Net Name=NetR134_2 New Net Name=NetR132_2
Change Net Name : Old Net Name=NetR136_1 New Net Name=NetR134_1
Change Net Name : Old Net Name=NetR139_2 New Net Name=NetR137_2
Change Net Name : Old Net Name=NetR179_1 New Net Name=NetR177_1
Change Net Name : Old Net Name=NetR180_1 New Net Name=NetR178_1
Change Net Name : Old Net Name=NetR181_1 New Net Name=NetR179_1
Change Net Name : Old Net Name=NetR184_2 New Net Name=NetR182_2
Change Net Name : Old Net Name=NetR185_1 New Net Name=NetR183_1
Change Net Name : Old Net Name=NetR186_1 New Net Name=NetR184_1
Change Net Name : Old Net Name=NetR187_1 New Net Name=NetR185_1
Change Net Name : Old Net Name=NetR188_1 New Net Name=NetR186_1
Change Net Name : Old Net Name=NetR189_1 New Net Name=NetR187_1
Change Net Name : Old Net Name=NetR196_1 New Net Name=NetR194_1
Change Net Color : Old Net Color=RGB(158, 161, 117) New Net Color=RGB(124, 0, 86)
Added Pin To Net: NetName=USBA_N Pin=U5-F1
Added Pin To Net: NetName=USBA_N Pin=U11-2
Added Net: Name=USBA_N
Added Pin To Net: NetName=USBA_P Pin=U5-F2
Added Pin To Net: NetName=USBA_P Pin=U11-3
Added Net: Name=USBA_P
Added Differential Pair: Name=USBA
Added Member To Class: ClassName=RS422 Member=Component R206 120R
Added Member To Class: ClassName=JTAG Member=Wire NetJ14_3
Added Member To Class: ClassName=JTAG Member=Wire NetJ14_5
Added Member To Class: ClassName=JTAG Member=Wire NetJ14_7
Added Member To Class: ClassName=JTAG Member=Wire NetJ14_9
Added Member To Class: ClassName=JTAG Member=Wire NetJ14_13
Added Member To Class: ClassName=DIFF90 Member=Wire USBA_N
Added Member To Class: ClassName=DIFF90 Member=Wire USBA_P
Remove Class Member: Failed to remove class member
Added Member To Class: ClassName=DIFF90 Member=USBA
