Removed Pin From Net: NetName=GND Pin=C151-1
Removed Pin From Net: NetName=3V3 Pin=C151-2
Removed Pin From Net: NetName=3V3 Pin=C161-2
Removed Pin From Net: NetName=3V3 Pin=C162-2
Removed Pin From Net: NetName=3V3 Pin=C163-2
Removed Pin From Net: NetName=3V3 Pin=C164-2
Removed Pin From Net: NetName=3V3 Pin=C165-2
Removed Pin From Net: NetName=3V3 Pin=C166-2
Removed Pin From Net: NetName=3V3 Pin=C167-2
Removed Pin From Net: NetName=3V3 Pin=C168-2
Removed Pin From Net: NetName=3V3 Pin=C169-2
Removed Pin From Net: NetName=GND Pin=C170-1
Removed Pin From Net: NetName=3V3 Pin=C170-2
Removed Pin From Net: NetName=GND Pin=C172-1
Removed Pin From Net: NetName=3V3 Pin=C172-2
Removed Pin From Net: NetName=3V3 Pin=C173-2
Removed Pin From Net: NetName=3V3 Pin=C177-2
Removed Pin From Net: NetName=3V3 Pin=C178-2
Removed Pin From Net: NetName=3V3 Pin=C179-2
Removed Pin From Net: NetName=NetCR4_1 Pin=CR4-1
Removed Pin From Net: NetName=NetCR4_2 Pin=CR4-2
Removed Pin From Net: NetName=FLEXCOM5_I2C_SDA Pin=J2-5
Removed Pin From Net: NetName=FLEXCOM5_I2C_SCL Pin=J2-6
Removed Pin From Net: NetName=FLEXCOM5_I2C_SCL Pin=J8-05
Removed Pin From Net: NetName=FLEXCOM5_I2C_SDA Pin=J8-06
Removed Pin From Net: NetName=NetCR4_1 Pin=J8-07
Removed Pin From Net: NetName=NetCR4_2 Pin=J8-08
Removed Pin From Net: NetName=GND Pin=J9-5
Removed Pin From Net: NetName=3V3 Pin=J13-1
Removed Pin From Net: NetName=FLEXCOM9_UART_TX_DEBUG Pin=J13-2
Removed Pin From Net: NetName=FLEXCOM9_UART_RX_DEBUG Pin=J13-3
Removed Pin From Net: NetName=GND Pin=J13-4
Removed Pin From Net: NetName=GND Pin=J13-M1
Removed Pin From Net: NetName=GND Pin=J13-M2
Removed Pin From Net: NetName=3V3 Pin=J14-1
Removed Pin From Net: NetName=3V3 Pin=J14-2
Removed Pin From Net: NetName=GND Pin=J14-4
Removed Pin From Net: NetName=GND Pin=J14-6
Removed Pin From Net: NetName=GND Pin=J14-8
Removed Pin From Net: NetName=GND Pin=J14-10
Removed Pin From Net: NetName=GND Pin=J14-12
Removed Pin From Net: NetName=GND Pin=J14-14
Removed Pin From Net: NetName=GND Pin=J14-16
Removed Pin From Net: NetName=GND Pin=J14-18
Removed Pin From Net: NetName=GND Pin=J14-20
Removed Pin From Net: NetName=LVDS_TxD_P Pin=J15-1
Removed Pin From Net: NetName=LVDS_TxD_N Pin=J15-2
Removed Pin From Net: NetName=LVDS_RXD_P Pin=J15-3
Removed Pin From Net: NetName=LVDS_RXD_N Pin=J15-4
Removed Pin From Net: NetName=GND Pin=J15-5
Removed Pin From Net: NetName=LVDS_TxC_P Pin=J15-6
Removed Pin From Net: NetName=LVDS_TxC_N Pin=J15-7
Removed Pin From Net: NetName=LVDS_RXC_P Pin=J15-8
Removed Pin From Net: NetName=LVDS_RXC_N Pin=J15-9
Removed Pin From Net: NetName=FLEXCOM5_I2C_SDA Pin=R26-1
Removed Pin From Net: NetName=FLEXCOM5_I2C_SCL Pin=R28-1
Removed Pin From Net: NetName=FLEXCOM2_SPI_MISO Pin=R143-2
Removed Pin From Net: NetName=FLEXCOM2_SPI_CLK Pin=R148-2
Removed Pin From Net: NetName=5V Pin=R185-1
Removed Pin From Net: NetName=3V3 Pin=R186-1
Removed Pin From Net: NetName=FLEXCOM9_UART_TX_DEBUG Pin=R186-2
Removed Pin From Net: NetName=3V3 Pin=R187-1
Removed Pin From Net: NetName=FLEXCOM9_UART_RX_DEBUG Pin=R187-2
Removed Pin From Net: NetName=3V3 Pin=R188-2
Removed Pin From Net: NetName=3V3 Pin=R189-2
Removed Pin From Net: NetName=3V3 Pin=R190-2
Removed Pin From Net: NetName=3V3 Pin=R191-2
Removed Pin From Net: NetName=3V3 Pin=R192-2
Removed Pin From Net: NetName=NRST Pin=R193-2
Removed Pin From Net: NetName=NetCR4_1 Pin=R214-1
Removed Pin From Net: NetName=NetCR4_2 Pin=R215-2
Removed Pin From Net: NetName=3V3 Pin=R221-1
Removed Pin From Net: NetName=3V3 Pin=R222-1
Removed Pin From Net: NetName=3V3 Pin=R224-2
Removed Pin From Net: NetName=3V3 Pin=R225-2
Removed Pin From Net: NetName=USBA_N Pin=U10-2
Removed Pin From Net: NetName=USBA_P Pin=U10-3
Removed Pin From Net: NetName=3V3 Pin=U16-1
Removed Pin From Net: NetName=3V3 Pin=U17-1
Removed Pin From Net: NetName=3V3 Pin=U18-1
Removed Pin From Net: NetName=3V3 Pin=U19-1
Removed Pin From Net: NetName=3V3 Pin=U20-3
Removed Pin From Net: NetName=NetC171_2 Pin=U20-5
Removed Pin From Net: NetName=3V3 Pin=U21-3
Removed Pin From Net: NetName=NetCR4_2 Pin=U21-6
Removed Pin From Net: NetName=NetCR4_1 Pin=U21-7
Removed Pin From Net: NetName=3V3 Pin=U22-8
Removed Pin From Net: NetName=3V3 Pin=U23-5
Removed Pin From Net: NetName=3V3 Pin=U23-12
Removed Member From Class: ClassName=CAN_PHY Member=C170
Removed Member From Class: ClassName=CAN_PHY Member=C172
Removed Member From Class: ClassName=SAMA7D65_MPU Member=C?
Removed Member From Class: ClassName=LVDS Member=J15
Removed Member From Class: ClassName=CONNECTOR Member=R11
Removed Member From Class: ClassName=CONNECTOR Member=R12
Removed Member From Class: ClassName=SAMA7D65_PMIC Member=R26
Removed Member From Class: ClassName=SAMA7D65_PMIC Member=R29
Removed Member From Class: ClassName=SAMA7D65_MPU Member=R45
Removed Member From Class: ClassName=SAMA7D65_PIO Member=R53
Removed Member From Class: ClassName=SAMA7D65_PIO Member=R80
Removed Member From Class: ClassName=SAMA7D65_PIO Member=R81
Removed Member From Class: ClassName=SAMA7D65_MPU Member=R94
Removed Member From Class: ClassName=SAMA7D65_PMIC Member=R94
Removed Member From Class: ClassName=SAMA7D65_DDR3L Member=R152
Removed Member From Class: ClassName=SAMA7D65_DDR3L Member=R153
Removed Member From Class: ClassName=eMMC Member=R156
Removed Member From Class: ClassName=eMMC Member=R157
Removed Member From Class: ClassName=SDCARD Member=R175
Removed Member From Class: ClassName=SDCARD Member=R176
Removed Member From Class: ClassName=EEPROM Member=R182
Removed Member From Class: ClassName=TEMP Member=R192
Removed Member From Class: ClassName=TEMP Member=R193
Removed Member From Class: ClassName=RTC Member=R195
Removed Member From Class: ClassName=RTC Member=R196
Removed Member From Class: ClassName=CAN_PHY Member=R207
Removed Member From Class: ClassName=CAN_PHY Member=R208
Removed Member From Class: ClassName=BUTTON_LED Member=R215
Removed Member From Class: ClassName=BUTTON_LED Member=R216
Removed Member From Class: ClassName=RS485 Member=R220
Removed Member From Class: ClassName=RS422 Member=R223
Removed Member From Class: ClassName=JTAG Member=NetJ14_3
Removed Member From Class: ClassName=JTAG Member=NetJ14_5
Removed Member From Class: ClassName=JTAG Member=NetJ14_7
Removed Member From Class: ClassName=JTAG Member=NetJ14_9
Removed Member From Class: ClassName=JTAG Member=NetJ14_13
Change Component Footprint: Designator=J15 Old Footprint=5040500991 New Footprint=MOLEX_0532610471
Change Component Footprint: Designator=C173 Old Footprint=CAP_C_1005X60 New Footprint=CAP_C_1005X50_L
Change Component Footprint: Designator=C174 Old Footprint=CAP_C_1005X60 New Footprint=CAP_C_1005X50_L
Change Component Footprint: Designator=R224 Old Footprint=RES_C_1005X40 New Footprint=RES_C_1005x30_L
Change Component Footprint: Designator=R225 Old Footprint=RES_C_1005X40 New Footprint=RES_C_1005x30_L
Change Component Footprint: Designator=R229 Old Footprint=RES_C_1005X40 New Footprint=RES_C_1005x30_L
Change Component Comment : Designator=C173 Old Comment=1uF/16V New Comment=0.1uF/10V
Change Component Comment : Designator=C169 Old Comment=1uF/20V New Comment=0.1uF/10V
Change Component Comment : Designator=R219 Old Comment=3.24k New Comment=1k
Change Component Comment : Designator=R220 Old Comment=3.24k New Comment=1k
Change Component Comment : Designator=R169 Old Comment=47k New Comment=10k
Change Component Comment : Designator=R176 Old Comment=47k New Comment=10k
Change Component Comment : Designator=C171 Old Comment=47nF/10V New Comment=0.1uF/10V
Change Component Comment : Designator=C174 Old Comment=47nF/16V New Comment=0.1uF/10V
Change Component Comment : Designator=R214 Old Comment=60R New Comment=22R
Change Component Comment : Designator=R193 Old Comment=100R New Comment=1k
Change Comment: Unknown Component : J13
Change Component Comment : Designator=J15 Old Comment=5040500991 New Comment=0532610471
Change Component Comment : Designator=D6 Old Comment=LED_BLUE New Comment=LTST-C281TBKT
Change Component Designator: OldDesignator=C14 NewDesignator=C17
Change Component Designator: OldDesignator=C15 NewDesignator=C18
Change Component Designator: OldDesignator=C16 NewDesignator=C19
Change Component Designator: OldDesignator=C17 NewDesignator=C20
Change Component Designator: OldDesignator=C18 NewDesignator=C21
Change Component Designator: OldDesignator=C19 NewDesignator=C22
Change Component Designator: OldDesignator=C20 NewDesignator=C23
Change Component Designator: OldDesignator=C21 NewDesignator=C24
Change Component Designator: OldDesignator=C22 NewDesignator=C25
Change Component Designator: OldDesignator=C23 NewDesignator=C26
Change Component Designator: OldDesignator=C24 NewDesignator=C27
Change Component Designator: OldDesignator=C25 NewDesignator=C28
Change Component Designator: OldDesignator=C26 NewDesignator=C29
Change Component Designator: OldDesignator=C27 NewDesignator=C30
Change Component Designator: OldDesignator=C28 NewDesignator=C31
Change Component Designator: OldDesignator=C29 NewDesignator=C32
Change Component Designator: OldDesignator=C30 NewDesignator=C33
Change Component Designator: OldDesignator=C31 NewDesignator=C34
Change Component Designator: OldDesignator=C32 NewDesignator=C35
Change Component Designator: OldDesignator=C33 NewDesignator=C36
Change Component Designator: OldDesignator=C34 NewDesignator=C37
Change Component Designator: OldDesignator=C35 NewDesignator=C38
Change Component Designator: OldDesignator=C36 NewDesignator=C39
Change Component Designator: OldDesignator=C37 NewDesignator=C40
Change Component Designator: OldDesignator=C38 NewDesignator=C41
Change Component Designator: OldDesignator=C39 NewDesignator=C42
Change Component Designator: OldDesignator=C40 NewDesignator=C43
Change Component Designator: OldDesignator=C41 NewDesignator=C44
Change Component Designator: OldDesignator=C42 NewDesignator=C45
Change Component Designator: OldDesignator=C43 NewDesignator=C46
Change Component Designator: OldDesignator=C44 NewDesignator=C47
Change Component Designator: OldDesignator=C45 NewDesignator=C49
Change Component Designator: OldDesignator=C46 NewDesignator=C50
Change Component Designator: OldDesignator=C47 NewDesignator=C51
Change Component Designator: OldDesignator=C48 NewDesignator=C52
Change Component Designator: OldDesignator=C49 NewDesignator=C53
Change Component Designator: OldDesignator=C50 NewDesignator=C54
Change Component Designator: OldDesignator=C51 NewDesignator=C55
Change Component Designator: OldDesignator=C52 NewDesignator=C56
Change Component Designator: OldDesignator=C53 NewDesignator=C57
Change Component Designator: OldDesignator=C54 NewDesignator=C58
Change Component Designator: OldDesignator=C55 NewDesignator=C59
Change Component Designator: OldDesignator=C56 NewDesignator=C60
Change Component Designator: OldDesignator=C57 NewDesignator=C61
Change Component Designator: OldDesignator=C58 NewDesignator=C62
Change Component Designator: OldDesignator=C59 NewDesignator=C63
Change Component Designator: OldDesignator=C60 NewDesignator=C64
Change Component Designator: OldDesignator=C61 NewDesignator=C65
Change Component Designator: OldDesignator=C62 NewDesignator=C66
Change Component Designator: OldDesignator=C63 NewDesignator=C67
Change Component Designator: OldDesignator=C64 NewDesignator=C68
Change Component Designator: OldDesignator=C65 NewDesignator=C69
Change Component Designator: OldDesignator=C66 NewDesignator=C70
Change Component Designator: OldDesignator=C67 NewDesignator=C71
Change Component Designator: OldDesignator=C68 NewDesignator=C72
Change Component Designator: OldDesignator=C69 NewDesignator=C73
Change Component Designator: OldDesignator=C70 NewDesignator=C74
Change Component Designator: OldDesignator=C71 NewDesignator=C75
Change Component Designator: OldDesignator=C72 NewDesignator=C76
Change Component Designator: OldDesignator=C73 NewDesignator=C79
Change Component Designator: OldDesignator=C74 NewDesignator=C80
Change Component Designator: OldDesignator=C75 NewDesignator=C81
Change Component Designator: OldDesignator=C76 NewDesignator=C82
Change Component Designator: OldDesignator=C79 NewDesignator=C83
Change Component Designator: OldDesignator=C80 NewDesignator=C84
Change Component Designator: OldDesignator=C81 NewDesignator=C85
Change Component Designator: OldDesignator=C82 NewDesignator=C86
Change Component Designator: OldDesignator=C83 NewDesignator=C87
Change Component Designator: OldDesignator=C84 NewDesignator=C88
Change Component Designator: OldDesignator=C85 NewDesignator=C89
Change Component Designator: OldDesignator=C86 NewDesignator=C90
Change Component Designator: OldDesignator=C87 NewDesignator=C91
Change Component Designator: OldDesignator=C88 NewDesignator=C92
Change Component Designator: OldDesignator=C89 NewDesignator=C93
Change Component Designator: OldDesignator=C90 NewDesignator=C94
Change Component Designator: OldDesignator=C91 NewDesignator=C95
Change Component Designator: OldDesignator=C92 NewDesignator=C96
Change Component Designator: OldDesignator=C93 NewDesignator=C97
Change Component Designator: OldDesignator=C94 NewDesignator=C98
Change Component Designator: OldDesignator=C95 NewDesignator=C99
Change Component Designator: OldDesignator=C96 NewDesignator=C100
Change Component Designator: OldDesignator=C97 NewDesignator=C101
Change Component Designator: OldDesignator=C98 NewDesignator=C102
Change Component Designator: OldDesignator=C99 NewDesignator=C103
Change Component Designator: OldDesignator=C100 NewDesignator=C104
Change Component Designator: OldDesignator=C101 NewDesignator=C105
Change Component Designator: OldDesignator=C102 NewDesignator=C106
Change Component Designator: OldDesignator=C103 NewDesignator=C107
Change Component Designator: OldDesignator=C104 NewDesignator=C108
Change Component Designator: OldDesignator=C105 NewDesignator=C109
Change Component Designator: OldDesignator=C106 NewDesignator=C110
Change Component Designator: OldDesignator=C107 NewDesignator=C111
Change Component Designator: OldDesignator=C108 NewDesignator=C112
Change Component Designator: OldDesignator=C109 NewDesignator=C113
Change Component Designator: OldDesignator=C110 NewDesignator=C114
Change Component Designator: OldDesignator=C111 NewDesignator=C115
Change Component Designator: OldDesignator=C112 NewDesignator=C116
Change Component Designator: OldDesignator=C113 NewDesignator=C117
Change Component Designator: OldDesignator=C114 NewDesignator=C118
Change Component Designator: OldDesignator=C115 NewDesignator=C119
Change Component Designator: OldDesignator=C116 NewDesignator=C120
Change Component Designator: OldDesignator=C117 NewDesignator=C121
Change Component Designator: OldDesignator=C118 NewDesignator=C122
Change Component Designator: OldDesignator=C119 NewDesignator=C123
Change Component Designator: OldDesignator=C120 NewDesignator=C124
Change Component Designator: OldDesignator=C121 NewDesignator=C125
Change Component Designator: OldDesignator=C122 NewDesignator=C126
Change Component Designator: OldDesignator=C123 NewDesignator=C127
Change Component Designator: OldDesignator=C124 NewDesignator=C128
Change Component Designator: OldDesignator=C125 NewDesignator=C129
Change Component Designator: OldDesignator=C126 NewDesignator=C130
Change Component Designator: OldDesignator=C127 NewDesignator=C131
Change Component Designator: OldDesignator=C128 NewDesignator=C132
Change Component Designator: OldDesignator=C129 NewDesignator=C133
Change Component Designator: OldDesignator=C130 NewDesignator=C134
Change Component Designator: OldDesignator=C131 NewDesignator=C135
Change Component Designator: OldDesignator=C132 NewDesignator=C136
Change Component Designator: OldDesignator=C133 NewDesignator=C137
Change Component Designator: OldDesignator=C134 NewDesignator=C138
Change Component Designator: OldDesignator=C135 NewDesignator=C139
Change Component Designator: OldDesignator=C136 NewDesignator=C140
Change Component Designator: OldDesignator=C137 NewDesignator=C141
Change Component Designator: OldDesignator=C138 NewDesignator=C142
Change Component Designator: OldDesignator=C139 NewDesignator=C143
Change Component Designator: OldDesignator=C140 NewDesignator=C144
Change Component Designator: OldDesignator=C141 NewDesignator=C145
Change Component Designator: OldDesignator=C142 NewDesignator=C146
Change Component Designator: OldDesignator=C143 NewDesignator=C147
Change Component Designator: OldDesignator=C144 NewDesignator=C148
Change Component Designator: OldDesignator=C145 NewDesignator=C149
Change Component Designator: OldDesignator=C146 NewDesignator=C150
Change Component Designator: OldDesignator=C147 NewDesignator=C151
Change Component Designator: OldDesignator=C148 NewDesignator=C152
Change Component Designator: OldDesignator=C149 NewDesignator=C153
Change Component Designator: OldDesignator=C150 NewDesignator=C154
Change Component Designator: OldDesignator=C152 NewDesignator=C156
Change Component Designator: OldDesignator=C153 NewDesignator=C157
Change Component Designator: OldDesignator=C154 NewDesignator=C158
Change Component Designator: OldDesignator=C155 NewDesignator=C159
Change Component Designator: OldDesignator=C156 NewDesignator=C160
Change Component Designator: OldDesignator=C157 NewDesignator=C161
Change Component Designator: OldDesignator=C158 NewDesignator=C162
Change Component Designator: OldDesignator=C159 NewDesignator=C163
Change Component Designator: OldDesignator=C160 NewDesignator=C164
Change Component Designator: OldDesignator=C161 NewDesignator=C165
Change Component Designator: OldDesignator=C162 NewDesignator=C166
Change Component Designator: OldDesignator=C163 NewDesignator=C167
Change Component Designator: OldDesignator=C164 NewDesignator=C168
Change Component Designator: OldDesignator=C165 NewDesignator=C169
Change Component Designator: OldDesignator=C166 NewDesignator=C170
Change Component Designator: OldDesignator=C167 NewDesignator=C171
Change Component Designator: OldDesignator=C168 NewDesignator=C172
Change Component Designator: OldDesignator=C169 NewDesignator=C173
Change Component Designator: OldDesignator=C171 NewDesignator=C175
Change Component Designator: OldDesignator=C173 NewDesignator=C176
Change Component Designator: OldDesignator=C174 NewDesignator=C177
Change Component Designator: OldDesignator=C175 NewDesignator=C179
Change Component Designator: OldDesignator=C176 NewDesignator=C180
Change Component Designator: OldDesignator=C177 NewDesignator=C181
Change Component Designator: OldDesignator=C178 NewDesignator=C182
Change Component Designator: OldDesignator=C179 NewDesignator=C183
Change Component Designator: OldDesignator=C? NewDesignator=C48
Change Component Designator: OldDesignator=D1 NewDesignator=D2
Change Component Designator: OldDesignator=D2 NewDesignator=D1
Change Component Designator: OldDesignator=D5 NewDesignator=D6
Change Component Designator: OldDesignator=D6 NewDesignator=D8
Change Component Designator: OldDesignator=D7 NewDesignator=D9
Change Component Designator: OldDesignator=J5 NewDesignator=J6
Change Component Designator: OldDesignator=J6 NewDesignator=J7
Change Component Designator: OldDesignator=J7 NewDesignator=J5
Change Component Designator: OldDesignator=J8 NewDesignator=J9
Change Component Designator: OldDesignator=J10 NewDesignator=J11
Change Component Designator: OldDesignator=J11 NewDesignator=J10
Change Component Designator: OldDesignator=J12 NewDesignator=J14
Change Component Designator: OldDesignator=R12 NewDesignator=R13
Change Component Designator: OldDesignator=R13 NewDesignator=R14
Change Component Designator: OldDesignator=R14 NewDesignator=R15
Change Component Designator: OldDesignator=R15 NewDesignator=R16
Change Component Designator: OldDesignator=R16 NewDesignator=R17
Change Component Designator: OldDesignator=R17 NewDesignator=R18
Change Component Designator: OldDesignator=R18 NewDesignator=R19
Change Component Designator: OldDesignator=R19 NewDesignator=R20
Change Component Designator: OldDesignator=R20 NewDesignator=R21
Change Component Designator: OldDesignator=R21 NewDesignator=R22
Change Component Designator: OldDesignator=R22 NewDesignator=R23
Change Component Designator: OldDesignator=R23 NewDesignator=R24
Change Component Designator: OldDesignator=R24 NewDesignator=R25
Change Component Designator: OldDesignator=R25 NewDesignator=R26
Change Component Designator: OldDesignator=R26 NewDesignator=R27
Change Component Designator: OldDesignator=R27 NewDesignator=R28
Change Component Designator: OldDesignator=R28 NewDesignator=R29
Change Component Designator: OldDesignator=R29 NewDesignator=R30
Change Component Designator: OldDesignator=R30 NewDesignator=R34
Change Component Designator: OldDesignator=R31 NewDesignator=R35
Change Component Designator: OldDesignator=R32 NewDesignator=R36
Change Component Designator: OldDesignator=R33 NewDesignator=R37
Change Component Designator: OldDesignator=R34 NewDesignator=R38
Change Component Designator: OldDesignator=R35 NewDesignator=R39
Change Component Designator: OldDesignator=R36 NewDesignator=R40
Change Component Designator: OldDesignator=R37 NewDesignator=R41
Change Component Designator: OldDesignator=R38 NewDesignator=R42
Change Component Designator: OldDesignator=R39 NewDesignator=R43
Change Component Designator: OldDesignator=R40 NewDesignator=R44
Change Component Designator: OldDesignator=R41 NewDesignator=R45
Change Component Designator: OldDesignator=R42 NewDesignator=R46
Change Component Designator: OldDesignator=R43 NewDesignator=R47
Change Component Designator: OldDesignator=R44 NewDesignator=R48
Change Component Designator: OldDesignator=R45 NewDesignator=R49
Change Component Designator: OldDesignator=R46 NewDesignator=R52
Change Component Designator: OldDesignator=R47 NewDesignator=R51
Change Component Designator: OldDesignator=R48 NewDesignator=R54
Change Component Designator: OldDesignator=R49 NewDesignator=R55
Change Component Designator: OldDesignator=R50 NewDesignator=R56
Change Component Designator: OldDesignator=R51 NewDesignator=R57
Change Component Designator: OldDesignator=R52 NewDesignator=R58
Change Component Designator: OldDesignator=R53 NewDesignator=R60
Change Component Designator: OldDesignator=R54 NewDesignator=R63
Change Component Designator: OldDesignator=R55 NewDesignator=R64
Change Component Designator: OldDesignator=R56 NewDesignator=R65
Change Component Designator: OldDesignator=R57 NewDesignator=R66
Change Component Designator: OldDesignator=R58 NewDesignator=R67
Change Component Designator: OldDesignator=R59 NewDesignator=R68
Change Component Designator: OldDesignator=R60 NewDesignator=R69
Change Component Designator: OldDesignator=R61 NewDesignator=R70
Change Component Designator: OldDesignator=R62 NewDesignator=R71
Change Component Designator: OldDesignator=R63 NewDesignator=R72
Change Component Designator: OldDesignator=R64 NewDesignator=R73
Change Component Designator: OldDesignator=R65 NewDesignator=R74
Change Component Designator: OldDesignator=R66 NewDesignator=R75
Change Component Designator: OldDesignator=R67 NewDesignator=R76
Change Component Designator: OldDesignator=R68 NewDesignator=R77
Change Component Designator: OldDesignator=R69 NewDesignator=R78
Change Component Designator: OldDesignator=R70 NewDesignator=R79
Change Component Designator: OldDesignator=R71 NewDesignator=R80
Change Component Designator: OldDesignator=R72 NewDesignator=R81
Change Component Designator: OldDesignator=R73 NewDesignator=R82
Change Component Designator: OldDesignator=R74 NewDesignator=R83
Change Component Designator: OldDesignator=R75 NewDesignator=R84
Change Component Designator: OldDesignator=R76 NewDesignator=R85
Change Component Designator: OldDesignator=R77 NewDesignator=R86
Change Component Designator: OldDesignator=R78 NewDesignator=R87
Change Component Designator: OldDesignator=R79 NewDesignator=R88
Change Component Designator: OldDesignator=R82 NewDesignator=R89
Change Component Designator: OldDesignator=R83 NewDesignator=R90
Change Component Designator: OldDesignator=R84 NewDesignator=R92
Change Component Designator: OldDesignator=R85 NewDesignator=R93
Change Component Designator: OldDesignator=R86 NewDesignator=R94
Change Component Designator: OldDesignator=R87 NewDesignator=R95
Change Component Designator: OldDesignator=R88 NewDesignator=R96
Change Component Designator: OldDesignator=R89 NewDesignator=R97
Change Component Designator: OldDesignator=R90 NewDesignator=R98
Change Component Designator: OldDesignator=R91 NewDesignator=R99
Change Component Designator: OldDesignator=R92 NewDesignator=R101
Change Component Designator: OldDesignator=R93 NewDesignator=R102
Change Component Designator: OldDesignator=R94 NewDesignator=R103
Change Component Designator: OldDesignator=R95 NewDesignator=R105
Change Component Designator: OldDesignator=R96 NewDesignator=R106
Change Component Designator: OldDesignator=R97 NewDesignator=R107
Change Component Designator: OldDesignator=R99 NewDesignator=R108
Change Component Designator: OldDesignator=R100 NewDesignator=R110
Change Component Designator: OldDesignator=R101 NewDesignator=R111
Change Component Designator: OldDesignator=R102 NewDesignator=R112
Change Component Designator: OldDesignator=R103 NewDesignator=R113
Change Component Designator: OldDesignator=R104 NewDesignator=R114
Change Component Designator: OldDesignator=R105 NewDesignator=R115
Change Component Designator: OldDesignator=R106 NewDesignator=R116
Change Component Designator: OldDesignator=R107 NewDesignator=R117
Change Component Designator: OldDesignator=R108 NewDesignator=R118
Change Component Designator: OldDesignator=R109 NewDesignator=R119
Change Component Designator: OldDesignator=R110 NewDesignator=R120
Change Component Designator: OldDesignator=R111 NewDesignator=R121
Change Component Designator: OldDesignator=R112 NewDesignator=R122
Change Component Designator: OldDesignator=R113 NewDesignator=R123
Change Component Designator: OldDesignator=R114 NewDesignator=R124
Change Component Designator: OldDesignator=R115 NewDesignator=R125
Change Component Designator: OldDesignator=R116 NewDesignator=R126
Change Component Designator: OldDesignator=R117 NewDesignator=R127
Change Component Designator: OldDesignator=R118 NewDesignator=R128
Change Component Designator: OldDesignator=R119 NewDesignator=R129
Change Component Designator: OldDesignator=R120 NewDesignator=R130
Change Component Designator: OldDesignator=R121 NewDesignator=R131
Change Component Designator: OldDesignator=R122 NewDesignator=R132
Change Component Designator: OldDesignator=R123 NewDesignator=R136
Change Component Designator: OldDesignator=R124 NewDesignator=R137
Change Component Designator: OldDesignator=R125 NewDesignator=R138
Change Component Designator: OldDesignator=R126 NewDesignator=R139
Change Component Designator: OldDesignator=R127 NewDesignator=R140
Change Component Designator: OldDesignator=R128 NewDesignator=R141
Change Component Designator: OldDesignator=R129 NewDesignator=R142
Change Component Designator: OldDesignator=R130 NewDesignator=R143
Change Component Designator: OldDesignator=R132 NewDesignator=R145
Change Component Designator: OldDesignator=R133 NewDesignator=R146
Change Component Designator: OldDesignator=R134 NewDesignator=R147
Change Component Designator: OldDesignator=R135 NewDesignator=R148
Change Component Designator: OldDesignator=R136 NewDesignator=R149
Change Component Designator: OldDesignator=R137 NewDesignator=R150
Change Component Designator: OldDesignator=R138 NewDesignator=R151
Change Component Designator: OldDesignator=R140 NewDesignator=R153
Change Component Designator: OldDesignator=R141 NewDesignator=R154
Change Component Designator: OldDesignator=R142 NewDesignator=R155
Change Component Designator: OldDesignator=R143 NewDesignator=R156
Change Component Designator: OldDesignator=R147 NewDesignator=R157
Change Component Designator: OldDesignator=R148 NewDesignator=R158
Change Component Designator: OldDesignator=R150 NewDesignator=R159
Change Component Designator: OldDesignator=R152 NewDesignator=R160
Change Component Designator: OldDesignator=R153 NewDesignator=R161
Change Component Designator: OldDesignator=R154 NewDesignator=R162
Change Component Designator: OldDesignator=R155 NewDesignator=R163
Change Component Designator: OldDesignator=R156 NewDesignator=R164
Change Component Designator: OldDesignator=R157 NewDesignator=R165
Change Component Designator: OldDesignator=R158 NewDesignator=R166
Change Component Designator: OldDesignator=R159 NewDesignator=R167
Change Component Designator: OldDesignator=R160 NewDesignator=R168
Change Component Designator: OldDesignator=R161 NewDesignator=R169
Change Component Designator: OldDesignator=R162 NewDesignator=R170
Change Component Designator: OldDesignator=R163 NewDesignator=R171
Change Component Designator: OldDesignator=R164 NewDesignator=R172
Change Component Designator: OldDesignator=R165 NewDesignator=R173
Change Component Designator: OldDesignator=R166 NewDesignator=R174
Change Component Designator: OldDesignator=R167 NewDesignator=R175
Change Component Designator: OldDesignator=R168 NewDesignator=R176
Change Component Designator: OldDesignator=R169 NewDesignator=R177
Change Component Designator: OldDesignator=R170 NewDesignator=R178
Change Component Designator: OldDesignator=R171 NewDesignator=R179
Change Component Designator: OldDesignator=R172 NewDesignator=R180
Change Component Designator: OldDesignator=R173 NewDesignator=R181
Change Component Designator: OldDesignator=R174 NewDesignator=R182
Change Component Designator: OldDesignator=R175 NewDesignator=R183
Change Component Designator: OldDesignator=R176 NewDesignator=R184
Change Component Designator: OldDesignator=R177 NewDesignator=R185
Change Component Designator: OldDesignator=R178 NewDesignator=R186
Change Component Designator: OldDesignator=R179 NewDesignator=R187
Change Component Designator: OldDesignator=R180 NewDesignator=R188
Change Component Designator: OldDesignator=R181 NewDesignator=R189
Change Component Designator: OldDesignator=R182 NewDesignator=R190
Change Component Designator: OldDesignator=R183 NewDesignator=R191
Change Component Designator: OldDesignator=R184 NewDesignator=R192
Change Component Designator: OldDesignator=R194 NewDesignator=R196
Change Component Designator: OldDesignator=R195 NewDesignator=R197
Change Component Designator: OldDesignator=R196 NewDesignator=R198
Change Component Designator: OldDesignator=R197 NewDesignator=R199
Change Component Designator: OldDesignator=R198 NewDesignator=R200
Change Component Designator: OldDesignator=R199 NewDesignator=R201
Change Component Designator: OldDesignator=R200 NewDesignator=R202
Change Component Designator: OldDesignator=R201 NewDesignator=R203
Change Component Designator: OldDesignator=R202 NewDesignator=R204
Change Component Designator: OldDesignator=R203 NewDesignator=R205
Change Component Designator: OldDesignator=R204 NewDesignator=R206
Change Component Designator: OldDesignator=R205 NewDesignator=R207
Change Component Designator: OldDesignator=R206 NewDesignator=R208
Change Component Designator: OldDesignator=R207 NewDesignator=R209
Change Component Designator: OldDesignator=R208 NewDesignator=R210
Change Component Designator: OldDesignator=R209 NewDesignator=R211
Change Component Designator: OldDesignator=R210 NewDesignator=R212
Change Component Designator: OldDesignator=R211 NewDesignator=R213
Change Component Designator: OldDesignator=R212 NewDesignator=R215
Change Component Designator: OldDesignator=R213 NewDesignator=R216
Change Component Designator: OldDesignator=R216 NewDesignator=R222
Change Component Designator: OldDesignator=R217 NewDesignator=R223
Change Component Designator: OldDesignator=R218 NewDesignator=R224
Change Component Designator: OldDesignator=R219 NewDesignator=R225
Change Component Designator: OldDesignator=R220 NewDesignator=R226
Change Component Designator: OldDesignator=R221 NewDesignator=R227
Change Component Designator: OldDesignator=R222 NewDesignator=R228
Change Component Designator: OldDesignator=R223 NewDesignator=R229
Change Component Designator: OldDesignator=R224 NewDesignator=R230
Change Component Designator: OldDesignator=R225 NewDesignator=R231
Change Component Designator: OldDesignator=R226 NewDesignator=R232
Change Component Designator: OldDesignator=R227 NewDesignator=R233
Change Component Designator: OldDesignator=R228 NewDesignator=R234
Change Component Designator: OldDesignator=R229 NewDesignator=R235
Change Component Designator: OldDesignator=R? NewDesignator=R33
Change Component Designator: OldDesignator=R? NewDesignator=R50
Change Component Designator: OldDesignator=R? NewDesignator=R53
Change Component Designator: OldDesignator=R? NewDesignator=R59
Change Component Designator: OldDesignator=R? NewDesignator=R91
Change Component Designator: OldDesignator=R? NewDesignator=R100
Change Component Designator: OldDesignator=R? NewDesignator=R144
Change Component Designator: OldDesignator=R? NewDesignator=R152
Change Component Designator: OldDesignator=VR1 NewDesignator=VR2
Added Component: Designator=C14(CAP_C_2012X110)
Added Component: Designator=C15(CAP_C_3225X80)
Added Component: Designator=C16(CAP_C_3225X80)
Added Component: Designator=C155(CAP_C_1005X50_L)
Added Component: Designator=C174(CAP_C_1005X50_L)
Added Component: Designator=C178(CAP_C_1005X50_L)
Added Component: Designator=C184(CAP_C_1005X50_L)
Added Component: Designator=C185(CAP_C_1005X50_L)
Added Component: Designator=D5(LED_0402)
Added Component: Designator=D7(LED_0402)
Added Component: Designator=J8(5040500991)
Added Component: Designator=J12(MOLEX_0532610471)
Added Component: Designator=R12(RES_C_1005x30_L)
Added Component: Designator=R31(RES_C_1005x30_L)
Added Component: Designator=R32(RES_C_1005x30_L)
Added Component: Designator=R61(RES_C_1005x30_L)
Added Component: Designator=R62(RES_C_1005x30_L)
Added Component: Designator=R104(RES_C_1005x30_L)
Added Component: Designator=R109(RES_C_1005x30_L)
Added Component: Designator=R133(RES_C_0603X30)
Added Component: Designator=R134(RES_C_0603X30)
Added Component: Designator=R135(RES_C_0603X30)
Added Component: Designator=R194(RES_C_1005x30_L)
Added Component: Designator=R195(RES_C_1005x30_L)
Added Component: Designator=R217(RES_C_1005x30_L)
Added Component: Designator=R218(RES_C_1005x30_L)
Added Component: Designator=R219(RES_C_1005x30_L)
Added Component: Designator=R220(RES_C_1005x30_L)
Added Component: Designator=R221(RES_C_1005x30_L)
Added Component: Designator=R236(RES_C_1005X40)
Added Component: Designator=R237(RES_C_1005X40)
Added Component: Designator=R238(RES_C_1005X40)
Added Component: Designator=U24(QFN50P300X300X80-17N)
Add component (AddParameter): Name = "Check_prices"; Value = "https://www.snapeda.com/parts/FSUSB74MPX/Onsemi/view-part/?ref=eda"; VariantName = "[No Variations]"
Add component (AddParameter): Name = "MF"; Value = "ON Semiconductor"; VariantName = "[No Variations]"
Add component (AddParameter): Name = "MP"; Value = "FSUSB74MPX"; VariantName = "[No Variations]"
Add component (AddParameter): Name = "Package"; Value = "WQFN-16 ON Semiconductor"; VariantName = "[No Variations]"
Add component (AddParameter): Name = "SnapEDA_Link"; Value = "https://www.snapeda.com/parts/FSUSB74MPX/Onsemi/view-part/?ref=snap"; VariantName = "[No Variations]"
Add component (AddParameter): Name = "Value"; Value = ""; VariantName = "[No Variations]"
Added Component: Designator=VR1(VREG_LM1117MP-3.3/NOPB)
Add component (AddParameter): Name = "Check_prices"; Value = "https://www.snapeda.com/parts/LM1117MP-3.3/NOPB/Texas+Instruments/view-part/?ref=eda"; VariantName = "[No Variations]"
Add component (AddParameter): Name = "MF"; Value = "Texas Instruments"; VariantName = "[No Variations]"
Add component (AddParameter): Name = "MP"; Value = "LM1117MP-3.3/NOPB"; VariantName = "[No Variations]"
Add component (AddParameter): Name = "Package"; Value = "SOT-223-4 Texas Instruments"; VariantName = "[No Variations]"
Add component (AddParameter): Name = "SnapEDA_Link"; Value = "https://www.snapeda.com/parts/LM1117MP-3.3/NOPB/Texas+Instruments/view-part/?ref=snap"; VariantName = "[No Variations]"
Add component (AddParameter): Name = "Value"; Value = ""; VariantName = "[No Variations]"
Added Pin To Net: NetName=GND Pin=C14-1
Added Pin To Net: NetName=5V Pin=C14-2
Added Pin To Net: NetName=GND Pin=C15-1
Added Pin To Net: NetName=GND Pin=C16-1
Added Pin To Net: NetName=GND Pin=C155-1
Added Pin To Net: NetName=3V3 Pin=C155-2
Added Pin To Net: NetName=GND Pin=C174-1
Added Pin To Net: NetName=GND Pin=C178-1
Added Pin To Net: NetName=GND Pin=C184-1
Added Pin To Net: NetName=3V3 Pin=C184-2
Added Pin To Net: NetName=GND Pin=C185-1
Added Pin To Net: NetName=3V3 Pin=C185-2
Added Pin To Net: NetName=NetCR3_1 Pin=CR4-1
Added Pin To Net: NetName=NetCR3_2 Pin=CR4-2
Added Pin To Net: NetName=GND Pin=D5-1
Added Pin To Net: NetName=LVDS_TxD_P Pin=J8-1
Added Pin To Net: NetName=LVDS_TxD_N Pin=J8-2
Added Pin To Net: NetName=LVDS_RXD_P Pin=J8-3
Added Pin To Net: NetName=LVDS_RXD_N Pin=J8-4
Added Pin To Net: NetName=GND Pin=J8-5
Added Pin To Net: NetName=LVDS_TxC_P Pin=J8-6
Added Pin To Net: NetName=LVDS_TxC_N Pin=J8-7
Added Pin To Net: NetName=LVDS_RXC_P Pin=J8-8
Added Pin To Net: NetName=LVDS_RXC_N Pin=J8-9
Added Pin To Net: NetName=GND Pin=J8-M1
Added Pin To Net: NetName=GND Pin=J8-M2
Added Pin To Net: NetName=NetCR4_1 Pin=J12-1
Added Pin To Net: NetName=NetCR4_2 Pin=J12-2
Added Pin To Net: NetName=GND Pin=J12-M1
Added Pin To Net: NetName=GND Pin=J12-M2
Add Pin To Net: Unknown Pin: Pin J13-2
Add Pin To Net: Unknown Pin: Pin J13-3
Added Pin To Net: NetName=3V3 Pin=J15-1
Added Pin To Net: NetName=FLEXCOM9_UART_TX_DEBUG Pin=J15-2
Added Pin To Net: NetName=FLEXCOM9_UART_RX_DEBUG Pin=J15-3
Added Pin To Net: NetName=GND Pin=J15-4
Added Pin To Net: NetName=NetCR4_1 Pin=R31-1
Added Pin To Net: NetName=NetCR4_2 Pin=R32-2
Added Pin To Net: NetName=XOUT24M Pin=R61-1
Added Pin To Net: NetName=XIN24M Pin=R61-2
Added Pin To Net: NetName=XOUT32K Pin=R62-1
Added Pin To Net: NetName=XIN32K Pin=R62-2
Added Pin To Net: NetName=3V3 Pin=R104-1
Added Pin To Net: NetName=3V3 Pin=R109-1
Added Pin To Net: NetName=FLEXCOM2_SPI_CLK Pin=R156-2
Added Pin To Net: NetName=FLEXCOM2_SPI_MISO Pin=R158-2
Added Pin To Net: NetName=GND Pin=R193-1
Added Pin To Net: NetName=3V3 Pin=R194-1
Added Pin To Net: NetName=FLEXCOM9_UART_TX_DEBUG Pin=R194-2
Added Pin To Net: NetName=3V3 Pin=R195-1
Added Pin To Net: NetName=FLEXCOM9_UART_RX_DEBUG Pin=R195-2
Added Pin To Net: NetName=NetC171_2 Pin=R214-1
Added Pin To Net: NetName=NetCR3_1 Pin=R217-1
Added Pin To Net: NetName=NetCR3_2 Pin=R218-1
Added Pin To Net: NetName=NetCR3_1 Pin=R219-1
Added Pin To Net: NetName=NetCR3_2 Pin=R221-2
Added Pin To Net: NetName=3V3 Pin=R236-2
Added Pin To Net: NetName=GND Pin=R237-1
Added Pin To Net: NetName=GND Pin=R238-1
Added Pin To Net: NetName=NetCR3_2 Pin=U21-6
Added Pin To Net: NetName=NetCR3_1 Pin=U21-7
Add Pin To Net: Unknown Pin: Pin U23-13
Added Pin To Net: NetName=GND Pin=U24-1
Added Pin To Net: NetName=USBA_P Pin=U24-2
Added Pin To Net: NetName=USBA_N Pin=U24-3
Added Pin To Net: NetName=3V3 Pin=U24-4
Added Pin To Net: NetName=GND Pin=U24-17
Added Pin To Net: NetName=GND Pin=VR1-1
Added Pin To Net: NetName=5V Pin=VR1-3
Change Net Name : Old Net Name=NetC19_2 New Net Name=NetC22_2
Change Net Name : Old Net Name=NetC131_2 New Net Name=NetC135_2
Change Net Name : Old Net Name=NetC143_2 New Net Name=NetC147_2
Change Net Name : Old Net Name=NetC171_2 New Net Name=NetC175_2
Change Net Name : Old Net Name=NetCR3_1 New Net Name=CAN_H
Change Net Name : Old Net Name=NetCR3_2 New Net Name=CAN_L
Change Net Name : Old Net Name=NetCR4_1 New Net Name=NetJ1_9
Change Net Name : Old Net Name=NetCR4_2 New Net Name=NetJ1_8
Change Net Name : Old Net Name=NetD2_2 New Net Name=NetD1_2
Change Net Name : Old Net Name=NetD5_2 New Net Name=NetD6_2
Change Net Name : Old Net Name=NetD6_1 New Net Name=NetD8_1
Change Net Name : Old Net Name=NetD6_2 New Net Name=NetD8_2
Change Net Name : Old Net Name=NetD7_1 New Net Name=NetD9_1
Change Net Name : Old Net Name=NetD7_2 New Net Name=NetD9_2
Change Net Name : Old Net Name=NetJ5_06 New Net Name=NetJ6_06
Change Net Name : Old Net Name=NetJ5_09 New Net Name=NetJ6_09
Change Net Name : Old Net Name=NetJ5_11 New Net Name=NetJ6_11
Change Net Name : Old Net Name=NetJ5_13 New Net Name=NetJ6_13
Change Net Name : Old Net Name=NetJ5_15 New Net Name=NetJ6_15
Change Net Name : Old Net Name=NetJ5_19 New Net Name=NetJ6_19
Change Net Name : Old Net Name=NetJ5_21 New Net Name=NetJ6_21
Change Net Name : Old Net Name=NetJ5_23 New Net Name=NetJ6_23
Change Net Name : Old Net Name=NetJ5_25 New Net Name=NetJ6_25
Change Net Name : Old Net Name=NetJ5_37 New Net Name=NetJ6_37
Change Net Name : Old Net Name=NetJ5_38 New Net Name=NetJ6_38
Change Net Name : Old Net Name=NetJ5_39 New Net Name=NetJ6_39
Change Net Name : Old Net Name=NetJ5_40 New Net Name=NetJ6_40
Change Net Name : Old Net Name=NetJ5_41 New Net Name=NetJ6_41
Change Net Name : Old Net Name=NetJ5_42 New Net Name=NetJ6_42
Change Net Name : Old Net Name=NetJ5_43 New Net Name=NetJ6_43
Change Net Name : Old Net Name=NetJ5_44 New Net Name=NetJ6_44
Change Net Name : Old Net Name=NetJ10_19 New Net Name=NetJ11_19
Change Net Name : Old Net Name=NetJ12_P9 New Net Name=NetJ14_P9
Change Net Name : Old Net Name=NetR30_2 New Net Name=NetR34_2
Change Net Name : Old Net Name=NetR31_2 New Net Name=NetR35_2
Change Net Name : Old Net Name=NetR36_1 New Net Name=NetR40_1
Change Net Name : Old Net Name=NetR37_1 New Net Name=NetR41_1
Change Net Name : Old Net Name=NetR38_1 New Net Name=NetR42_1
Change Net Name : Old Net Name=NetR39_1 New Net Name=NetR43_1
Change Net Name : Old Net Name=NetR40_1 New Net Name=NetR44_1
Change Net Name : Old Net Name=NetR48_2 New Net Name=NetR53_1
Change Net Name : Old Net Name=NetR84_1 New Net Name=PA21
Change Net Name : Old Net Name=NetR86_1 New Net Name=PA22
Change Net Name : Old Net Name=NetR112_2 New Net Name=NetR122_2
Change Net Name : Old Net Name=NetR114_2 New Net Name=NetR124_2
Change Net Name : Old Net Name=NetR116_2 New Net Name=NetR126_2
Change Net Name : Old Net Name=NetR118_2 New Net Name=NetR128_2
Change Net Name : Old Net Name=NetR121_2 New Net Name=NetR131_2
Change Net Name : Old Net Name=NetR133_1 New Net Name=NetR146_1
Change Net Name : Old Net Name=NetR135_1 New Net Name=NetR148_1
Change Net Name : Old Net Name=NetR136_2 New Net Name=NetR149_2
Change Net Name : Old Net Name=NetR138_2 New Net Name=NetR151_2
Change Net Name : Old Net Name=NetR140_2 New Net Name=NetR153_2
Change Net Name : Old Net Name=NetR142_2 New Net Name=NetR155_2
Change Net Name : Old Net Name=NetR152_2 New Net Name=NetR160_2
Change Net Name : Old Net Name=NetR153_2 New Net Name=NetR161_2
Change Net Name : Old Net Name=NetR155_1 New Net Name=NetR163_1
Change Net Name : Old Net Name=NetR158_2 New Net Name=NetR166_2
Change Net Name : Old Net Name=NetR194_1 New Net Name=NetR196_1
Change Net Name : Old Net Name=NetR195_1 New Net Name=NetR197_1
Change Net Name : Old Net Name=NetR196_1 New Net Name=NetR198_1
Change Net Name : Old Net Name=NetR199_2 New Net Name=NetR201_2
Change Net Name : Old Net Name=NetR200_1 New Net Name=NetR202_1
Change Net Name : Old Net Name=NetR201_1 New Net Name=NetR203_1
Change Net Name : Old Net Name=NetR202_1 New Net Name=NetR204_1
Change Net Name : Old Net Name=NetR202_2 New Net Name=NetR100_2
Change Net Name : Old Net Name=NetR203_1 New Net Name=NetR205_1
Change Net Name : Old Net Name=NetR204_1 New Net Name=NetR206_1
Change Net Name : Old Net Name=NetR213_1 New Net Name=NetR216_1
Change Net Name : Old Net Name=NetR216_1 New Net Name=NetR222_1
Change Net Name : Old Net Name=NetR221_2 New Net Name=NetR91_2
Change Net Name : Old Net Name=NetR224_1 New Net Name=NetR230_1
Change Net Name : Old Net Name=NetR?_1 New Net Name=PA19
Change Net Name : Old Net Name=NetR?_2 New Net Name=NetR33_2
Added Pin To Net: NetName=3V3_IC_DRIVE Pin=C15-2
Added Pin To Net: NetName=3V3_IC_DRIVE Pin=C16-2
Added Pin To Net: NetName=3V3_IC_DRIVE Pin=C165-2
Added Pin To Net: NetName=3V3_IC_DRIVE Pin=C166-2
Added Pin To Net: NetName=3V3_IC_DRIVE Pin=C167-2
Added Pin To Net: NetName=3V3_IC_DRIVE Pin=C168-2
Added Pin To Net: NetName=3V3_IC_DRIVE Pin=C169-2
Added Pin To Net: NetName=3V3_IC_DRIVE Pin=C170-2
Added Pin To Net: NetName=3V3_IC_DRIVE Pin=C171-2
Added Pin To Net: NetName=3V3_IC_DRIVE Pin=C172-2
Added Pin To Net: NetName=3V3_IC_DRIVE Pin=C173-2
Added Pin To Net: NetName=3V3_IC_DRIVE Pin=C174-2
Added Pin To Net: NetName=3V3_IC_DRIVE Pin=C176-2
Added Pin To Net: NetName=3V3_IC_DRIVE Pin=C177-2
Added Pin To Net: NetName=3V3_IC_DRIVE Pin=C181-2
Added Pin To Net: NetName=3V3_IC_DRIVE Pin=C182-2
Added Pin To Net: NetName=3V3_IC_DRIVE Pin=C183-2
Added Pin To Net: NetName=3V3_IC_DRIVE Pin=R12-2
Added Pin To Net: NetName=3V3_IC_DRIVE Pin=R227-1
Added Pin To Net: NetName=3V3_IC_DRIVE Pin=R228-1
Added Pin To Net: NetName=3V3_IC_DRIVE Pin=R230-2
Added Pin To Net: NetName=3V3_IC_DRIVE Pin=R231-2
Added Pin To Net: NetName=3V3_IC_DRIVE Pin=U16-1
Added Pin To Net: NetName=3V3_IC_DRIVE Pin=U17-1
Added Pin To Net: NetName=3V3_IC_DRIVE Pin=U18-1
Added Pin To Net: NetName=3V3_IC_DRIVE Pin=U19-1
Added Pin To Net: NetName=3V3_IC_DRIVE Pin=U20-3
Added Pin To Net: NetName=3V3_IC_DRIVE Pin=U21-3
Added Pin To Net: NetName=3V3_IC_DRIVE Pin=U22-8
Added Pin To Net: NetName=3V3_IC_DRIVE Pin=U23-5
Added Pin To Net: NetName=3V3_IC_DRIVE Pin=U23-12
Added Pin To Net: NetName=3V3_IC_DRIVE Pin=VR1-2
Added Pin To Net: NetName=3V3_IC_DRIVE Pin=VR1-4
Added Net: Name=3V3_IC_DRIVE
Added Pin To Net: NetName=FLEXCOM4_I2C_SCL Pin=J9-05
Added Pin To Net: NetName=FLEXCOM4_I2C_SCL Pin=R89-2
Added Pin To Net: NetName=FLEXCOM4_I2C_SCL Pin=R109-2
Added Net: Name=FLEXCOM4_I2C_SCL
Added Pin To Net: NetName=FLEXCOM4_I2C_SDA Pin=J9-06
Added Pin To Net: NetName=FLEXCOM4_I2C_SDA Pin=R90-2
Added Pin To Net: NetName=FLEXCOM4_I2C_SDA Pin=R104-2
Added Net: Name=FLEXCOM4_I2C_SDA
Added Pin To Net: NetName=JTAG_NTRST_PC22 Pin=R136-2
Added Net: Name=JTAG_NTRST_PC22
Added Pin To Net: NetName=JTAG_TCK_PC23 Pin=R137-2
Added Net: Name=JTAG_TCK_PC23
Added Pin To Net: NetName=JTAG_TDI_PC25 Pin=R139-2
Added Net: Name=JTAG_TDI_PC25
Added Pin To Net: NetName=JTAG_TDO_PC26 Pin=R140-2
Added Net: Name=JTAG_TDO_PC26
Added Pin To Net: NetName=JTAG_TMS_PC24 Pin=R138-2
Added Net: Name=JTAG_TMS_PC24
Added Pin To Net: NetName=NetC178_2 Pin=C178-2
Added Pin To Net: NetName=NetC178_2 Pin=R219-2
Added Pin To Net: NetName=NetC178_2 Pin=R220-1
Added Pin To Net: NetName=NetC178_2 Pin=R221-1
Added Net: Name=NetC178_2
Added Pin To Net: NetName=NetD5_2 Pin=D5-2
Added Pin To Net: NetName=NetD5_2 Pin=R12-1
Added Net: Name=NetD5_2
Added Pin To Net: NetName=NetD7_1 Pin=D7-1
Added Pin To Net: NetName=NetD7_1 Pin=R193-2
Added Net: Name=NetD7_1
Added Pin To Net: NetName=NetJ2_1 Pin=J2-1
Added Pin To Net: NetName=NetJ2_1 Pin=R20-1
Added Net: Name=NetJ2_1
Added Pin To Net: NetName=NetJ2_2 Pin=J2-2
Added Pin To Net: NetName=NetJ2_2 Pin=R22-1
Added Net: Name=NetJ2_2
Added Pin To Net: NetName=NetJ2_3 Pin=J2-3
Added Pin To Net: NetName=NetJ2_3 Pin=R19-1
Added Net: Name=NetJ2_3
Added Pin To Net: NetName=NetJ2_4 Pin=J2-4
Added Pin To Net: NetName=NetJ2_4 Pin=R21-1
Added Net: Name=NetJ2_4
Added Pin To Net: NetName=NetJ2_5 Pin=J2-5
Added Pin To Net: NetName=NetJ2_5 Pin=R27-1
Added Net: Name=NetJ2_5
Added Pin To Net: NetName=NetJ2_6 Pin=J2-6
Added Pin To Net: NetName=NetJ2_6 Pin=R29-1
Added Net: Name=NetJ2_6
Added Pin To Net: NetName=NetJ9_07 Pin=J9-07
Added Pin To Net: NetName=NetJ9_07 Pin=R31-2
Added Pin To Net: NetName=NetJ9_07 Pin=R217-2
Added Net: Name=NetJ9_07
Added Pin To Net: NetName=NetJ9_08 Pin=J9-08
Added Pin To Net: NetName=NetJ9_08 Pin=R32-1
Added Pin To Net: NetName=NetJ9_08 Pin=R218-2
Added Net: Name=NetJ9_08
Added Pin To Net: NetName=NetJ12_3 Pin=J12-3
Added Pin To Net: NetName=NetJ12_3 Pin=U24-11
Added Net: Name=NetJ12_3
Added Pin To Net: NetName=NetJ12_4 Pin=J12-4
Added Pin To Net: NetName=NetJ12_4 Pin=U24-12
Added Net: Name=NetJ12_4
Added Pin To Net: NetName=NetR133_2 Pin=R133-2
Added Pin To Net: NetName=NetR133_2 Pin=R236-1
Added Pin To Net: NetName=NetR133_2 Pin=U24-15
Added Net: Name=NetR133_2
Added Pin To Net: NetName=NetR134_2 Pin=R134-2
Added Pin To Net: NetName=NetR134_2 Pin=R237-2
Added Pin To Net: NetName=NetR134_2 Pin=U24-6
Added Net: Name=NetR134_2
Added Pin To Net: NetName=NetR135_2 Pin=R135-2
Added Pin To Net: NetName=NetR135_2 Pin=R238-2
Added Pin To Net: NetName=NetR135_2 Pin=U24-5
Added Net: Name=NetR135_2
Added Pin To Net: NetName=NetR214_2 Pin=R214-2
Added Pin To Net: NetName=NetR214_2 Pin=U20-5
Added Net: Name=NetR214_2
Added Pin To Net: NetName=NetR220_2 Pin=R220-2
Added Pin To Net: NetName=NetR220_2 Pin=U21-5
Added Net: Name=NetR220_2
Added Pin To Net: NetName=PD18 Pin=R133-1
Added Pin To Net: NetName=PD18 Pin=U5-H16
Added Net: Name=PD18
Added Pin To Net: NetName=PD19 Pin=R134-1
Added Pin To Net: NetName=PD19 Pin=U5-F18
Added Net: Name=PD19
Added Pin To Net: NetName=PD20 Pin=R135-1
Added Pin To Net: NetName=PD20 Pin=U5-J12
Added Net: Name=PD20
Added Pin To Net: NetName=USB_DEBUG_N Pin=U10-2
Added Pin To Net: NetName=USB_DEBUG_N Pin=U24-14
Added Net: Name=USB_DEBUG_N
Added Pin To Net: NetName=USB_DEBUG_P Pin=U10-3
Added Pin To Net: NetName=USB_DEBUG_P Pin=U24-13
Added Net: Name=USB_DEBUG_P
Added Pin To Net: NetName=VBUS Pin=D7-2
Added Pin To Net: NetName=VBUS Pin=U10-1
Added Net: Name=VBUS
Change Class Name : Old Net Name=CONNECTOR New Net Name=CONNECTOR_INTERFACE
Added Class: Name=DEBUG_CONSOLE
Added Class: Name=USB_SWITCH
Added Differential Pair: Name=USB_DEBUG
Added Member To Class: ClassName=POWER Member=Component C17 10uF/20V
Added Member To Class: ClassName=POWER Member=Component C18 47uF/25V
Added Member To Class: ClassName=POWER Member=Component C19 47uF/25V
Added Member To Class: ClassName=SAMA7D65_MPU Member=Component C82 18pF/10V
Added Member To Class: ClassName=CAN_PHY Member=Component C177 0.1uF/10V
Added Member To Class: ClassName=CAN_PHY Member=Component C178 0.1uF/10V
Added Member To Class: ClassName=POWER Member=Component D6 LTST-C281KGKT
Added Member To Class: ClassName=CONNECTOR_INTERFACE Member=Component J11 TLE-110-01-G-DV-A-TR
Added Member To Class: ClassName=CONNECTOR_INTERFACE Member=Component J12 HEADER 4x1
Add Class Member: Failed to add class member : Component J13 HEADER 8x1
Added Member To Class: ClassName=POWER Member=Component R5 1k
Added Member To Class: ClassName=POWER Member=Component R6 47k
Added Member To Class: ClassName=POWER Member=Component R7 10k
Added Member To Class: ClassName=POWER Member=Component R8 1k
Added Member To Class: ClassName=POWER Member=Component R11 3.24k
Added Member To Class: ClassName=POWER Member=Component R12 1k
Added Member To Class: ClassName=POWER Member=Component R13 1k
Added Member To Class: ClassName=CONNECTOR_INTERFACE Member=Component R16 0R
Added Member To Class: ClassName=CONNECTOR_INTERFACE Member=Component R19 0R
Added Member To Class: ClassName=CONNECTOR_INTERFACE Member=Component R20 0R
Added Member To Class: ClassName=CONNECTOR_INTERFACE Member=Component R28 0R
Added Member To Class: ClassName=CONNECTOR_INTERFACE Member=Component R29 0R
Added Member To Class: ClassName=CONNECTOR_INTERFACE Member=Component R30 0R
Added Member To Class: ClassName=CONNECTOR_INTERFACE Member=Component R31 DNP/0R
Added Member To Class: ClassName=CONNECTOR_INTERFACE Member=Component R32 DNP/0R
Added Member To Class: ClassName=SAMA7D65_PMIC Member=Component R45 10k
Added Member To Class: ClassName=SAMA7D65_PMIC Member=Component R46 Shunt 4 Pin
Added Member To Class: ClassName=SAMA7D65_PMIC Member=Component R47 Shunt 4 Pin
Added Member To Class: ClassName=SAMA7D65_PMIC Member=Component R49 Shunt 4 Pin
Added Member To Class: ClassName=SAMA7D65_MPU Member=Component R53 DNP/10k
Added Member To Class: ClassName=SAMA7D65_MPU Member=Component R54 10k
Added Member To Class: ClassName=SAMA7D65_MPU Member=Component R56 16.9k
Added Member To Class: ClassName=SAMA7D65_MPU Member=Component R59 1k
Added Member To Class: ClassName=SAMA7D65_MPU Member=Component R60 DNP/0R
Added Member To Class: ClassName=SAMA7D65_MPU Member=Component R61 1M 1%
Added Member To Class: ClassName=SAMA7D65_MPU Member=Component R62 1M 1%
Added Member To Class: ClassName=SAMA7D65_PIO Member=Component R93 22R
Added Member To Class: ClassName=SAMA7D65_PIO Member=Component R96 22R
Added Member To Class: ClassName=SAMA7D65_PIO Member=Component R98 22R
Added Member To Class: ClassName=SAMA7D65_PIO Member=Component R100 22R
Added Member To Class: ClassName=SAMA7D65_PIO Member=Component R102 22R
Added Member To Class: ClassName=SAMA7D65_PIO Member=Component R116 22R
Added Member To Class: ClassName=SAMA7D65_PIO Member=Component R119 22R
Added Member To Class: ClassName=SAMA7D65_PIO Member=Component R122 22R
Added Member To Class: ClassName=SAMA7D65_PIO Member=Component R126 22R
Added Member To Class: ClassName=SAMA7D65_PIO Member=Component R129 22R
Added Member To Class: ClassName=SAMA7D65_PIO Member=Component R131 22R
Added Member To Class: ClassName=SAMA7D65_PIO Member=Component R132 22R
Added Member To Class: ClassName=SAMA7D65_PIO Member=Component R133 22R
Added Member To Class: ClassName=SAMA7D65_PIO Member=Component R135 22R
Added Member To Class: ClassName=SAMA7D65_PIO Member=Component R136 22R
Added Member To Class: ClassName=SAMA7D65_PIO Member=Component R138 22R
Added Member To Class: ClassName=SAMA7D65_PIO Member=Component R139 22R
Added Member To Class: ClassName=SAMA7D65_PIO Member=Component R141 22R
Added Member To Class: ClassName=SAMA7D65_PIO Member=Component R142 22R
Added Member To Class: ClassName=SAMA7D65_PIO Member=Component R144 4.7k
Added Member To Class: ClassName=SAMA7D65_PIO Member=Component R145 22R
Added Member To Class: ClassName=SAMA7D65_PIO Member=Component R146 22R
Added Member To Class: ClassName=SAMA7D65_PIO Member=Component R148 22R
Added Member To Class: ClassName=SAMA7D65_PIO Member=Component R149 22R
Added Member To Class: ClassName=SAMA7D65_PIO Member=Component R150 22R
Added Member To Class: ClassName=SAMA7D65_PIO Member=Component R154 22R
Added Member To Class: ClassName=SAMA7D65_PIO Member=Component R155 22R
Added Member To Class: ClassName=SAMA7D65_PIO Member=Component R156 22R
Added Member To Class: ClassName=SAMA7D65_PIO Member=Component R157 DNP/10k
Added Member To Class: ClassName=SAMA7D65_PIO Member=Component R158 22R
Added Member To Class: ClassName=SAMA7D65_PIO Member=Component R159 10k
Added Member To Class: ClassName=SAMA7D65_PIO Member=Component R160 22R
Added Member To Class: ClassName=SAMA7D65_PIO Member=Component R161 22R
Added Member To Class: ClassName=SAMA7D65_DDR3L Member=Component R165 1k
Added Member To Class: ClassName=SAMA7D65_DDR3L Member=Component R166 240R
Added Member To Class: ClassName=eMMC Member=Component R176 10k
Added Member To Class: ClassName=eMMC Member=Component R183 10k
Added Member To Class: ClassName=eMMC Member=Component R184 10k
Added Member To Class: ClassName=SDCARD Member=Component R190 DNP/10k
Added Member To Class: ClassName=SDCARD Member=Component R191 10k
Added Member To Class: ClassName=EEPROM Member=Component R192 4.7k
Added Member To Class: ClassName=TEMP Member=Component R197 22R
Added Member To Class: ClassName=TEMP Member=Component R198 22R
Added Member To Class: ClassName=RTC Member=Component R200 4.7k
Added Member To Class: ClassName=RTC Member=Component R201 4.7k
Added Member To Class: ClassName=WATCHDOG Member=Component R205 16.5k
Added Member To Class: ClassName=WATCHDOG Member=Component R206 16.5k
Added Member To Class: ClassName=CAN_PHY Member=Component R214 22R
Added Member To Class: ClassName=CAN_PHY Member=Component R217 22R
Added Member To Class: ClassName=CAN_PHY Member=Component R218 22R
Added Member To Class: ClassName=CAN_PHY Member=Component R219 60R
Added Member To Class: ClassName=CAN_PHY Member=Component R220 22R
Added Member To Class: ClassName=CAN_PHY Member=Component R221 60R
Added Member To Class: ClassName=CAN_PHY Member=Component R222 10k
Added Member To Class: ClassName=BUTTON_LED Member=Component R223 100R
Added Member To Class: ClassName=BUTTON_LED Member=Component R224 100R
Added Member To Class: ClassName=BUTTON_LED Member=Component R225 1k
Added Member To Class: ClassName=RS485 Member=Component R228 10k
Added Member To Class: ClassName=RS422 Member=Component R231 4.7k
Added Member To Class: ClassName=RS422 Member=Component R234 120R
Added Member To Class: ClassName=RS422 Member=Component R235 4.7k
Added Member To Class: ClassName=POWER Member=Component VR2 LM1117MP-3.3/NOPB
Added Member To Class: ClassName=JTAG Member=Wire JTAG_NTRST_PC22
Added Member To Class: ClassName=JTAG Member=Wire JTAG_TCK_PC23
Added Member To Class: ClassName=JTAG Member=Wire JTAG_TDI_PC25
Added Member To Class: ClassName=JTAG Member=Wire JTAG_TDO_PC26
Added Member To Class: ClassName=JTAG Member=Wire JTAG_TMS_PC24
Added Member To Class: ClassName=DIFF90 Member=Wire USB_DEBUG_N
Added Member To Class: ClassName=DIFF90 Member=Wire USB_DEBUG_P
Added Rule: Name=Schematic Matched Net Lengths_1
Added Rule: Name=Schematic Matched Net Lengths_5
Added Rule: Name=Schematic Supply Nets_15
Added Member To Class: ClassName=DIFF90 Member=USB_DEBUG
